Archive member included to satisfy reference by file (symbol)

/usr/lib/gcc/arm-none-eabi/10.3.1/thumb/v6-m/nofp/libgcc.a(_dvmd_tls.o)
                              CMakeFiles/sdanalyst.dir/home/miguel/pico/pico-sdk/src/rp2_common/pico_divider/divider_hardware.S.o (__aeabi_idiv0)
/usr/lib/gcc/arm-none-eabi/10.3.1/../../../arm-none-eabi/lib/thumb/v6-m/nofp/libg.a(lib_a-atexit.o)
                              /usr/lib/gcc/arm-none-eabi/10.3.1/../../../arm-none-eabi/lib/thumb/v6-m/nofp/crt0.o (atexit)
/usr/lib/gcc/arm-none-eabi/10.3.1/../../../arm-none-eabi/lib/thumb/v6-m/nofp/libg.a(lib_a-calloc.o)
                              CMakeFiles/sdanalyst.dir/home/miguel/pico/pico-sdk/src/rp2_common/pico_malloc/malloc.c.o (calloc)
/usr/lib/gcc/arm-none-eabi/10.3.1/../../../arm-none-eabi/lib/thumb/v6-m/nofp/libg.a(lib_a-callocr.o)
                              /usr/lib/gcc/arm-none-eabi/10.3.1/../../../arm-none-eabi/lib/thumb/v6-m/nofp/libg.a(lib_a-calloc.o) (_calloc_r)
/usr/lib/gcc/arm-none-eabi/10.3.1/../../../arm-none-eabi/lib/thumb/v6-m/nofp/libg.a(lib_a-fini.o)
                              /usr/lib/gcc/arm-none-eabi/10.3.1/../../../arm-none-eabi/lib/thumb/v6-m/nofp/crt0.o (__libc_fini_array)
/usr/lib/gcc/arm-none-eabi/10.3.1/../../../arm-none-eabi/lib/thumb/v6-m/nofp/libg.a(lib_a-impure.o)
                              /usr/lib/gcc/arm-none-eabi/10.3.1/../../../arm-none-eabi/lib/thumb/v6-m/nofp/libg.a(lib_a-calloc.o) (_impure_ptr)
/usr/lib/gcc/arm-none-eabi/10.3.1/../../../arm-none-eabi/lib/thumb/v6-m/nofp/libg.a(lib_a-init.o)
                              /usr/lib/gcc/arm-none-eabi/10.3.1/../../../arm-none-eabi/lib/thumb/v6-m/nofp/crt0.o (__libc_init_array)
/usr/lib/gcc/arm-none-eabi/10.3.1/../../../arm-none-eabi/lib/thumb/v6-m/nofp/libg.a(lib_a-lcltime_r.o)
                              CMakeFiles/sdanalyst.dir/home/miguel/pico/pico-sdk/src/common/pico_util/datetime.c.o (localtime_r)
/usr/lib/gcc/arm-none-eabi/10.3.1/../../../arm-none-eabi/lib/thumb/v6-m/nofp/libg.a(lib_a-malloc.o)
                              CMakeFiles/sdanalyst.dir/home/miguel/pico/pico-sdk/src/rp2_common/pico_malloc/malloc.c.o (malloc)
/usr/lib/gcc/arm-none-eabi/10.3.1/../../../arm-none-eabi/lib/thumb/v6-m/nofp/libg.a(lib_a-mallocr.o)
                              /usr/lib/gcc/arm-none-eabi/10.3.1/../../../arm-none-eabi/lib/thumb/v6-m/nofp/libg.a(lib_a-callocr.o) (_malloc_r)
/usr/lib/gcc/arm-none-eabi/10.3.1/../../../arm-none-eabi/lib/thumb/v6-m/nofp/libg.a(lib_a-memcmp.o)
                              CMakeFiles/sdanalyst.dir/src/sd_analyzer.c.o (memcmp)
/usr/lib/gcc/arm-none-eabi/10.3.1/../../../arm-none-eabi/lib/thumb/v6-m/nofp/libg.a(lib_a-mktime.o)
                              CMakeFiles/sdanalyst.dir/home/miguel/pico/pico-sdk/src/common/pico_util/datetime.c.o (mktime)
/usr/lib/gcc/arm-none-eabi/10.3.1/../../../arm-none-eabi/lib/thumb/v6-m/nofp/libg.a(lib_a-mlock.o)
                              /usr/lib/gcc/arm-none-eabi/10.3.1/../../../arm-none-eabi/lib/thumb/v6-m/nofp/libg.a(lib_a-mallocr.o) (__malloc_lock)
/usr/lib/gcc/arm-none-eabi/10.3.1/../../../arm-none-eabi/lib/thumb/v6-m/nofp/libg.a(lib_a-month_lengths.o)
                              /usr/lib/gcc/arm-none-eabi/10.3.1/../../../arm-none-eabi/lib/thumb/v6-m/nofp/libg.a(lib_a-lcltime_r.o) (__month_lengths)
/usr/lib/gcc/arm-none-eabi/10.3.1/../../../arm-none-eabi/lib/thumb/v6-m/nofp/libg.a(lib_a-realloc.o)
                              CMakeFiles/sdanalyst.dir/home/miguel/pico/pico-sdk/src/rp2_common/pico_malloc/malloc.c.o (realloc)
/usr/lib/gcc/arm-none-eabi/10.3.1/../../../arm-none-eabi/lib/thumb/v6-m/nofp/libg.a(lib_a-reallocr.o)
                              /usr/lib/gcc/arm-none-eabi/10.3.1/../../../arm-none-eabi/lib/thumb/v6-m/nofp/libg.a(lib_a-realloc.o) (_realloc_r)
/usr/lib/gcc/arm-none-eabi/10.3.1/../../../arm-none-eabi/lib/thumb/v6-m/nofp/libg.a(lib_a-sbrkr.o)
                              /usr/lib/gcc/arm-none-eabi/10.3.1/../../../arm-none-eabi/lib/thumb/v6-m/nofp/libg.a(lib_a-mallocr.o) (_sbrk_r)
/usr/lib/gcc/arm-none-eabi/10.3.1/../../../arm-none-eabi/lib/thumb/v6-m/nofp/libg.a(lib_a-strcmp.o)
                              CMakeFiles/sdanalyst.dir/src/sd_analyzer.c.o (strcmp)
/usr/lib/gcc/arm-none-eabi/10.3.1/../../../arm-none-eabi/lib/thumb/v6-m/nofp/libg.a(lib_a-strlen-stub.o)
                              CMakeFiles/sdanalyst.dir/src/sd_analyzer.c.o (strlen)
/usr/lib/gcc/arm-none-eabi/10.3.1/../../../arm-none-eabi/lib/thumb/v6-m/nofp/libg.a(lib_a-strncat.o)
                              CMakeFiles/sdanalyst.dir/src/sd_analyzer.c.o (strncat)
/usr/lib/gcc/arm-none-eabi/10.3.1/../../../arm-none-eabi/lib/thumb/v6-m/nofp/libg.a(lib_a-strncpy.o)
                              CMakeFiles/sdanalyst.dir/src/sd_analyzer.c.o (strncpy)
/usr/lib/gcc/arm-none-eabi/10.3.1/../../../arm-none-eabi/lib/thumb/v6-m/nofp/libg.a(lib_a-tzcalc_limits.o)
[...]
Memory Configuration

Name             Origin             Length             Attributes
FLASH            0x0000000010000000 0x0000000000200000 xr
RAM              0x0000000020000000 0x0000000000040000 xrw
SCRATCH_X        0x0000000020040000 0x0000000000001000 xrw
SCRATCH_Y        0x0000000020041000 0x0000000000001000 xrw
*default*        0x0000000000000000 0xffffffffffffffff

Linker script and memory map

LOAD /usr/lib/gcc/arm-none-eabi/10.3.1/thumb/v6-m/nofp/crti.o
LOAD /usr/lib/gcc/arm-none-eabi/10.3.1/thumb/v6-m/nofp/crtbegin.o
LOAD /usr/lib/gcc/arm-none-eabi/10.3.1/../../../arm-none-eabi/lib/thumb/v6-m/nofp/crt0.o

.flash_begin    0x0000000010000000        0x0
                0x0000000010000000                __flash_binary_start = .

.boot2          0x0000000010000000      0x100
                0x0000000010000000                __boot2_start__ = .
 *(.boot2)
 .boot2         0x0000000010000000      0x100 pico-sdk/src/rp2040/boot_stage2/CMakeFiles/bs2_default_library.dir/bs2_default_padded_checksummed.S.o
                0x0000000010000100                __boot2_end__ = .
                0x0000000000000001                ASSERT (((__boot2_end__ - __boot2_start__) == 0x100), ERROR: Pico second stage bootloader must be 256 bytes in size)

.text           0x0000000010000100     0x85ec
                0x0000000010000100                __logical_binary_start = .
 *(.vectors)
 .vectors       0x0000000010000100       0xd4 CMakeFiles/sdanalyst.dir/home/miguel/pico/pico-sdk/src/rp2_common/pico_crt0/crt0.S.o
                0x0000000010000100                __vectors
                0x0000000010000100                __VECTOR_TABLE
                0x00000000100001c0                isr_irq30
                0x00000000100001c0                __unhandled_user_irq
                0x00000000100001c0                isr_irq13
                0x00000000100001c0                isr_irq27
                0x00000000100001c0                isr_irq31
                0x00000000100001c0                isr_irq5
                0x00000000100001c0                isr_irq11
                0x00000000100001c0                isr_irq23
                0x00000000100001c0                isr_irq18
                0x00000000100001c0                isr_irq28
                0x00000000100001c0                isr_irq19
                0x00000000100001c0                isr_irq0
                0x00000000100001c0                isr_irq6
                0x00000000100001c0                isr_irq22
                0x00000000100001c0                isr_irq17
                0x00000000100001c0                isr_irq14
                0x00000000100001c0                __vectors_end
                0x00000000100001c0                __default_isrs_start
                0x00000000100001c0                isr_irq2
                0x00000000100001c0                isr_irq10
                0x00000000100001c0                isr_irq8
                0x00000000100001c0                isr_irq24
                0x00000000100001c0                isr_irq1
                0x00000000100001c0                isr_irq7
                0x00000000100001c0                isr_irq21
                0x00000000100001c0                isr_irq20
                0x00000000100001c0                isr_irq15
                0x00000000100001c0                isr_irq25
                0x00000000100001c0                isr_irq4
                0x00000000100001c0                isr_irq16
                0x00000000100001c0                isr_irq29
                0x00000000100001c0                isr_irq26
                0x00000000100001c0                isr_irq3
                0x00000000100001c0                isr_irq12
                0x00000000100001c0                isr_irq9
                0x00000000100001c6                unhandled_user_irq_num_in_r0
                0x00000000100001c8                isr_invalid
                0x00000000100001ca                isr_nmi
                0x00000000100001cc                isr_hardfault
                0x00000000100001ce                isr_svcall
                0x00000000100001d0                isr_pendsv
                0x00000000100001d2                isr_systick
                0x00000000100001d4                __default_isrs_end
 *(.binary_info_header)
 .binary_info_header
                0x00000000100001d4       0x14 CMakeFiles/sdanalyst.dir/home/miguel/pico/pico-sdk/src/rp2_common/pico_crt0/crt0.S.o
                0x00000000100001e8                __binary_info_header_end = .
 *(.embedded_block)
                0x00000000100001e8                __embedded_block_end = .
 *(.reset)
 .reset         0x00000000100001e8       0x9c CMakeFiles/sdanalyst.dir/home/miguel/pico/pico-sdk/src/rp2_common/pico_crt0/crt0.S.o
                0x00000000100001e8                _entry_point
 *(.init)
 .init          0x0000000010000284        0x4 /usr/lib/gcc/arm-none-eabi/10.3.1/thumb/v6-m/nofp/crti.o
                0x0000000010000284                _init
 *(EXCLUDE_FILE(*libm.a: *libc.a:*lib_a-mem*.o *libgcc.a:) .text*)
 .text          0x0000000010000288       0x98 /usr/lib/gcc/arm-none-eabi/10.3.1/thumb/v6-m/nofp/crtbegin.o
 .text.startup.main
                0x0000000010000320      0x11c CMakeFiles/sdanalyst.dir/src/main_optimized.c.o
                0x0000000010000320                main
 .text.sd_send_command
                0x000000001000043c      0x108 CMakeFiles/sdanalyst.dir/src/sd_card.c.o
 .text.sd_send_command.constprop.0
                0x0000000010000544       0xf8 CMakeFiles/sdanalyst.dir/src/sd_card.c.o
 .text.sd_init  0x000000001000063c      0x444 CMakeFiles/sdanalyst.dir/src/sd_card.c.o
                0x000000001000063c                sd_init
 .text.sd_read_block
                0x0000000010000a80       0xfc CMakeFiles/sdanalyst.dir/src/sd_card.c.o
                0x0000000010000a80                sd_read_block
 .text.sd_get_info
                0x0000000010000b7c       0x1c CMakeFiles/sdanalyst.dir/src/sd_card.c.o
                0x0000000010000b7c                sd_get_info
 .text.sd_analyzer_init
                0x0000000010000b98       0xa4 CMakeFiles/sdanalyst.dir/src/sd_analyzer.c.o
                0x0000000010000b98                sd_analyzer_init
 .text.sd_analyzer_get_info
                0x0000000010000c3c       0xa4 CMakeFiles/sdanalyst.dir/src/sd_analyzer.c.o
                0x0000000010000c3c                sd_analyzer_get_info
 .text.sd_analyzer_print_card_info
                0x0000000010000ce0       0x84 CMakeFiles/sdanalyst.dir/src/sd_analyzer.c.o
                0x0000000010000ce0                sd_analyzer_print_card_info
 .text.sd_analyzer_print_banner
                0x0000000010000d64       0x4c CMakeFiles/sdanalyst.dir/src/sd_analyzer.c.o
                0x0000000010000d64                sd_analyzer_print_banner
 .text.sd_analyzer_detect_filesystem
                0x0000000010000db0      0x204 CMakeFiles/sdanalyst.dir/src/sd_analyzer.c.o
                0x0000000010000db0                sd_analyzer_detect_filesystem
 .text.sd_analyzer_parse_mbr
                0x0000000010000fb4      0x224 CMakeFiles/sdanalyst.dir/src/sd_analyzer.c.o
                0x0000000010000fb4                sd_analyzer_parse_mbr
 .text.sd_analyzer_parse_gpt
                0x00000000100011d8      0x2cc CMakeFiles/sdanalyst.dir/src/sd_analyzer.c.o
                0x00000000100011d8                sd_analyzer_parse_gpt
 .text.sd_analyzer_read_and_display_sector
                0x00000000100014a4      0x12c CMakeFiles/sdanalyst.dir/src/sd_analyzer.c.o
                0x00000000100014a4                sd_analyzer_read_and_display_sector
 .text.sd_analyzer_list_fat_directory
                0x00000000100015d0      0x5f0 CMakeFiles/sdanalyst.dir/src/sd_analyzer.c.o
                0x00000000100015d0                sd_analyzer_list_fat_directory
 .text.sd_analyzer_analyze_fat
                0x0000000010001bc0       0xd8 CMakeFiles/sdanalyst.dir/src/sd_analyzer.c.o
                0x0000000010001bc0                sd_analyzer_analyze_fat
 .text.gpio_set_function
                0x0000000010001c98       0x34 CMakeFiles/sdanalyst.dir/home/miguel/pico/pico-sdk/src/rp2_common/hardware_gpio/gpio.c.o
                0x0000000010001c98                gpio_set_function
 .text.gpio_init
                0x0000000010001ccc       0x40 CMakeFiles/sdanalyst.dir/home/miguel/pico/pico-sdk/src/rp2_common/hardware_gpio/gpio.c.o
                0x0000000010001ccc                gpio_init
 .text.rp2040_chip_version
                0x0000000010001d0c        0xc CMakeFiles/sdanalyst.dir/home/miguel/pico/pico-sdk/src/rp2040/pico_platform/platform.c.o
                0x0000000010001d0c                rp2040_chip_version
 .text.panic    0x0000000010001d18       0x30 CMakeFiles/sdanalyst.dir/home/miguel/pico/pico-sdk/src/rp2_common/pico_platform_panic/panic.c.o
                0x0000000010001d18                panic
 .text.hw_claim_or_assert
                0x0000000010001d48       0x44 CMakeFiles/sdanalyst.dir/home/miguel/pico/pico-sdk/src/common/hardware_claim/claim.c.o
                0x0000000010001d48                hw_claim_or_assert
 .text.hw_claim_unused_from_range
                0x0000000010001d8c       0x9c CMakeFiles/sdanalyst.dir/home/miguel/pico/pico-sdk/src/common/hardware_claim/claim.c.o
                0x0000000010001d8c                hw_claim_unused_from_range
 .text.next_striped_spin_lock_num
                0x0000000010001e28       0x18 CMakeFiles/sdanalyst.dir/home/miguel/pico/pico-sdk/src/rp2_common/hardware_sync/sync.c.o
                0x0000000010001e28                next_striped_spin_lock_num
 .text.spin_lock_claim_unused
                0x0000000010001e40       0x20 CMakeFiles/sdanalyst.dir/home/miguel/pico/pico-sdk/src/rp2_common/hardware_sync/sync.c.o
                0x0000000010001e40                spin_lock_claim_unused
 .text.spin_locks_reset
                0x0000000010001e60       0x1c CMakeFiles/sdanalyst.dir/home/miguel/pico/pico-sdk/src/rp2_common/hardware_sync_spin_lock/sync_spin_lock.c.o
                0x0000000010001e60                spin_locks_reset
 .text.runtime_init_per_core_irq_priorities
                0x0000000010001e7c       0x24 CMakeFiles/sdanalyst.dir/home/miguel/pico/pico-sdk/src/rp2_common/hardware_irq/irq.c.o
                0x0000000010001e7c                runtime_init_per_core_irq_priorities
 .text.irq_set_enabled
                0x0000000010001ea0       0x24 CMakeFiles/sdanalyst.dir/home/miguel/pico/pico-sdk/src/rp2_common/hardware_irq/irq.c.o
                0x0000000010001ea0                irq_set_enabled
 .text.irq_is_enabled
                0x0000000010001ec4       0x18 CMakeFiles/sdanalyst.dir/home/miguel/pico/pico-sdk/src/rp2_common/hardware_irq/irq.c.o
                0x0000000010001ec4                irq_is_enabled
 .text.irq_set_pending
                0x0000000010001edc       0x10 CMakeFiles/sdanalyst.dir/home/miguel/pico/pico-sdk/src/rp2_common/hardware_irq/irq.c.o
                0x0000000010001edc                irq_set_pending
 .text.irq_has_shared_handler
                0x0000000010001eec       0x24 CMakeFiles/sdanalyst.dir/home/miguel/pico/pico-sdk/src/rp2_common/hardware_irq/irq.c.o
                0x0000000010001eec                irq_has_shared_handler
 .text.irq_set_exclusive_handler
                0x0000000010001f10       0x54 CMakeFiles/sdanalyst.dir/home/miguel/pico/pico-sdk/src/rp2_common/hardware_irq/irq.c.o
                0x0000000010001f10                irq_set_exclusive_handler
 .text.irq_add_shared_handler
                0x0000000010001f64      0x1e8 CMakeFiles/sdanalyst.dir/home/miguel/pico/pico-sdk/src/rp2_common/hardware_irq/irq.c.o
                0x0000000010001f64                irq_add_shared_handler
 .text.irq_add_tail_to_free_list
                0x000000001000214c       0xb4 CMakeFiles/sdanalyst.dir/home/miguel/pico/pico-sdk/src/rp2_common/hardware_irq/irq.c.o
                0x000000001000214c                irq_add_tail_to_free_list
 .text.user_irq_claim_unused
                0x0000000010002200       0x28 CMakeFiles/sdanalyst.dir/home/miguel/pico/pico-sdk/src/rp2_common/hardware_irq/irq.c.o
                0x0000000010002200                user_irq_claim_unused
 .text.lock_init
                0x0000000010002228       0x10 CMakeFiles/sdanalyst.dir/home/miguel/pico/pico-sdk/src/common/pico_sync/lock_core.c.o
                0x0000000010002228                lock_init
 .text.runtime_init_mutex
                0x0000000010002238       0x58 CMakeFiles/sdanalyst.dir/home/miguel/pico/pico-sdk/src/common/pico_sync/mutex.c.o
                0x0000000010002238                runtime_init_mutex
 .text.mutex_init
                0x0000000010002290       0x1c CMakeFiles/sdanalyst.dir/home/miguel/pico/pico-sdk/src/common/pico_sync/mutex.c.o
                0x0000000010002290                mutex_init
 .text.critical_section_init
                0x00000000100022ac       0x20 CMakeFiles/sdanalyst.dir/home/miguel/pico/pico-sdk/src/common/pico_sync/critical_section.c.o
                0x00000000100022ac                critical_section_init
 .text.critical_section_init_with_lock_num
                0x00000000100022cc       0x14 CMakeFiles/sdanalyst.dir/home/miguel/pico/pico-sdk/src/common/pico_sync/critical_section.c.o
                0x00000000100022cc                critical_section_init_with_lock_num
 .text.sleep_until_callback
                0x00000000100022e0       0x30 CMakeFiles/sdanalyst.dir/home/miguel/pico/pico-sdk/src/common/pico_time/time.c.o
 .text.alarm_pool_irq_handler
                0x0000000010002310      0x308 CMakeFiles/sdanalyst.dir/home/miguel/pico/pico-sdk/src/common/pico_time/time.c.o
 .text.runtime_init_default_alarm_pool
                0x0000000010002618       0xdc CMakeFiles/sdanalyst.dir/home/miguel/pico/pico-sdk/src/common/pico_time/time.c.o
                0x0000000010002618                runtime_init_default_alarm_pool
 .text.alarm_pool_get_default
                0x00000000100026f4        0x8 CMakeFiles/sdanalyst.dir/home/miguel/pico/pico-sdk/src/common/pico_time/time.c.o
                0x00000000100026f4                alarm_pool_get_default
 .text.alarm_pool_add_alarm_at
                0x00000000100026fc       0xc8 CMakeFiles/sdanalyst.dir/home/miguel/pico/pico-sdk/src/common/pico_time/time.c.o
                0x00000000100026fc                alarm_pool_add_alarm_at
 .text.alarm_pool_add_alarm_at_force_in_context
                0x00000000100027c4       0xb0 CMakeFiles/sdanalyst.dir/home/miguel/pico/pico-sdk/src/common/pico_time/time.c.o
                0x00000000100027c4                alarm_pool_add_alarm_at_force_in_context
 .text.alarm_pool_cancel_alarm
                0x0000000010002874       0x7c CMakeFiles/sdanalyst.dir/home/miguel/pico/pico-sdk/src/common/pico_time/time.c.o
                0x0000000010002874                alarm_pool_cancel_alarm
 .text.alarm_pool_core_num
                0x00000000100028f0        0x4 CMakeFiles/sdanalyst.dir/home/miguel/pico/pico-sdk/src/common/pico_time/time.c.o
                0x00000000100028f0                alarm_pool_core_num
 .text.sleep_until
                0x00000000100028f4       0xd0 CMakeFiles/sdanalyst.dir/home/miguel/pico/pico-sdk/src/common/pico_time/time.c.o
                0x00000000100028f4                sleep_until
 .text.sleep_ms
                0x00000000100029c4       0x34 CMakeFiles/sdanalyst.dir/home/miguel/pico/pico-sdk/src/common/pico_time/time.c.o
                0x00000000100029c4                sleep_ms
 .text.best_effort_wfe_or_timeout
                0x00000000100029f8       0xfc CMakeFiles/sdanalyst.dir/home/miguel/pico/pico-sdk/src/common/pico_time/time.c.o
                0x00000000100029f8                best_effort_wfe_or_timeout
 .text.timer_hardware_alarm_claim
                0x0000000010002af4       0x14 CMakeFiles/sdanalyst.dir/home/miguel/pico/pico-sdk/src/rp2_common/hardware_timer/timer.c.o
                0x0000000010002af4                timer_hardware_alarm_claim
 .text.timer_time_us_64
                0x0000000010002b08       0x10 CMakeFiles/sdanalyst.dir/home/miguel/pico/pico-sdk/src/rp2_common/hardware_timer/timer.c.o
                0x0000000010002b08                timer_time_us_64
 .text.time_us_64
                0x0000000010002b18       0x14 CMakeFiles/sdanalyst.dir/home/miguel/pico/pico-sdk/src/rp2_common/hardware_timer/timer.c.o
                0x0000000010002b18                time_us_64
 .text.busy_wait_until
                0x0000000010002b2c       0x20 CMakeFiles/sdanalyst.dir/home/miguel/pico/pico-sdk/src/rp2_common/hardware_timer/timer.c.o
                0x0000000010002b2c                busy_wait_until
 .text.clock_configure_int_divider
                0x0000000010002b4c       0xf4 CMakeFiles/sdanalyst.dir/home/miguel/pico/pico-sdk/src/rp2_common/hardware_clocks/clocks.c.o
                0x0000000010002b4c                clock_configure_int_divider
 .text.clock_configure_undivided
                0x0000000010002c40       0xe8 CMakeFiles/sdanalyst.dir/home/miguel/pico/pico-sdk/src/rp2_common/hardware_clocks/clocks.c.o
                0x0000000010002c40                clock_configure_undivided
 .text.clock_get_hz
                0x0000000010002d28        0xc CMakeFiles/sdanalyst.dir/home/miguel/pico/pico-sdk/src/rp2_common/hardware_clocks/clocks.c.o
                0x0000000010002d28                clock_get_hz
 .text.pll_init
                0x0000000010002d34       0xa0 CMakeFiles/sdanalyst.dir/home/miguel/pico/pico-sdk/src/rp2_common/hardware_pll/pll.c.o
                0x0000000010002d34                pll_init
 .text.watchdog_reboot
                0x0000000010002dd4       0x98 CMakeFiles/sdanalyst.dir/home/miguel/pico/pico-sdk/src/rp2_common/hardware_watchdog/watchdog.c.o
                0x0000000010002dd4                watchdog_reboot
 .text.tick_start
                0x0000000010002e6c       0x10 CMakeFiles/sdanalyst.dir/home/miguel/pico/pico-sdk/src/rp2_common/hardware_ticks/ticks.c.o
                0x0000000010002e6c                tick_start
 .text.rom_func_lookup
                0x0000000010002e7c       0x10 CMakeFiles/sdanalyst.dir/home/miguel/pico/pico-sdk/src/rp2_common/pico_bootrom/bootrom.c.o
                0x0000000010002e7c                rom_func_lookup
 .text.rom_data_lookup
                0x0000000010002e8c       0x10 CMakeFiles/sdanalyst.dir/home/miguel/pico/pico-sdk/src/rp2_common/pico_bootrom/bootrom.c.o
                0x0000000010002e8c                rom_data_lookup
 .text.rom_funcs_lookup
                0x0000000010002e9c       0x44 CMakeFiles/sdanalyst.dir/home/miguel/pico/pico-sdk/src/rp2_common/pico_bootrom/bootrom.c.o
                0x0000000010002e9c                rom_funcs_lookup
 .text.rom_reset_usb_boot_extra
                0x0000000010002ee0       0x28 CMakeFiles/sdanalyst.dir/home/miguel/pico/pico-sdk/src/rp2_common/pico_bootrom/bootrom.c.o
                0x0000000010002ee0                rom_reset_usb_boot_extra
 .text.xosc_init
                0x0000000010002f08       0x28 CMakeFiles/sdanalyst.dir/home/miguel/pico/pico-sdk/src/rp2_common/hardware_xosc/xosc.c.o
                0x0000000010002f08                xosc_init
 .text.first_per_core_initializer
                0x0000000010002f30        0x4 CMakeFiles/sdanalyst.dir/home/miguel/pico/pico-sdk/src/rp2_common/pico_runtime/runtime.c.o
 .text.hard_assertion_failure
                0x0000000010002f34        0xc CMakeFiles/sdanalyst.dir/home/miguel/pico/pico-sdk/src/rp2_common/pico_runtime/runtime.c.o
                0x0000000010002f34                hard_assertion_failure
 .text.runtime_run_initializers
                0x0000000010002f40       0x28 CMakeFiles/sdanalyst.dir/home/miguel/pico/pico-sdk/src/rp2_common/pico_runtime/runtime.c.o
                0x0000000010002f40                runtime_run_initializers
 .text.runtime_init_early_resets
                0x0000000010002f68       0x2c CMakeFiles/sdanalyst.dir/home/miguel/pico/pico-sdk/src/rp2_common/pico_runtime_init/runtime_init.c.o
                0x0000000010002f68                runtime_init_early_resets
 .text.runtime_init_usb_power_down
                0x0000000010002f94       0x1c CMakeFiles/sdanalyst.dir/home/miguel/pico/pico-sdk/src/rp2_common/pico_runtime_init/runtime_init.c.o
                0x0000000010002f94                runtime_init_usb_power_down
 .text.runtime_init_post_clock_resets
                0x0000000010002fb0       0x20 CMakeFiles/sdanalyst.dir/home/miguel/pico/pico-sdk/src/rp2_common/pico_runtime_init/runtime_init.c.o
                0x0000000010002fb0                runtime_init_post_clock_resets
 .text.runtime_init_rp2040_gpio_ie_disable
                0x0000000010002fd0       0x14 CMakeFiles/sdanalyst.dir/home/miguel/pico/pico-sdk/src/rp2_common/pico_runtime_init/runtime_init.c.o
                0x0000000010002fd0                runtime_init_rp2040_gpio_ie_disable
 .text.runtime_init_spin_locks_reset
                0x0000000010002fe4        0x8 CMakeFiles/sdanalyst.dir/home/miguel/pico/pico-sdk/src/rp2_common/pico_runtime_init/runtime_init.c.o
                0x0000000010002fe4                runtime_init_spin_locks_reset
 .text.runtime_init_install_ram_vector_table
                0x0000000010002fec       0xcc CMakeFiles/sdanalyst.dir/home/miguel/pico/pico-sdk/src/rp2_common/pico_runtime_init/runtime_init.c.o
                0x0000000010002fec                runtime_init_install_ram_vector_table
 .text.runtime_init_clocks
                0x00000000100030b8       0xd8 CMakeFiles/sdanalyst.dir/home/miguel/pico/pico-sdk/src/rp2_common/pico_runtime_init/runtime_init_clocks.c.o
                0x00000000100030b8                runtime_init_clocks
 .text          0x0000000010003190       0x10 CMakeFiles/sdanalyst.dir/home/miguel/pico/pico-sdk/src/rp2_common/pico_bit_ops/bit_ops_aeabi.S.o
 .text.__wrap___aeabi_idiv
                0x00000000100031a0       0x50 CMakeFiles/sdanalyst.dir/home/miguel/pico/pico-sdk/src/rp2_common/pico_divider/divider_hardware.S.o
                0x00000000100031a0                __wrap___aeabi_idivmod
                0x00000000100031a0                divmod_s32s32
                0x00000000100031a0                div_s32s32
                0x00000000100031a0                __wrap___aeabi_idiv
                0x00000000100031a8                divmod_s32s32_unsafe
                0x00000000100031d4                divmod_s32s32_savestate
 .text.__wrap___aeabi_uidiv
                0x00000000100031f0       0x4c CMakeFiles/sdanalyst.dir/home/miguel/pico/pico-sdk/src/rp2_common/pico_divider/divider_hardware.S.o
                0x00000000100031f0                __wrap___aeabi_uidiv
                0x00000000100031f0                __wrap___aeabi_uidivmod
                0x00000000100031f0                div_u32u32
                0x00000000100031f0                divmod_u32u32
                0x00000000100031f8                divmod_u32u32_unsafe
                0x0000000010003220                divmod_u32u32_savestate
 .text.__wrap___aeabi_ldiv
                0x000000001000323c      0x424 CMakeFiles/sdanalyst.dir/home/miguel/pico/pico-sdk/src/rp2_common/pico_divider/divider_hardware.S.o
                0x000000001000323c                div_s64s64
                0x000000001000323c                divmod_s64s64
                0x000000001000323c                __wrap___aeabi_ldivmod
                0x000000001000326c                div_u64u64
                0x000000001000326c                divmod_u64u64
                0x000000001000326c                __wrap___aeabi_uldivmod
                0x000000001000327c                divmod_u64u64_savestate
                0x000000001000329c                divmod_s64s64_unsafe
                0x0000000010003324                divmod_u64u64_unsafe
 .text.__wrap___aeabi_darithmetic
                0x0000000010003660       0x80 CMakeFiles/sdanalyst.dir/home/miguel/pico/pico-sdk/src/rp2_common/pico_double/double_aeabi_rp2040.S.o
                0x0000000010003660                __wrap___aeabi_drsub
                0x0000000010003666                __wrap___aeabi_dsub
                0x0000000010003678                __wrap___aeabi_dadd
                0x000000001000368a                __wrap___aeabi_ddiv
                0x00000000100036c6                __wrap___aeabi_dmul
 .text.__wrap___aeabi_cdcmple
                0x00000000100036e0       0x6c CMakeFiles/sdanalyst.dir/home/miguel/pico/pico-sdk/src/rp2_common/pico_double/double_aeabi_rp2040.S.o
                0x00000000100036e0                __wrap___aeabi_cdrcmple
                0x00000000100036f0                __wrap___aeabi_cdcmple
                0x00000000100036f0                __wrap___aeabi_cdcmpeq
 .text.__wrap___aeabi_dcmplt
                0x000000001000374c        0xc CMakeFiles/sdanalyst.dir/home/miguel/pico/pico-sdk/src/rp2_common/pico_double/double_aeabi_rp2040.S.o
                0x000000001000374c                __wrap___aeabi_dcmplt
 .text.__wrap___aeabi_dcmple
                0x0000000010003758       0x10 CMakeFiles/sdanalyst.dir/home/miguel/pico/pico-sdk/src/rp2_common/pico_double/double_aeabi_rp2040.S.o
                0x0000000010003758                __wrap___aeabi_dcmple
 .text.__wrap___aeabi_dcmpge
                0x0000000010003768       0x10 CMakeFiles/sdanalyst.dir/home/miguel/pico/pico-sdk/src/rp2_common/pico_double/double_aeabi_rp2040.S.o
                0x0000000010003768                __wrap___aeabi_dcmpge
 .text.__wrap___aeabi_dcmpgt
                0x0000000010003778        0xa CMakeFiles/sdanalyst.dir/home/miguel/pico/pico-sdk/src/rp2_common/pico_double/double_aeabi_rp2040.S.o
                0x0000000010003778                __wrap___aeabi_dcmpgt
 .text.__wrap___aeabi_dcmpun
                0x0000000010003782       0x18 CMakeFiles/sdanalyst.dir/home/miguel/pico/pico-sdk/src/rp2_common/pico_double/double_aeabi_rp2040.S.o
                0x0000000010003782                __wrap___aeabi_dcmpun
 *fill*         0x000000001000379a        0x2 
 .text.__wrap___aeabi_i2d
                0x000000001000379c       0x38 CMakeFiles/sdanalyst.dir/home/miguel/pico/pico-sdk/src/rp2_common/pico_double/double_aeabi_rp2040.S.o
                0x000000001000379c                __wrap___aeabi_ui2d
                0x000000001000379c                uint2double
                0x00000000100037a4                __wrap___aeabi_i2d
                0x00000000100037a4                int2double
 .text.__wrap___aeabi_d2iz
                0x00000000100037d4       0x48 CMakeFiles/sdanalyst.dir/home/miguel/pico/pico-sdk/src/rp2_common/pico_double/double_aeabi_rp2040.S.o
                0x00000000100037d4                __wrap___aeabi_d2iz
                0x00000000100037d4                double2int_z
 .text.__wrap___aeabi_d2uiz
                0x000000001000381c       0x18 CMakeFiles/sdanalyst.dir/home/miguel/pico/pico-sdk/src/rp2_common/pico_double/double_aeabi_rp2040.S.o
                0x000000001000381c                double2uint_z
                0x000000001000381c                double2uint
                0x000000001000381c                __wrap___aeabi_d2uiz
 .text.__wrap___aeabi_ul2d
                0x0000000010003834       0x18 CMakeFiles/sdanalyst.dir/home/miguel/pico/pico-sdk/src/rp2_common/pico_double/double_aeabi_rp2040.S.o
                0x0000000010003834                uint642double
                0x0000000010003834                __wrap___aeabi_ul2d
 .text.__aeabi_double_init
                0x000000001000384c       0xa0 CMakeFiles/sdanalyst.dir/home/miguel/pico/pico-sdk/src/rp2_common/pico_double/double_init_rom_rp2040.c.o
                0x000000001000384c                __aeabi_double_init
 .text.double_table_shim_on_use_helper
                0x00000000100038ec       0x2c CMakeFiles/sdanalyst.dir/home/miguel/pico/pico-sdk/src/rp2_common/pico_double/double_v1_rom_shim_rp2040.S.o
                0x00000000100038ec                double_table_shim_on_use_helper
 .text.__wrap___aeabi_dsub
                0x0000000010003918       0x10 CMakeFiles/sdanalyst.dir/home/miguel/pico/pico-sdk/src/rp2_common/pico_double/double_v1_rom_shim_rp2040.S.o
                0x0000000010003918                drsub_shim
                0x000000001000391e                dsub_shim
 .text.dadd_shim
                0x0000000010003928      0x15c CMakeFiles/sdanalyst.dir/home/miguel/pico/pico-sdk/src/rp2_common/pico_double/double_v1_rom_shim_rp2040.S.o
                0x0000000010003928                dadd_shim
 .text.dmul_shim
                0x0000000010003a84      0x15c CMakeFiles/sdanalyst.dir/home/miguel/pico/pico-sdk/src/rp2_common/pico_double/double_v1_rom_shim_rp2040.S.o
                0x0000000010003a84                dmul_shim
 .text.ddiv_shim
                0x0000000010003be0      0x1b0 CMakeFiles/sdanalyst.dir/home/miguel/pico/pico-sdk/src/rp2_common/pico_double/double_v1_rom_shim_rp2040.S.o
                0x0000000010003be0                ddiv_shim
 .text.double2uint_shim
                0x0000000010003d90        0xe CMakeFiles/sdanalyst.dir/home/miguel/pico/pico-sdk/src/rp2_common/pico_double/double_v1_rom_shim_rp2040.S.o
                0x0000000010003d90                double2uint_shim
                0x0000000010003d92                double2ufix_shim
 *fill*         0x0000000010003d9e        0x2 
 .text.double2uint64_shim
                0x0000000010003da0       0x70 CMakeFiles/sdanalyst.dir/home/miguel/pico/pico-sdk/src/rp2_common/pico_double/double_v1_rom_shim_rp2040.S.o
                0x0000000010003da0                double2uint64_shim
                0x0000000010003da2                double2ufix64_shim
                0x0000000010003dc2                d2fix_a
 .text.x2double_shims
                0x0000000010003e10       0x90 CMakeFiles/sdanalyst.dir/home/miguel/pico/pico-sdk/src/rp2_common/pico_double/double_v1_rom_shim_rp2040.S.o
                0x0000000010003e10                uint2double_shim
                0x0000000010003e12                ufix2double_shim
                0x0000000010003e18                int2double_shim
                0x0000000010003e1a                fix2double_shim
                0x0000000010003e20                uint642double_shim
                0x0000000010003e22                ufix642double_shim
                0x0000000010003e28                int642double_shim
                0x0000000010003e2a                fix642double_shim
 .text.dunpacks
                0x0000000010003ea0       0x3c CMakeFiles/sdanalyst.dir/home/miguel/pico/pico-sdk/src/rp2_common/pico_double/double_v1_rom_shim_rp2040.S.o
                0x0000000010003ea0                dunpacks
 .text.__aeabi_lmul
                0x0000000010003edc       0x32 CMakeFiles/sdanalyst.dir/home/miguel/pico/pico-sdk/src/rp2_common/pico_int64_ops/pico_int64_ops_aeabi.S.o
                0x0000000010003edc                __wrap___aeabi_lmul
 *fill*         0x0000000010003f0e        0x2 
 .text.__aeabi_float_init
                0x0000000010003f10       0x64 CMakeFiles/sdanalyst.dir/home/miguel/pico/pico-sdk/src/rp2_common/pico_float/float_init_rom_rp2040.c.o
                0x0000000010003f10                __aeabi_float_init
 .text.float_table_shim_on_use_helper
                0x0000000010003f74       0x2c CMakeFiles/sdanalyst.dir/home/miguel/pico/pico-sdk/src/rp2_common/pico_float/float_v1_rom_shim_rp2040.S.o
                0x0000000010003f74                float_table_shim_on_use_helper
 .text          0x0000000010003fa0       0x10 CMakeFiles/sdanalyst.dir/home/miguel/pico/pico-sdk/src/rp2_common/pico_mem_ops/mem_ops_aeabi.S.o
                0x0000000010003fa0                __aeabi_mem_init
 .text.memset   0x0000000010003fb0        0xc CMakeFiles/sdanalyst.dir/home/miguel/pico/pico-sdk/src/rp2_common/pico_mem_ops/mem_ops_aeabi.S.o
                0x0000000010003fb0                __wrap_memset
 .text.memcpy   0x0000000010003fbc        0xc CMakeFiles/sdanalyst.dir/home/miguel/pico/pico-sdk/src/rp2_common/pico_mem_ops/mem_ops_aeabi.S.o
                0x0000000010003fbc                __wrap___aeabi_memcpy
                0x0000000010003fbc                __wrap_memcpy
 .text._out_buffer
                0x0000000010003fc8        0x8 CMakeFiles/sdanalyst.dir/home/miguel/pico/pico-sdk/src/rp2_common/pico_printf/printf.c.o
 .text._out_null
                0x0000000010003fd0        0x4 CMakeFiles/sdanalyst.dir/home/miguel/pico/pico-sdk/src/rp2_common/pico_printf/printf.c.o
 .text._out_rev
                0x0000000010003fd4       0x9c CMakeFiles/sdanalyst.dir/home/miguel/pico/pico-sdk/src/rp2_common/pico_printf/printf.c.o
 .text._ntoa_format
                0x0000000010004070      0x1cc CMakeFiles/sdanalyst.dir/home/miguel/pico/pico-sdk/src/rp2_common/pico_printf/printf.c.o
 .text._out_char
                0x000000001000423c       0x10 CMakeFiles/sdanalyst.dir/home/miguel/pico/pico-sdk/src/rp2_common/pico_printf/printf.c.o
 .text._out_fct
                0x000000001000424c       0x10 CMakeFiles/sdanalyst.dir/home/miguel/pico/pico-sdk/src/rp2_common/pico_printf/printf.c.o
 .text._etoa    0x000000001000425c      0x44c CMakeFiles/sdanalyst.dir/home/miguel/pico/pico-sdk/src/rp2_common/pico_printf/printf.c.o
 .text._ftoa    0x00000000100046a8      0x398 CMakeFiles/sdanalyst.dir/home/miguel/pico/pico-sdk/src/rp2_common/pico_printf/printf.c.o
 .text._vsnprintf
                0x0000000010004a40      0xb04 CMakeFiles/sdanalyst.dir/home/miguel/pico/pico-sdk/src/rp2_common/pico_printf/printf.c.o
 .text.__wrap_snprintf
                0x0000000010005544       0x28 CMakeFiles/sdanalyst.dir/home/miguel/pico/pico-sdk/src/rp2_common/pico_printf/printf.c.o
                0x0000000010005544                __wrap_snprintf
 .text.vfctprintf
                0x000000001000556c       0x20 CMakeFiles/sdanalyst.dir/home/miguel/pico/pico-sdk/src/rp2_common/pico_printf/printf.c.o
                0x000000001000556c                vfctprintf
 .text.weak_raw_vprintf
                0x000000001000558c       0x30 CMakeFiles/sdanalyst.dir/home/miguel/pico/pico-sdk/src/rp2_common/pico_printf/printf.c.o
                0x000000001000558c                weak_raw_vprintf
 .text._exit    0x00000000100055bc        0x4 CMakeFiles/sdanalyst.dir/home/miguel/pico/pico-sdk/src/rp2_common/pico_clib_interface/newlib_interface.c.o
                0x00000000100055bc                _exit
 .text.exit     0x00000000100055c0        0x8 CMakeFiles/sdanalyst.dir/home/miguel/pico/pico-sdk/src/rp2_common/pico_clib_interface/newlib_interface.c.o
                0x00000000100055c0                exit
 .text.runtime_init
                0x00000000100055c8       0x2c CMakeFiles/sdanalyst.dir/home/miguel/pico/pico-sdk/src/rp2_common/pico_clib_interface/newlib_interface.c.o
                0x00000000100055c8                runtime_init
 .text.stdio_out_chars_no_crlf
                0x00000000100055f4       0x10 CMakeFiles/sdanalyst.dir/home/miguel/pico/pico-sdk/src/rp2_common/pico_stdio/stdio.c.o
 .text.stdio_out_chars_crlf
                0x0000000010005604       0xb4 CMakeFiles/sdanalyst.dir/home/miguel/pico/pico-sdk/src/rp2_common/pico_stdio/stdio.c.o
 .text.stdio_buffered_printer
                0x00000000100056b8       0x64 CMakeFiles/sdanalyst.dir/home/miguel/pico/pico-sdk/src/rp2_common/pico_stdio/stdio.c.o
 .text.stdio_put_string
                0x000000001000571c      0x100 CMakeFiles/sdanalyst.dir/home/miguel/pico/pico-sdk/src/rp2_common/pico_stdio/stdio.c.o
                0x000000001000571c                stdio_put_string
 .text.stdio_set_driver_enabled
                0x000000001000581c       0x30 CMakeFiles/sdanalyst.dir/home/miguel/pico/pico-sdk/src/rp2_common/pico_stdio/stdio.c.o
                0x000000001000581c                stdio_set_driver_enabled
 .text.stdio_init_all
                0x000000001000584c        0x8 CMakeFiles/sdanalyst.dir/home/miguel/pico/pico-sdk/src/rp2_common/pico_stdio/stdio.c.o
                0x000000001000584c                stdio_init_all
 .text.__wrap_putchar
                0x0000000010005854       0x98 CMakeFiles/sdanalyst.dir/home/miguel/pico/pico-sdk/src/rp2_common/pico_stdio/stdio.c.o
                0x0000000010005854                stdio_putchar
                0x0000000010005854                __wrap_putchar
 .text.__wrap_puts
                0x00000000100058ec       0x3c CMakeFiles/sdanalyst.dir/home/miguel/pico/pico-sdk/src/rp2_common/pico_stdio/stdio.c.o
                0x00000000100058ec                __wrap_puts
                0x00000000100058ec                stdio_puts
 .text.__wrap_vprintf
                0x0000000010005928       0xd8 CMakeFiles/sdanalyst.dir/home/miguel/pico/pico-sdk/src/rp2_common/pico_stdio/stdio.c.o
                0x0000000010005928                __wrap_vprintf
                0x0000000010005928                stdio_vprintf
 .text.__wrap_printf
                0x0000000010005a00       0x18 CMakeFiles/sdanalyst.dir/home/miguel/pico/pico-sdk/src/rp2_common/pico_stdio/stdio.c.o
                0x0000000010005a00                stdio_printf
                0x0000000010005a00                __wrap_printf
 .text.resetd_init
                0x0000000010005a18        0x4 CMakeFiles/sdanalyst.dir/home/miguel/pico/pico-sdk/src/rp2_common/pico_stdio_usb/reset_interface.c.o
 .text.resetd_reset
                0x0000000010005a1c        0xc CMakeFiles/sdanalyst.dir/home/miguel/pico/pico-sdk/src/rp2_common/pico_stdio_usb/reset_interface.c.o
 .text.resetd_open
                0x0000000010005a28       0x28 CMakeFiles/sdanalyst.dir/home/miguel/pico/pico-sdk/src/rp2_common/pico_stdio_usb/reset_interface.c.o
 .text.resetd_xfer_cb
                0x0000000010005a50        0x4 CMakeFiles/sdanalyst.dir/home/miguel/pico/pico-sdk/src/rp2_common/pico_stdio_usb/reset_interface.c.o
 .text.resetd_control_xfer_cb
                0x0000000010005a54       0x60 CMakeFiles/sdanalyst.dir/home/miguel/pico/pico-sdk/src/rp2_common/pico_stdio_usb/reset_interface.c.o
 .text.tud_descriptor_bos_cb
                0x0000000010005ab4        0x8 CMakeFiles/sdanalyst.dir/home/miguel/pico/pico-sdk/src/rp2_common/pico_stdio_usb/reset_interface.c.o
                0x0000000010005ab4                tud_descriptor_bos_cb
 .text.tud_vendor_control_xfer_cb
                0x0000000010005abc       0x34 CMakeFiles/sdanalyst.dir/home/miguel/pico/pico-sdk/src/rp2_common/pico_stdio_usb/reset_interface.c.o
                0x0000000010005abc                tud_vendor_control_xfer_cb
 .text.usbd_app_driver_get_cb
                0x0000000010005af0        0xc CMakeFiles/sdanalyst.dir/home/miguel/pico/pico-sdk/src/rp2_common/pico_stdio_usb/reset_interface.c.o
                0x0000000010005af0                usbd_app_driver_get_cb
 .text.tud_cdc_line_coding_cb
                0x0000000010005afc       0x2c CMakeFiles/sdanalyst.dir/home/miguel/pico/pico-sdk/src/rp2_common/pico_stdio_usb/reset_interface.c.o
                0x0000000010005afc                tud_cdc_line_coding_cb
 .text.stdio_usb_set_chars_available_callback
                0x0000000010005b28       0x14 CMakeFiles/sdanalyst.dir/home/miguel/pico/pico-sdk/src/rp2_common/pico_stdio_usb/stdio_usb.c.o
                0x0000000010005b28                stdio_usb_set_chars_available_callback
 .text.usb_irq  0x0000000010005b3c       0x10 CMakeFiles/sdanalyst.dir/home/miguel/pico/pico-sdk/src/rp2_common/pico_stdio_usb/stdio_usb.c.o
 .text.timer_task
                0x0000000010005b4c       0x64 CMakeFiles/sdanalyst.dir/home/miguel/pico/pico-sdk/src/rp2_common/pico_stdio_usb/stdio_usb.c.o
 .text.stdio_usb_in_chars
                0x0000000010005bb0       0x90 CMakeFiles/sdanalyst.dir/home/miguel/pico/pico-sdk/src/rp2_common/pico_stdio_usb/stdio_usb.c.o
                0x0000000010005bb0                stdio_usb_in_chars
 .text.stdio_usb_out_flush
                0x0000000010005c40       0x50 CMakeFiles/sdanalyst.dir/home/miguel/pico/pico-sdk/src/rp2_common/pico_stdio_usb/stdio_usb.c.o
 .text.stdio_usb_out_chars
                0x0000000010005c90      0x100 CMakeFiles/sdanalyst.dir/home/miguel/pico/pico-sdk/src/rp2_common/pico_stdio_usb/stdio_usb.c.o
 .text.low_priority_worker_irq
                0x0000000010005d90       0xc8 CMakeFiles/sdanalyst.dir/home/miguel/pico/pico-sdk/src/rp2_common/pico_stdio_usb/stdio_usb.c.o
 .text.stdio_usb_init
                0x0000000010005e58       0xe8 CMakeFiles/sdanalyst.dir/home/miguel/pico/pico-sdk/src/rp2_common/pico_stdio_usb/stdio_usb.c.o
                0x0000000010005e58                stdio_usb_init
 .text.tud_descriptor_device_cb
                0x0000000010005f40        0x8 CMakeFiles/sdanalyst.dir/home/miguel/pico/pico-sdk/src/rp2_common/pico_stdio_usb/stdio_usb_descriptors.c.o
                0x0000000010005f40                tud_descriptor_device_cb
 .text.tud_descriptor_configuration_cb
                0x0000000010005f48        0x8 CMakeFiles/sdanalyst.dir/home/miguel/pico/pico-sdk/src/rp2_common/pico_stdio_usb/stdio_usb_descriptors.c.o
                0x0000000010005f48                tud_descriptor_configuration_cb
 .text.tud_descriptor_string_cb
                0x0000000010005f50       0x74 CMakeFiles/sdanalyst.dir/home/miguel/pico/pico-sdk/src/rp2_common/pico_stdio_usb/stdio_usb_descriptors.c.o
                0x0000000010005f50                tud_descriptor_string_cb
 .text.startup._retrieve_unique_id_on_boot
                0x0000000010005fc4       0x10 CMakeFiles/sdanalyst.dir/home/miguel/pico/pico-sdk/src/rp2_common/pico_unique_id/unique_id.c.o
 .text.pico_get_unique_board_id_string
                0x0000000010005fd4      0x1a8 CMakeFiles/sdanalyst.dir/home/miguel/pico/pico-sdk/src/rp2_common/pico_unique_id/unique_id.c.o
                0x0000000010005fd4                pico_get_unique_board_id_string
 .text.flash_get_unique_id
                0x000000001000617c       0x40 CMakeFiles/sdanalyst.dir/home/miguel/pico/pico-sdk/src/rp2_common/hardware_flash/flash.c.o
                0x000000001000617c                flash_get_unique_id
 .text.dcd_init
                0x00000000100061bc       0x90 CMakeFiles/sdanalyst.dir/home/miguel/pico/pico-sdk/lib/tinyusb/src/portable/raspberrypi/rp2040/dcd_rp2040.c.o
                0x00000000100061bc                dcd_init
 .text.dcd_int_enable
                0x000000001000624c        0xc CMakeFiles/sdanalyst.dir/home/miguel/pico/pico-sdk/lib/tinyusb/src/portable/raspberrypi/rp2040/dcd_rp2040.c.o
                0x000000001000624c                dcd_int_enable
 .text.dcd_set_address
                0x0000000010006258       0x14 CMakeFiles/sdanalyst.dir/home/miguel/pico/pico-sdk/lib/tinyusb/src/portable/raspberrypi/rp2040/dcd_rp2040.c.o
                0x0000000010006258                dcd_set_address
 .text.dcd_sof_enable
                0x000000001000626c       0x1c CMakeFiles/sdanalyst.dir/home/miguel/pico/pico-sdk/lib/tinyusb/src/portable/raspberrypi/rp2040/dcd_rp2040.c.o
                0x000000001000626c                dcd_sof_enable
 .text.dcd_edpt0_status_complete
                0x0000000010006288       0x1c CMakeFiles/sdanalyst.dir/home/miguel/pico/pico-sdk/lib/tinyusb/src/portable/raspberrypi/rp2040/dcd_rp2040.c.o
                0x0000000010006288                dcd_edpt0_status_complete
 .text.dcd_edpt_open
                0x00000000100062a4      0x114 CMakeFiles/sdanalyst.dir/home/miguel/pico/pico-sdk/lib/tinyusb/src/portable/raspberrypi/rp2040/dcd_rp2040.c.o
                0x00000000100062a4                dcd_edpt_open
 .text.dcd_edpt_close_all
                0x00000000100063b8        0x8 CMakeFiles/sdanalyst.dir/home/miguel/pico/pico-sdk/lib/tinyusb/src/portable/raspberrypi/rp2040/dcd_rp2040.c.o
                0x00000000100063b8                dcd_edpt_close_all
 .text.dcd_edpt_xfer
                0x00000000100063c0       0x24 CMakeFiles/sdanalyst.dir/home/miguel/pico/pico-sdk/lib/tinyusb/src/portable/raspberrypi/rp2040/dcd_rp2040.c.o
                0x00000000100063c0                dcd_edpt_xfer
 .text.dcd_edpt_stall
                0x00000000100063e4       0x38 CMakeFiles/sdanalyst.dir/home/miguel/pico/pico-sdk/lib/tinyusb/src/portable/raspberrypi/rp2040/dcd_rp2040.c.o
                0x00000000100063e4                dcd_edpt_stall
 .text.dcd_edpt_clear_stall
                0x000000001000641c       0x30 CMakeFiles/sdanalyst.dir/home/miguel/pico/pico-sdk/lib/tinyusb/src/portable/raspberrypi/rp2040/dcd_rp2040.c.o
                0x000000001000641c                dcd_edpt_clear_stall
 .text.rp2040_usb_init
                0x000000001000644c       0x40 CMakeFiles/sdanalyst.dir/home/miguel/pico/pico-sdk/lib/tinyusb/src/portable/raspberrypi/rp2040/rp2040_usb.c.o
                0x000000001000644c                rp2040_usb_init
 .text.hw_endpoint_xfer_start
                0x000000001000648c       0x50 CMakeFiles/sdanalyst.dir/home/miguel/pico/pico-sdk/lib/tinyusb/src/portable/raspberrypi/rp2040/rp2040_usb.c.o
                0x000000001000648c                hw_endpoint_xfer_start
 .text.tud_event_hook_cb
                0x00000000100064dc        0x4 CMakeFiles/sdanalyst.dir/home/miguel/pico/pico-sdk/lib/tinyusb/src/device/usbd.c.o
                0x00000000100064dc                tud_event_hook_cb
 .text.tud_sof_cb
                0x00000000100064e0        0x4 CMakeFiles/sdanalyst.dir/home/miguel/pico/pico-sdk/lib/tinyusb/src/device/usbd.c.o
                0x00000000100064e0                tud_sof_cb
 .text.tud_descriptor_device_qualifier_cb
                0x00000000100064e4        0x4 CMakeFiles/sdanalyst.dir/home/miguel/pico/pico-sdk/lib/tinyusb/src/device/usbd.c.o
                0x00000000100064e4                tud_descriptor_device_qualifier_cb
 .text.tud_descriptor_other_speed_configuration_cb
                0x00000000100064e8        0x4 CMakeFiles/sdanalyst.dir/home/miguel/pico/pico-sdk/lib/tinyusb/src/device/usbd.c.o
                0x00000000100064e8                tud_descriptor_other_speed_configuration_cb
 .text.tud_mount_cb
                0x00000000100064ec        0x4 CMakeFiles/sdanalyst.dir/home/miguel/pico/pico-sdk/lib/tinyusb/src/device/usbd.c.o
                0x00000000100064ec                tud_mount_cb
 .text.tud_umount_cb
                0x00000000100064f0        0x4 CMakeFiles/sdanalyst.dir/home/miguel/pico/pico-sdk/lib/tinyusb/src/device/usbd.c.o
                0x00000000100064f0                tud_umount_cb
 .text.tud_suspend_cb
                0x00000000100064f4        0x4 CMakeFiles/sdanalyst.dir/home/miguel/pico/pico-sdk/lib/tinyusb/src/device/usbd.c.o
                0x00000000100064f4                tud_suspend_cb
 .text.tud_resume_cb
                0x00000000100064f8        0x4 CMakeFiles/sdanalyst.dir/home/miguel/pico/pico-sdk/lib/tinyusb/src/device/usbd.c.o
                0x00000000100064f8                tud_resume_cb
 .text.tud_mounted
                0x00000000100064fc       0x10 CMakeFiles/sdanalyst.dir/home/miguel/pico/pico-sdk/lib/tinyusb/src/device/usbd.c.o
                0x00000000100064fc                tud_mounted
 .text.tud_suspended
                0x000000001000650c       0x10 CMakeFiles/sdanalyst.dir/home/miguel/pico/pico-sdk/lib/tinyusb/src/device/usbd.c.o
                0x000000001000650c                tud_suspended
 .text.tud_rhport_init
                0x000000001000651c       0xf4 CMakeFiles/sdanalyst.dir/home/miguel/pico/pico-sdk/lib/tinyusb/src/device/usbd.c.o
                0x000000001000651c                tud_rhport_init
 .text.tud_task_ext
                0x0000000010006610      0x800 CMakeFiles/sdanalyst.dir/home/miguel/pico/pico-sdk/lib/tinyusb/src/device/usbd.c.o
                0x0000000010006610                tud_task_ext
 .text.usbd_open_edpt_pair
                0x0000000010006e10       0x9c CMakeFiles/sdanalyst.dir/home/miguel/pico/pico-sdk/lib/tinyusb/src/device/usbd.c.o
                0x0000000010006e10                usbd_open_edpt_pair
 .text.usbd_edpt_open
                0x0000000010006eac       0x34 CMakeFiles/sdanalyst.dir/home/miguel/pico/pico-sdk/lib/tinyusb/src/device/usbd.c.o
                0x0000000010006eac                usbd_edpt_open
 .text.usbd_edpt_claim
                0x0000000010006ee0       0x28 CMakeFiles/sdanalyst.dir/home/miguel/pico/pico-sdk/lib/tinyusb/src/device/usbd.c.o
                0x0000000010006ee0                usbd_edpt_claim
 .text.usbd_edpt_release
                0x0000000010006f08       0x28 CMakeFiles/sdanalyst.dir/home/miguel/pico/pico-sdk/lib/tinyusb/src/device/usbd.c.o
                0x0000000010006f08                usbd_edpt_release
 .text.usbd_edpt_xfer
                0x0000000010006f30       0x4c CMakeFiles/sdanalyst.dir/home/miguel/pico/pico-sdk/lib/tinyusb/src/device/usbd.c.o
                0x0000000010006f30                usbd_edpt_xfer
 .text.tud_control_status
                0x0000000010006f7c       0x30 CMakeFiles/sdanalyst.dir/home/miguel/pico/pico-sdk/lib/tinyusb/src/device/usbd_control.c.o
                0x0000000010006f7c                tud_control_status
 .text.tud_control_xfer
                0x0000000010006fac       0xbc CMakeFiles/sdanalyst.dir/home/miguel/pico/pico-sdk/lib/tinyusb/src/device/usbd_control.c.o
                0x0000000010006fac                tud_control_xfer
 .text.usbd_control_reset
                0x0000000010007068       0x14 CMakeFiles/sdanalyst.dir/home/miguel/pico/pico-sdk/lib/tinyusb/src/device/usbd_control.c.o
                0x0000000010007068                usbd_control_reset
 .text.usbd_control_set_complete_callback
                0x000000001000707c        0xc CMakeFiles/sdanalyst.dir/home/miguel/pico/pico-sdk/lib/tinyusb/src/device/usbd_control.c.o
                0x000000001000707c                usbd_control_set_complete_callback
 .text.usbd_control_set_request
                0x0000000010007088       0x1c CMakeFiles/sdanalyst.dir/home/miguel/pico/pico-sdk/lib/tinyusb/src/device/usbd_control.c.o
                0x0000000010007088                usbd_control_set_request
 .text.usbd_control_xfer_cb
                0x00000000100070a4       0xf0 CMakeFiles/sdanalyst.dir/home/miguel/pico/pico-sdk/lib/tinyusb/src/device/usbd_control.c.o
                0x00000000100070a4                usbd_control_xfer_cb
 .text._prep_out_transaction.isra.0
                0x0000000010007194       0x6c CMakeFiles/sdanalyst.dir/home/miguel/pico/pico-sdk/lib/tinyusb/src/class/cdc/cdc_device.c.o
 .text.tud_cdc_n_connected
                0x0000000010007200       0x2c CMakeFiles/sdanalyst.dir/home/miguel/pico/pico-sdk/lib/tinyusb/src/class/cdc/cdc_device.c.o
                0x0000000010007200                tud_cdc_n_connected
 .text.tud_cdc_n_available
                0x000000001000722c       0x18 CMakeFiles/sdanalyst.dir/home/miguel/pico/pico-sdk/lib/tinyusb/src/class/cdc/cdc_device.c.o
                0x000000001000722c                tud_cdc_n_available
 .text.tud_cdc_n_read
                0x0000000010007244       0x94 CMakeFiles/sdanalyst.dir/home/miguel/pico/pico-sdk/lib/tinyusb/src/class/cdc/cdc_device.c.o
                0x0000000010007244                tud_cdc_n_read
 .text.tud_cdc_n_write_flush
                0x00000000100072d8       0x78 CMakeFiles/sdanalyst.dir/home/miguel/pico/pico-sdk/lib/tinyusb/src/class/cdc/cdc_device.c.o
                0x00000000100072d8                tud_cdc_n_write_flush
 .text.tud_cdc_n_write
                0x0000000010007350       0x44 CMakeFiles/sdanalyst.dir/home/miguel/pico/pico-sdk/lib/tinyusb/src/class/cdc/cdc_device.c.o
                0x0000000010007350                tud_cdc_n_write
 .text.tud_cdc_n_write_available
                0x0000000010007394       0x18 CMakeFiles/sdanalyst.dir/home/miguel/pico/pico-sdk/lib/tinyusb/src/class/cdc/cdc_device.c.o
                0x0000000010007394                tud_cdc_n_write_available
 .text.cdcd_init
                0x00000000100073ac       0x70 CMakeFiles/sdanalyst.dir/home/miguel/pico/pico-sdk/lib/tinyusb/src/class/cdc/cdc_device.c.o
                0x00000000100073ac                cdcd_init
 .text.cdcd_deinit
                0x000000001000741c       0x24 CMakeFiles/sdanalyst.dir/home/miguel/pico/pico-sdk/lib/tinyusb/src/class/cdc/cdc_device.c.o
                0x000000001000741c                cdcd_deinit
 .text.cdcd_reset
                0x0000000010007440       0x4c CMakeFiles/sdanalyst.dir/home/miguel/pico/pico-sdk/lib/tinyusb/src/class/cdc/cdc_device.c.o
                0x0000000010007440                cdcd_reset
 .text.cdcd_open
                0x000000001000748c       0xa8 CMakeFiles/sdanalyst.dir/home/miguel/pico/pico-sdk/lib/tinyusb/src/class/cdc/cdc_device.c.o
                0x000000001000748c                cdcd_open
 .text.cdcd_control_xfer_cb
                0x0000000010007534       0xe8 CMakeFiles/sdanalyst.dir/home/miguel/pico/pico-sdk/lib/tinyusb/src/class/cdc/cdc_device.c.o
                0x0000000010007534                cdcd_control_xfer_cb
 .text.cdcd_xfer_cb
                0x000000001000761c       0xfc CMakeFiles/sdanalyst.dir/home/miguel/pico/pico-sdk/lib/tinyusb/src/class/cdc/cdc_device.c.o
                0x000000001000761c                cdcd_xfer_cb
 .text.vendord_init
                0x0000000010007718       0x5c CMakeFiles/sdanalyst.dir/home/miguel/pico/pico-sdk/lib/tinyusb/src/class/vendor/vendor_device.c.o
                0x0000000010007718                vendord_init
 .text.vendord_deinit
                0x0000000010007774       0x1c CMakeFiles/sdanalyst.dir/home/miguel/pico/pico-sdk/lib/tinyusb/src/class/vendor/vendor_device.c.o
                0x0000000010007774                vendord_deinit
 .text.vendord_reset
                0x0000000010007790       0x28 CMakeFiles/sdanalyst.dir/home/miguel/pico/pico-sdk/lib/tinyusb/src/class/vendor/vendor_device.c.o
                0x0000000010007790                vendord_reset
 .text.vendord_open
                0x00000000100077b8      0x128 CMakeFiles/sdanalyst.dir/home/miguel/pico/pico-sdk/lib/tinyusb/src/class/vendor/vendor_device.c.o
                0x00000000100077b8                vendord_open
 .text.vendord_xfer_cb
                0x00000000100078e0       0x9c CMakeFiles/sdanalyst.dir/home/miguel/pico/pico-sdk/lib/tinyusb/src/class/vendor/vendor_device.c.o
                0x00000000100078e0                vendord_xfer_cb
 .text.tusb_rhport_init
                0x000000001000797c       0x48 CMakeFiles/sdanalyst.dir/home/miguel/pico/pico-sdk/lib/tinyusb/src/tusb.c.o
                0x000000001000797c                tusb_rhport_init
 .text.tu_edpt_claim
                0x00000000100079c4       0x50 CMakeFiles/sdanalyst.dir/home/miguel/pico/pico-sdk/lib/tinyusb/src/tusb.c.o
                0x00000000100079c4                tu_edpt_claim
 .text.tu_edpt_release
                0x0000000010007a14       0x38 CMakeFiles/sdanalyst.dir/home/miguel/pico/pico-sdk/lib/tinyusb/src/tusb.c.o
                0x0000000010007a14                tu_edpt_release
 .text.tu_edpt_validate
                0x0000000010007a4c       0x78 CMakeFiles/sdanalyst.dir/home/miguel/pico/pico-sdk/lib/tinyusb/src/tusb.c.o
                0x0000000010007a4c                tu_edpt_validate
 .text.tu_edpt_bind_driver
                0x0000000010007ac4       0x34 CMakeFiles/sdanalyst.dir/home/miguel/pico/pico-sdk/lib/tinyusb/src/tusb.c.o
                0x0000000010007ac4                tu_edpt_bind_driver
 .text.tu_edpt_stream_init
                0x0000000010007af8       0x6c CMakeFiles/sdanalyst.dir/home/miguel/pico/pico-sdk/lib/tinyusb/src/tusb.c.o
                0x0000000010007af8                tu_edpt_stream_init
 .text.tu_edpt_stream_deinit
                0x0000000010007b64        0x4 CMakeFiles/sdanalyst.dir/home/miguel/pico/pico-sdk/lib/tinyusb/src/tusb.c.o
                0x0000000010007b64                tu_edpt_stream_deinit
 .text.tu_edpt_stream_write_zlp_if_needed
                0x0000000010007b68       0x58 CMakeFiles/sdanalyst.dir/home/miguel/pico/pico-sdk/lib/tinyusb/src/tusb.c.o
                0x0000000010007b68                tu_edpt_stream_write_zlp_if_needed
 .text.tu_edpt_stream_write_xfer
                0x0000000010007bc0       0x64 CMakeFiles/sdanalyst.dir/home/miguel/pico/pico-sdk/lib/tinyusb/src/tusb.c.o
                0x0000000010007bc0                tu_edpt_stream_write_xfer
 .text.tu_edpt_stream_read_xfer
                0x0000000010007c24       0xdc CMakeFiles/sdanalyst.dir/home/miguel/pico/pico-sdk/lib/tinyusb/src/tusb.c.o
                0x0000000010007c24                tu_edpt_stream_read_xfer
 .text.tu_fifo_config
                0x0000000010007d00       0x70 CMakeFiles/sdanalyst.dir/home/miguel/pico/pico-sdk/lib/tinyusb/src/common/tusb_fifo.c.o
                0x0000000010007d00                tu_fifo_config
 .text.tu_fifo_count
                0x0000000010007d70       0x2c CMakeFiles/sdanalyst.dir/home/miguel/pico/pico-sdk/lib/tinyusb/src/common/tusb_fifo.c.o
                0x0000000010007d70                tu_fifo_count
 .text.tu_fifo_empty
                0x0000000010007d9c       0x10 CMakeFiles/sdanalyst.dir/home/miguel/pico/pico-sdk/lib/tinyusb/src/common/tusb_fifo.c.o
                0x0000000010007d9c                tu_fifo_empty
 .text.tu_fifo_remaining
                0x0000000010007dac       0x2c CMakeFiles/sdanalyst.dir/home/miguel/pico/pico-sdk/lib/tinyusb/src/common/tusb_fifo.c.o
                0x0000000010007dac                tu_fifo_remaining
 .text.tu_fifo_read
                0x0000000010007dd8       0xa0 CMakeFiles/sdanalyst.dir/home/miguel/pico/pico-sdk/lib/tinyusb/src/common/tusb_fifo.c.o
                0x0000000010007dd8                tu_fifo_read
 .text.tu_fifo_read_n
                0x0000000010007e78       0xec CMakeFiles/sdanalyst.dir/home/miguel/pico/pico-sdk/lib/tinyusb/src/common/tusb_fifo.c.o
                0x0000000010007e78                tu_fifo_read_n
 .text.tu_fifo_write
                0x0000000010007f64       0x88 CMakeFiles/sdanalyst.dir/home/miguel/pico/pico-sdk/lib/tinyusb/src/common/tusb_fifo.c.o
                0x0000000010007f64                tu_fifo_write
 .text.tu_fifo_write_n
                0x0000000010007fec      0x168 CMakeFiles/sdanalyst.dir/home/miguel/pico/pico-sdk/lib/tinyusb/src/common/tusb_fifo.c.o
                0x0000000010007fec                tu_fifo_write_n
 .text.tu_fifo_clear
                0x0000000010008154       0x40 CMakeFiles/sdanalyst.dir/home/miguel/pico/pico-sdk/lib/tinyusb/src/common/tusb_fifo.c.o
                0x0000000010008154                tu_fifo_clear
 .text.tu_fifo_set_overwritable
                0x0000000010008194       0x48 CMakeFiles/sdanalyst.dir/home/miguel/pico/pico-sdk/lib/tinyusb/src/common/tusb_fifo.c.o
                0x0000000010008194                tu_fifo_set_overwritable
 .text.spi_init
                0x00000000100081dc      0x134 CMakeFiles/sdanalyst.dir/home/miguel/pico/pico-sdk/src/rp2_common/hardware_spi/spi.c.o
                0x00000000100081dc                spi_init
 .text.spi_set_baudrate
                0x0000000010008310       0xb8 CMakeFiles/sdanalyst.dir/home/miguel/pico/pico-sdk/src/rp2_common/hardware_spi/spi.c.o
                0x0000000010008310                spi_set_baudrate
 .text          0x00000000100083c8       0x48 /usr/lib/gcc/arm-none-eabi/10.3.1/../../../arm-none-eabi/lib/thumb/v6-m/nofp/libg.a(lib_a-memcmp.o)
                0x00000000100083c8                memcmp
 .text          0x0000000010008410       0x88 /usr/lib/gcc/arm-none-eabi/10.3.1/../../../arm-none-eabi/lib/thumb/v6-m/nofp/libg.a(lib_a-strcmp.o)
                0x0000000010008410                strcmp
 .text          0x0000000010008498       0x5c /usr/lib/gcc/arm-none-eabi/10.3.1/../../../arm-none-eabi/lib/thumb/v6-m/nofp/libg.a(lib_a-strlen-stub.o)
                0x0000000010008498                strlen
 .text          0x00000000100084f4       0x64 /usr/lib/gcc/arm-none-eabi/10.3.1/../../../arm-none-eabi/lib/thumb/v6-m/nofp/libg.a(lib_a-strncat.o)
                0x00000000100084f4                strncat
 .text          0x0000000010008558       0x6c /usr/lib/gcc/arm-none-eabi/10.3.1/../../../arm-none-eabi/lib/thumb/v6-m/nofp/libg.a(lib_a-strncpy.o)
                0x0000000010008558                strncpy
 *(.fini)
 .fini          0x00000000100085c4        0x4 /usr/lib/gcc/arm-none-eabi/10.3.1/thumb/v6-m/nofp/crti.o
                0x00000000100085c4                _fini
 .fini.__stub   0x00000000100085c8       0xe0 linker stubs
 *crtbegin.o(.ctors)
 *crtbegin?.o(.ctors)
 *(EXCLUDE_FILE(*crtend.o *crtend?.o) .ctors)
 *(SORT_BY_NAME(.ctors.*))
 *(.ctors)
 *crtbegin.o(.dtors)
 *crtbegin?.o(.dtors)
 *(EXCLUDE_FILE(*crtend.o *crtend?.o) .dtors)
 *(SORT_BY_NAME(.dtors.*))
 *(.dtors)
                0x00000000100086a8                . = ALIGN (0x4)
                0x00000000100086a8                PROVIDE (__preinit_array_start = .)
 *(SORT_BY_NAME(.preinit_array.*))
 .preinit_array.00100
                0x00000000100086a8        0x4 CMakeFiles/sdanalyst.dir/home/miguel/pico/pico-sdk/src/rp2_common/pico_runtime_init/runtime_init.c.o
                0x00000000100086a8                __pre_init_runtime_init_early_resets
 .preinit_array.00101
                0x00000000100086ac        0x4 CMakeFiles/sdanalyst.dir/home/miguel/pico/pico-sdk/src/rp2_common/pico_runtime_init/runtime_init.c.o
                0x00000000100086ac                __pre_init_runtime_init_usb_power_down
 .preinit_array.00275
                0x00000000100086b0        0x4 CMakeFiles/sdanalyst.dir/home/miguel/pico/pico-sdk/src/rp2_common/pico_bit_ops/bit_ops_aeabi.S.o
 .preinit_array.00300
                0x00000000100086b4        0x4 CMakeFiles/sdanalyst.dir/home/miguel/pico/pico-sdk/src/rp2_common/pico_mem_ops/mem_ops_aeabi.S.o
 .preinit_array.00350
                0x00000000100086b8        0x4 CMakeFiles/sdanalyst.dir/home/miguel/pico/pico-sdk/src/rp2_common/pico_double/double_aeabi_rp2040.S.o
 .preinit_array.00350
                0x00000000100086bc        0x4 CMakeFiles/sdanalyst.dir/home/miguel/pico/pico-sdk/src/rp2_common/pico_float/float_aeabi_rp2040.S.o
 .preinit_array.00500
                0x00000000100086c0        0x4 CMakeFiles/sdanalyst.dir/home/miguel/pico/pico-sdk/src/rp2_common/pico_runtime_init/runtime_init.c.o
                0x00000000100086c0                __pre_init_runtime_init_clocks
 .preinit_array.00600
                0x00000000100086c4        0x4 CMakeFiles/sdanalyst.dir/home/miguel/pico/pico-sdk/src/rp2_common/pico_runtime_init/runtime_init.c.o
                0x00000000100086c4                __pre_init_runtime_init_post_clock_resets
 .preinit_array.00700
                0x00000000100086c8        0x4 CMakeFiles/sdanalyst.dir/home/miguel/pico/pico-sdk/src/rp2_common/pico_runtime_init/runtime_init.c.o
                0x00000000100086c8                __pre_init_runtime_init_rp2040_gpio_ie_disable
 .preinit_array.01000
                0x00000000100086cc        0x4 CMakeFiles/sdanalyst.dir/home/miguel/pico/pico-sdk/src/rp2_common/pico_runtime_init/runtime_init.c.o
                0x00000000100086cc                __pre_init_runtime_init_spin_locks_reset
 .preinit_array.01100
                0x00000000100086d0        0x4 CMakeFiles/sdanalyst.dir/home/miguel/pico/pico-sdk/src/common/pico_sync/mutex.c.o
                0x00000000100086d0                __pre_init_runtime_init_mutex
 .preinit_array.10080
                0x00000000100086d4        0x4 CMakeFiles/sdanalyst.dir/home/miguel/pico/pico-sdk/src/rp2_common/pico_runtime_init/runtime_init.c.o
                0x00000000100086d4                __pre_init_runtime_init_install_ram_vector_table
 .preinit_array.11000
                0x00000000100086d8        0x4 CMakeFiles/sdanalyst.dir/home/miguel/pico/pico-sdk/src/common/pico_time/time.c.o
                0x00000000100086d8                __pre_init_runtime_init_default_alarm_pool
 .preinit_array.YYYYY
                0x00000000100086dc        0x4 CMakeFiles/sdanalyst.dir/home/miguel/pico/pico-sdk/src/rp2_common/pico_runtime/runtime.c.o
                0x00000000100086dc                __pre_init_first_per_core_initializer
 .preinit_array.ZZZZZ.01200
                0x00000000100086e0        0x4 CMakeFiles/sdanalyst.dir/home/miguel/pico/pico-sdk/src/rp2_common/hardware_irq/irq.c.o
                0x00000000100086e0                __pre_init_runtime_init_per_core_irq_priorities
 *(.preinit_array)
                0x00000000100086e4                PROVIDE (__preinit_array_end = .)
                0x00000000100086e4                . = ALIGN (0x4)
                0x00000000100086e4                PROVIDE (__init_array_start = .)
 *(SORT_BY_NAME(.init_array.*))
 .init_array.01000
                0x00000000100086e4        0x4 CMakeFiles/sdanalyst.dir/home/miguel/pico/pico-sdk/src/rp2_common/pico_unique_id/unique_id.c.o
 *(.init_array)
 .init_array    0x00000000100086e8        0x4 /usr/lib/gcc/arm-none-eabi/10.3.1/thumb/v6-m/nofp/crtbegin.o
                0x00000000100086ec                PROVIDE (__init_array_end = .)
                0x00000000100086ec                . = ALIGN (0x4)
                0x00000000100086ec                PROVIDE (__fini_array_start = .)
 *(SORT_BY_NAME(.fini_array.*))
 *(.fini_array)
                0x00000000100086ec                PROVIDE (__fini_array_end = .)
 *(.eh_frame*)
 .eh_frame      0x00000000100086ec        0x0 /usr/lib/gcc/arm-none-eabi/10.3.1/thumb/v6-m/nofp/crtbegin.o
                0x00000000100086ec                . = ALIGN (0x4)

.glue_7         0x00000000100086ec        0x0
 .glue_7        0x00000000100086ec        0x0 linker stubs

.glue_7t        0x00000000100086ec        0x0
 .glue_7t       0x00000000100086ec        0x0 linker stubs

.vfp11_veneer   0x00000000100086ec        0x0
 .vfp11_veneer  0x00000000100086ec        0x0 linker stubs

.v4_bx          0x00000000100086ec        0x0
 .v4_bx         0x00000000100086ec        0x0 linker stubs

.iplt           0x00000000100086ec        0x0
 .iplt          0x00000000100086ec        0x0 /usr/lib/gcc/arm-none-eabi/10.3.1/thumb/v6-m/nofp/crtbegin.o

.rodata         0x00000000100086f0     0x1250
 *(EXCLUDE_FILE(*libm.a: *libc.a:*lib_a-mem*.o *libgcc.a:) .rodata*)
 .rodata.main.str1.4
                0x00000000100086f0      0x12b CMakeFiles/sdanalyst.dir/src/main_optimized.c.o
 *fill*         0x000000001000881b        0x1 
 .rodata.sd_init.str1.4
                0x000000001000881c      0x2b0 CMakeFiles/sdanalyst.dir/src/sd_card.c.o
 .rodata.str1.4
                0x0000000010008acc       0x34 CMakeFiles/sdanalyst.dir/src/sd_analyzer.c.o
 .rodata.sd_analyzer_init.str1.4
                0x0000000010008b00      0x16e CMakeFiles/sdanalyst.dir/src/sd_analyzer.c.o
 *fill*         0x0000000010008c6e        0x2 
 .rodata.sd_analyzer_print_card_info.str1.4
                0x0000000010008c70       0x6a CMakeFiles/sdanalyst.dir/src/sd_analyzer.c.o
                                         0x72 (size before relaxing)
 *fill*         0x0000000010008cda        0x2 
 .rodata.sd_analyzer_print_banner.str1.4
                0x0000000010008cdc       0xf5 CMakeFiles/sdanalyst.dir/src/sd_analyzer.c.o
 *fill*         0x0000000010008dd1        0x3 
 .rodata.sd_analyzer_detect_filesystem.str1.4
                0x0000000010008dd4       0x65 CMakeFiles/sdanalyst.dir/src/sd_analyzer.c.o
 *fill*         0x0000000010008e39        0x3 
 .rodata.sd_analyzer_parse_mbr.str1.4
                0x0000000010008e3c      0x14e CMakeFiles/sdanalyst.dir/src/sd_analyzer.c.o
 *fill*         0x0000000010008f8a        0x2 
 .rodata.sd_analyzer_parse_mbr
                0x0000000010008f8c       0x3c CMakeFiles/sdanalyst.dir/src/sd_analyzer.c.o
 .rodata.sd_analyzer_parse_gpt.str1.4
                0x0000000010008fc8       0xdc CMakeFiles/sdanalyst.dir/src/sd_analyzer.c.o
 .rodata.sd_analyzer_print_hex_dump.str1.4
                0x00000000100090a4       0x1a CMakeFiles/sdanalyst.dir/src/sd_analyzer.c.o
 *fill*         0x00000000100090be        0x2 
 .rodata.sd_analyzer_read_and_display_sector.str1.4
                0x00000000100090c0       0x35 CMakeFiles/sdanalyst.dir/src/sd_analyzer.c.o
 *fill*         0x00000000100090f5        0x3 
 .rodata.sd_analyzer_format_fat_datetime.str1.4
                0x00000000100090f8       0x21 CMakeFiles/sdanalyst.dir/src/sd_analyzer.c.o
 *fill*         0x0000000010009119        0x3 
 .rodata.sd_analyzer_list_fat_directory.str1.4
                0x000000001000911c       0xb4 CMakeFiles/sdanalyst.dir/src/sd_analyzer.c.o
 .rodata.sd_analyzer_analyze_fat.str1.4
                0x00000000100091d0       0xee CMakeFiles/sdanalyst.dir/src/sd_analyzer.c.o
 *fill*         0x00000000100092be        0x2 
 .rodata        0x00000000100092c0       0x34 CMakeFiles/sdanalyst.dir/src/sd_analyzer.c.o
 .rodata.panic.str1.4
                0x00000000100092f4       0x10 CMakeFiles/sdanalyst.dir/home/miguel/pico/pico-sdk/src/rp2_common/pico_platform_panic/panic.c.o
                                         0x12 (size before relaxing)
 .rodata.spin_lock_claim_unused.str1.4
                0x0000000010009304       0x1b CMakeFiles/sdanalyst.dir/home/miguel/pico/pico-sdk/src/rp2_common/hardware_sync/sync.c.o
 *fill*         0x000000001000931f        0x1 
 .rodata.user_irq_claim_unused.str1.4
                0x0000000010009320       0x1b CMakeFiles/sdanalyst.dir/home/miguel/pico/pico-sdk/src/rp2_common/hardware_irq/irq.c.o
 *fill*         0x000000001000933b        0x1 
 .rodata.timer_hardware_alarm_claim.str1.4
                0x000000001000933c       0x22 CMakeFiles/sdanalyst.dir/home/miguel/pico/pico-sdk/src/rp2_common/hardware_timer/timer.c.o
 *fill*         0x000000001000935e        0x2 
 .rodata.hard_assertion_failure.str1.4
                0x0000000010009360        0xc CMakeFiles/sdanalyst.dir/home/miguel/pico/pico-sdk/src/rp2_common/pico_runtime/runtime.c.o
 .rodata.str1.4
                0x000000001000936c       0x32 CMakeFiles/sdanalyst.dir/home/miguel/pico/pico-sdk/src/rp2_common/pico_standard_binary_info/standard_binary_info.c.o
                                         0x40 (size before relaxing)
 *fill*         0x000000001000939e        0x2 
 .rodata.__bi_26
                0x00000000100093a0        0xc CMakeFiles/sdanalyst.dir/home/miguel/pico/pico-sdk/src/rp2_common/pico_standard_binary_info/standard_binary_info.c.o
 .rodata.__bi_34
                0x00000000100093ac        0xc CMakeFiles/sdanalyst.dir/home/miguel/pico/pico-sdk/src/rp2_common/pico_standard_binary_info/standard_binary_info.c.o
 .rodata.__bi_42
                0x00000000100093b8        0xc CMakeFiles/sdanalyst.dir/home/miguel/pico/pico-sdk/src/rp2_common/pico_standard_binary_info/standard_binary_info.c.o
 .rodata.__bi_48
                0x00000000100093c4        0xc CMakeFiles/sdanalyst.dir/home/miguel/pico/pico-sdk/src/rp2_common/pico_standard_binary_info/standard_binary_info.c.o
 .rodata.__bi_54
                0x00000000100093d0        0xc CMakeFiles/sdanalyst.dir/home/miguel/pico/pico-sdk/src/rp2_common/pico_standard_binary_info/standard_binary_info.c.o
 .rodata.__bi_78
                0x00000000100093dc        0xc CMakeFiles/sdanalyst.dir/home/miguel/pico/pico-sdk/src/rp2_common/pico_standard_binary_info/standard_binary_info.c.o
 .rodata.__bi_84
                0x00000000100093e8        0xc CMakeFiles/sdanalyst.dir/home/miguel/pico/pico-sdk/src/rp2_common/pico_standard_binary_info/standard_binary_info.c.o
 .rodata._ftoa.str1.4
                0x00000000100093f4       0x15 CMakeFiles/sdanalyst.dir/home/miguel/pico/pico-sdk/src/rp2_common/pico_printf/printf.c.o
 *fill*         0x0000000010009409        0x3 
 .rodata._vsnprintf
                0x000000001000940c      0x1e0 CMakeFiles/sdanalyst.dir/home/miguel/pico/pico-sdk/src/rp2_common/pico_printf/printf.c.o
 *fill*         0x00000000100095ec        0x4 
 .rodata.pow10.0
                0x00000000100095f0       0x50 CMakeFiles/sdanalyst.dir/home/miguel/pico/pico-sdk/src/rp2_common/pico_printf/printf.c.o
 .rodata.crlf_str.0
                0x0000000010009640        0x2 CMakeFiles/sdanalyst.dir/home/miguel/pico/pico-sdk/src/rp2_common/pico_stdio/stdio.c.o
 *fill*         0x0000000010009642        0x2 
 .rodata._resetd_driver
                0x0000000010009644       0x20 CMakeFiles/sdanalyst.dir/home/miguel/pico/pico-sdk/src/rp2_common/pico_stdio_usb/reset_interface.c.o
 .rodata.desc_bos
                0x0000000010009664       0x21 CMakeFiles/sdanalyst.dir/home/miguel/pico/pico-sdk/src/rp2_common/pico_stdio_usb/reset_interface.c.o
                0x0000000010009664                desc_bos
 *fill*         0x0000000010009685        0x3 
 .rodata.desc_ms_os_20
                0x0000000010009688       0xa6 CMakeFiles/sdanalyst.dir/home/miguel/pico/pico-sdk/src/rp2_common/pico_stdio_usb/reset_interface.c.o
 *fill*         0x000000001000972e        0x2 
 .rodata.str1.4
                0x0000000010009730       0x13 CMakeFiles/sdanalyst.dir/home/miguel/pico/pico-sdk/src/rp2_common/pico_stdio_usb/stdio_usb.c.o
 *fill*         0x0000000010009743        0x1 
 .rodata.__bi_202.0
                0x0000000010009744        0xc CMakeFiles/sdanalyst.dir/home/miguel/pico/pico-sdk/src/rp2_common/pico_stdio_usb/stdio_usb.c.o
 .rodata.str1.4
                0x0000000010009750       0x2a CMakeFiles/sdanalyst.dir/home/miguel/pico/pico-sdk/src/rp2_common/pico_stdio_usb/stdio_usb_descriptors.c.o
 *fill*         0x000000001000977a        0x2 
 .rodata.usbd_desc_cfg
                0x000000001000977c       0x54 CMakeFiles/sdanalyst.dir/home/miguel/pico/pico-sdk/src/rp2_common/pico_stdio_usb/stdio_usb_descriptors.c.o
 .rodata.usbd_desc_device
                0x00000000100097d0       0x12 CMakeFiles/sdanalyst.dir/home/miguel/pico/pico-sdk/src/rp2_common/pico_stdio_usb/stdio_usb_descriptors.c.o
 *fill*         0x00000000100097e2        0x2 
 .rodata.usbd_desc_str
                0x00000000100097e4       0x18 CMakeFiles/sdanalyst.dir/home/miguel/pico/pico-sdk/src/rp2_common/pico_stdio_usb/stdio_usb_descriptors.c.o
 .rodata.str1.4
                0x00000000100097fc       0x14 CMakeFiles/sdanalyst.dir/home/miguel/pico/pico-sdk/lib/tinyusb/src/portable/raspberrypi/rp2040/dcd_rp2040.c.o
 .rodata.str1.4
                0x0000000010009810       0x48 CMakeFiles/sdanalyst.dir/home/miguel/pico/pico-sdk/lib/tinyusb/src/portable/raspberrypi/rp2040/rp2040_usb.c.o
 .rodata.tud_task_ext
                0x0000000010009858       0x8c CMakeFiles/sdanalyst.dir/home/miguel/pico/pico-sdk/lib/tinyusb/src/device/usbd.c.o
 .rodata        0x00000000100098e4       0x1c CMakeFiles/sdanalyst.dir/home/miguel/pico/pico-sdk/lib/tinyusb/src/device/usbd.c.o
 .rodata._usbd_driver
                0x0000000010009900       0x40 CMakeFiles/sdanalyst.dir/home/miguel/pico/pico-sdk/lib/tinyusb/src/device/usbd.c.o
                0x0000000010009940                . = ALIGN (0x4)
 *(SORT_BY_ALIGNMENT(SORT_BY_NAME(.flashdata*)))
                0x0000000010009940                . = ALIGN (0x4)

.ARM.extab
 *(.ARM.extab* .gnu.linkonce.armextab.*)
                0x0000000010009940                __exidx_start = .

.ARM.exidx
 *(.ARM.exidx* .gnu.linkonce.armexidx.*)
                0x0000000010009940                __exidx_end = .
                0x0000000010009940                . = ALIGN (0x4)
                0x0000000010009940                __binary_info_start = .

.binary_info    0x0000000010009940       0x20
 *(.binary_info.keep.*)
 .binary_info.keep.__bi_ptr26
                0x0000000010009940        0x4 CMakeFiles/sdanalyst.dir/home/miguel/pico/pico-sdk/src/rp2_common/pico_standard_binary_info/standard_binary_info.c.o
 .binary_info.keep.__bi_ptr34
                0x0000000010009944        0x4 CMakeFiles/sdanalyst.dir/home/miguel/pico/pico-sdk/src/rp2_common/pico_standard_binary_info/standard_binary_info.c.o
 .binary_info.keep.__bi_ptr42
                0x0000000010009948        0x4 CMakeFiles/sdanalyst.dir/home/miguel/pico/pico-sdk/src/rp2_common/pico_standard_binary_info/standard_binary_info.c.o
 .binary_info.keep.__bi_ptr48
                0x000000001000994c        0x4 CMakeFiles/sdanalyst.dir/home/miguel/pico/pico-sdk/src/rp2_common/pico_standard_binary_info/standard_binary_info.c.o
 .binary_info.keep.__bi_ptr54
                0x0000000010009950        0x4 CMakeFiles/sdanalyst.dir/home/miguel/pico/pico-sdk/src/rp2_common/pico_standard_binary_info/standard_binary_info.c.o
 .binary_info.keep.__bi_ptr78
                0x0000000010009954        0x4 CMakeFiles/sdanalyst.dir/home/miguel/pico/pico-sdk/src/rp2_common/pico_standard_binary_info/standard_binary_info.c.o
 .binary_info.keep.__bi_ptr84
                0x0000000010009958        0x4 CMakeFiles/sdanalyst.dir/home/miguel/pico/pico-sdk/src/rp2_common/pico_standard_binary_info/standard_binary_info.c.o
 *(.binary_info.*)
 .binary_info.__bi_ptr202
                0x000000001000995c        0x4 CMakeFiles/sdanalyst.dir/home/miguel/pico/pico-sdk/src/rp2_common/pico_stdio_usb/stdio_usb.c.o
                0x0000000010009960                __binary_info_end = .
                0x0000000010009960                . = ALIGN (0x4)

.ram_vector_table
                0x0000000020000000       0xc0
 *(.ram_vector_table)
 .ram_vector_table
                0x0000000020000000       0xc0 CMakeFiles/sdanalyst.dir/home/miguel/pico/pico-sdk/src/rp2_common/pico_runtime_init/runtime_init.c.o
                0x0000000020000000                ram_vector_table

.uninitialized_data
                0x00000000200000c0        0x0
                0x00000000200000c0                . = ALIGN (0x4)
 *(.uninitialized_data*)

.data           0x00000000200000c0     0x10a0 load address 0x0000000010009960
                0x00000000200000c0                __data_start__ = .
 *(vtable)
 *(.time_critical*)
 .time_critical.mutex_try_enter
                0x00000000200000c0       0x44 CMakeFiles/sdanalyst.dir/home/miguel/pico/pico-sdk/src/common/pico_sync/mutex.c.o
                0x00000000200000c0                mutex_try_enter
 .time_critical.mutex_try_enter_block_until
                0x0000000020000104       0x9c CMakeFiles/sdanalyst.dir/home/miguel/pico/pico-sdk/src/common/pico_sync/mutex.c.o
                0x0000000020000104                mutex_try_enter_block_until
 .time_critical.mutex_enter_timeout_ms
                0x00000000200001a0       0x90 CMakeFiles/sdanalyst.dir/home/miguel/pico/pico-sdk/src/common/pico_sync/mutex.c.o
                0x00000000200001a0                mutex_enter_timeout_ms
 .time_critical.mutex_exit
                0x0000000020000230       0x28 CMakeFiles/sdanalyst.dir/home/miguel/pico/pico-sdk/src/common/pico_sync/mutex.c.o
                0x0000000020000230                mutex_exit
 .time_critical.flash_init_boot2_copyout
                0x0000000020000258       0x30 CMakeFiles/sdanalyst.dir/home/miguel/pico/pico-sdk/src/rp2_common/hardware_flash/flash.c.o
 .time_critical.flash_enable_xip_via_boot2
                0x0000000020000288       0x10 CMakeFiles/sdanalyst.dir/home/miguel/pico/pico-sdk/src/rp2_common/hardware_flash/flash.c.o
 .time_critical.flash_save_hardware_state
                0x0000000020000298       0x28 CMakeFiles/sdanalyst.dir/home/miguel/pico/pico-sdk/src/rp2_common/hardware_flash/flash.c.o
 .time_critical.flash_restore_hardware_state
                0x00000000200002c0       0x28 CMakeFiles/sdanalyst.dir/home/miguel/pico/pico-sdk/src/rp2_common/hardware_flash/flash.c.o
 .time_critical.flash_cs_force
                0x00000000200002e8       0x38 CMakeFiles/sdanalyst.dir/home/miguel/pico/pico-sdk/src/rp2_common/hardware_flash/flash.c.o
 .time_critical.flash_do_cmd
                0x0000000020000320       0xd4 CMakeFiles/sdanalyst.dir/home/miguel/pico/pico-sdk/src/rp2_common/hardware_flash/flash.c.o
                0x0000000020000320                flash_do_cmd
 .time_critical.reset_non_control_endpoints
                0x00000000200003f4       0xbc CMakeFiles/sdanalyst.dir/home/miguel/pico/pico-sdk/lib/tinyusb/src/portable/raspberrypi/rp2040/dcd_rp2040.c.o
 .time_critical.hw_handle_buff_status
                0x00000000200004b0       0x98 CMakeFiles/sdanalyst.dir/home/miguel/pico/pico-sdk/lib/tinyusb/src/portable/raspberrypi/rp2040/dcd_rp2040.c.o
 .time_critical.dcd_rp2040_irq
                0x0000000020000548      0x530 CMakeFiles/sdanalyst.dir/home/miguel/pico/pico-sdk/lib/tinyusb/src/portable/raspberrypi/rp2040/dcd_rp2040.c.o
 .time_critical.prepare_ep_buffer
                0x0000000020000a78       0xf4 CMakeFiles/sdanalyst.dir/home/miguel/pico/pico-sdk/lib/tinyusb/src/portable/raspberrypi/rp2040/rp2040_usb.c.o
 .time_critical.sync_ep_buffer
                0x0000000020000b6c       0xb4 CMakeFiles/sdanalyst.dir/home/miguel/pico/pico-sdk/lib/tinyusb/src/portable/raspberrypi/rp2040/rp2040_usb.c.o
 .time_critical._hw_endpoint_xfer_sync
                0x0000000020000c20       0x28 CMakeFiles/sdanalyst.dir/home/miguel/pico/pico-sdk/lib/tinyusb/src/portable/raspberrypi/rp2040/rp2040_usb.c.o
 .time_critical.e15_is_bulkin_ep
                0x0000000020000c48       0x28 CMakeFiles/sdanalyst.dir/home/miguel/pico/pico-sdk/lib/tinyusb/src/portable/raspberrypi/rp2040/rp2040_usb.c.o
 .time_critical.e15_is_critical_frame_period
                0x0000000020000c70       0x34 CMakeFiles/sdanalyst.dir/home/miguel/pico/pico-sdk/lib/tinyusb/src/portable/raspberrypi/rp2040/rp2040_usb.c.o
 .time_critical.hw_endpoint_reset_transfer
                0x0000000020000ca4        0xc CMakeFiles/sdanalyst.dir/home/miguel/pico/pico-sdk/lib/tinyusb/src/portable/raspberrypi/rp2040/rp2040_usb.c.o
                0x0000000020000ca4                hw_endpoint_reset_transfer
 .time_critical._hw_endpoint_buffer_control_update32
                0x0000000020000cb0       0x50 CMakeFiles/sdanalyst.dir/home/miguel/pico/pico-sdk/lib/tinyusb/src/portable/raspberrypi/rp2040/rp2040_usb.c.o
                0x0000000020000cb0                _hw_endpoint_buffer_control_update32
 .time_critical.hw_endpoint_start_next_buffer
                0x0000000020000d00       0x6c CMakeFiles/sdanalyst.dir/home/miguel/pico/pico-sdk/lib/tinyusb/src/portable/raspberrypi/rp2040/rp2040_usb.c.o
                0x0000000020000d00                hw_endpoint_start_next_buffer
 .time_critical.hw_endpoint_xfer_continue
                0x0000000020000d6c       0x40 CMakeFiles/sdanalyst.dir/home/miguel/pico/pico-sdk/lib/tinyusb/src/portable/raspberrypi/rp2040/rp2040_usb.c.o
                0x0000000020000d6c                hw_endpoint_xfer_continue
 .time_critical.tinyusb
                0x0000000020000dac      0x1f0 CMakeFiles/sdanalyst.dir/home/miguel/pico/pico-sdk/lib/tinyusb/src/device/usbd.c.o
                0x0000000020000dac                dcd_event_handler
 .time_critical.spi_write_read_blocking
                0x0000000020000f9c       0x74 CMakeFiles/sdanalyst.dir/home/miguel/pico/pico-sdk/src/rp2_common/hardware_spi/spi.c.o
                0x0000000020000f9c                spi_write_read_blocking
 *(.text*)
 .text          0x0000000020001010        0x4 /usr/lib/gcc/arm-none-eabi/10.3.1/thumb/v6-m/nofp/libgcc.a(_dvmd_tls.o)
                0x0000000020001010                __aeabi_ldiv0
                0x0000000020001010                __aeabi_idiv0
 *fill*         0x0000000020001014        0x4 
 .text.__stub   0x0000000020001018       0x80 linker stubs
                0x0000000020001098                . = ALIGN (0x4)
 *(.rodata*)
                0x0000000020001098                . = ALIGN (0x4)
 *(.data*)
 .data.striped_spin_lock_num
                0x0000000020001098        0x1 CMakeFiles/sdanalyst.dir/home/miguel/pico/pico-sdk/src/rp2_common/hardware_sync/sync.c.o
 *fill*         0x0000000020001099        0x3 
 .data          0x000000002000109c       0x48 CMakeFiles/sdanalyst.dir/home/miguel/pico/pico-sdk/src/rp2_common/hardware_irq/irq_handler_chain.S.o
                0x000000002000109c                irq_handler_chain_slots
                0x00000000200010cc                irq_handler_chain_first_slot
                0x00000000200010d6                irq_handler_chain_remove_tail
 .data.default_alarm_pool
                0x00000000200010e4       0x18 CMakeFiles/sdanalyst.dir/home/miguel/pico/pico-sdk/src/common/pico_time/time.c.o
 *fill*         0x00000000200010fc        0x4 
 .data.aeabi_bits_funcs
                0x0000000020001100       0x10 CMakeFiles/sdanalyst.dir/home/miguel/pico/pico-sdk/src/rp2_common/pico_bit_ops/bit_ops_aeabi.S.o
                0x0000000020001100                aeabi_bits_funcs
                0x0000000020001110                aeabi_bits_funcs_end
 .data.aeabi_mem_funcs
                0x0000000020001110       0x10 CMakeFiles/sdanalyst.dir/home/miguel/pico/pico-sdk/src/rp2_common/pico_mem_ops/mem_ops_aeabi.S.o
                0x0000000020001110                aeabi_mem_funcs
                0x0000000020001120                aeabi_mem_funcs_end
 .data.stdio_usb
                0x0000000020001120       0x18 CMakeFiles/sdanalyst.dir/home/miguel/pico/pico-sdk/src/rp2_common/pico_stdio_usb/stdio_usb.c.o
                0x0000000020001120                stdio_usb
 .data._usbd_qdef
                0x0000000020001138       0x1c CMakeFiles/sdanalyst.dir/home/miguel/pico/pico-sdk/lib/tinyusb/src/device/usbd.c.o
                0x0000000020001138                _usbd_qdef
 .data._usbd_rhport
                0x0000000020001154        0x1 CMakeFiles/sdanalyst.dir/home/miguel/pico/pico-sdk/lib/tinyusb/src/device/usbd.c.o
                0x0000000020001158                . = ALIGN (0x4)
 *fill*         0x0000000020001155        0x3 
 *(.after_data.*)
                0x0000000020001158                . = ALIGN (0x4)
                0x0000000020001158                PROVIDE (__mutex_array_start = .)
 *(SORT_BY_NAME(.mutex_array.*))
 *(.mutex_array)
 .mutex_array   0x0000000020001158        0x8 CMakeFiles/sdanalyst.dir/home/miguel/pico/pico-sdk/src/rp2_common/pico_stdio/stdio.c.o
                0x0000000020001160                PROVIDE (__mutex_array_end = .)
                0x0000000020001160                . = ALIGN (0x4)
 *(.jcr)
                0x0000000020001160                . = ALIGN (0x4)

.tm_clone_table
                0x0000000020001160        0x0 load address 0x000000001000aa00
 .tm_clone_table
                0x0000000020001160        0x0 /usr/lib/gcc/arm-none-eabi/10.3.1/thumb/v6-m/nofp/crtbegin.o
 .tm_clone_table
                0x0000000020001160        0x0 /usr/lib/gcc/arm-none-eabi/10.3.1/thumb/v6-m/nofp/crtend.o

.igot.plt       0x0000000020001160        0x0 load address 0x000000001000aa00
 .igot.plt      0x0000000020001160        0x0 /usr/lib/gcc/arm-none-eabi/10.3.1/thumb/v6-m/nofp/crtbegin.o

.tdata          0x0000000020001160        0x0 load address 0x000000001000aa00
                0x0000000020001160                . = ALIGN (0x4)
 *(.tdata .tdata.* .gnu.linkonce.td.*)
                0x0000000020001160                __tdata_end = .
                0x0000000020001160                PROVIDE (__data_end__ = .)
                0x0000000010009960                __etext = LOADADDR (.data)

.tbss           0x0000000020001160        0x0 load address 0x000000001000aa00
                0x0000000020001160                . = ALIGN (0x4)
                0x0000000020001160                __bss_start__ = .
                0x0000000020001160                __tls_base = .
 *(.tbss .tbss.* .gnu.linkonce.tb.*)
 *(.tcommon)
                0x0000000020001160                __tls_end = .

.bss            0x0000000020001160      0xf2c load address 0x000000001000aa00
                0x0000000020001160                . = ALIGN (0x4)
                0x0000000020001160                __tbss_end = .
 *(SORT_BY_ALIGNMENT(SORT_BY_NAME(.bss*)))
 .bss.default_alarm_pool_entries
                0x0000000020001160      0x180 CMakeFiles/sdanalyst.dir/home/miguel/pico/pico-sdk/src/common/pico_time/time.c.o
 .bss.last_avail_time.1
                0x00000000200012e0        0x8 CMakeFiles/sdanalyst.dir/home/miguel/pico/pico-sdk/src/rp2_common/pico_stdio_usb/stdio_usb.c.o
 .bss.sd_table  0x00000000200012e8      0x100 CMakeFiles/sdanalyst.dir/home/miguel/pico/pico-sdk/src/rp2_common/pico_double/double_init_rom_rp2040.c.o
                0x00000000200012e8                sd_table
 .bss.sf_table  0x00000000200013e8      0x100 CMakeFiles/sdanalyst.dir/home/miguel/pico/pico-sdk/src/rp2_common/pico_float/float_init_rom_rp2040.c.o
                0x00000000200013e8                sf_table
 .bss           0x00000000200014e8       0x1c /usr/lib/gcc/arm-none-eabi/10.3.1/thumb/v6-m/nofp/crtbegin.o
 .bss._app_driver
                0x0000000020001504        0x4 CMakeFiles/sdanalyst.dir/home/miguel/pico/pico-sdk/lib/tinyusb/src/device/usbd.c.o
 .bss._cdcd_epbuf
                0x0000000020001508       0x80 CMakeFiles/sdanalyst.dir/home/miguel/pico/pico-sdk/lib/tinyusb/src/class/cdc/cdc_device.c.o
 .bss._cdcd_fifo_cfg
                0x0000000020001588        0x1 CMakeFiles/sdanalyst.dir/home/miguel/pico/pico-sdk/lib/tinyusb/src/class/cdc/cdc_device.c.o
 *fill*         0x0000000020001589        0x3 
 .bss._cdcd_itf
                0x000000002000158c       0xc8 CMakeFiles/sdanalyst.dir/home/miguel/pico/pico-sdk/lib/tinyusb/src/class/cdc/cdc_device.c.o
 .bss._ctrl_epbuf
                0x0000000020001654       0x40 CMakeFiles/sdanalyst.dir/home/miguel/pico/pico-sdk/lib/tinyusb/src/device/usbd_control.c.o
 .bss._ctrl_xfer
                0x0000000020001694       0x14 CMakeFiles/sdanalyst.dir/home/miguel/pico/pico-sdk/lib/tinyusb/src/device/usbd_control.c.o
 .bss._tusb_rhport_role
                0x00000000200016a8        0x2 CMakeFiles/sdanalyst.dir/home/miguel/pico/pico-sdk/lib/tinyusb/src/tusb.c.o
                0x00000000200016a8                _tusb_rhport_role
 *fill*         0x00000000200016aa        0x2 
 .bss._ubsd_mutexdef
                0x00000000200016ac        0x8 CMakeFiles/sdanalyst.dir/home/miguel/pico/pico-sdk/lib/tinyusb/src/device/usbd.c.o
 .bss._usbd_dev
                0x00000000200016b4       0x54 CMakeFiles/sdanalyst.dir/home/miguel/pico/pico-sdk/lib/tinyusb/src/device/usbd.c.o
 .bss._usbd_mutex
                0x0000000020001708        0x4 CMakeFiles/sdanalyst.dir/home/miguel/pico/pico-sdk/lib/tinyusb/src/device/usbd.c.o
 .bss._usbd_q   0x000000002000170c        0x4 CMakeFiles/sdanalyst.dir/home/miguel/pico/pico-sdk/lib/tinyusb/src/device/usbd.c.o
 .bss._usbd_qdef_buf
                0x0000000020001710       0xc0 CMakeFiles/sdanalyst.dir/home/miguel/pico/pico-sdk/lib/tinyusb/src/device/usbd.c.o
                0x0000000020001710                _usbd_qdef_buf
 .bss._vendord_epbuf
                0x00000000200017d0       0x80 CMakeFiles/sdanalyst.dir/home/miguel/pico/pico-sdk/lib/tinyusb/src/class/vendor/vendor_device.c.o
 .bss._vendord_itf
                0x0000000020001850      0x24c CMakeFiles/sdanalyst.dir/home/miguel/pico/pico-sdk/lib/tinyusb/src/class/vendor/vendor_device.c.o
 .bss.boot2_copyout
                0x0000000020001a9c      0x100 CMakeFiles/sdanalyst.dir/home/miguel/pico/pico-sdk/src/rp2_common/hardware_flash/flash.c.o
 .bss.chars_available_callback
                0x0000000020001b9c        0x4 CMakeFiles/sdanalyst.dir/home/miguel/pico/pico-sdk/src/rp2_common/pico_stdio_usb/stdio_usb.c.o
 .bss.chars_available_param
                0x0000000020001ba0        0x4 CMakeFiles/sdanalyst.dir/home/miguel/pico/pico-sdk/src/rp2_common/pico_stdio_usb/stdio_usb.c.o
 .bss.claimed   0x0000000020001ba4        0x4 CMakeFiles/sdanalyst.dir/home/miguel/pico/pico-sdk/src/rp2_common/hardware_sync/sync.c.o
 .bss.claimed   0x0000000020001ba8        0x1 CMakeFiles/sdanalyst.dir/home/miguel/pico/pico-sdk/src/rp2_common/hardware_timer/timer.c.o
 *fill*         0x0000000020001ba9        0x3 
 .bss.configured_freq
                0x0000000020001bac       0x28 CMakeFiles/sdanalyst.dir/home/miguel/pico/pico-sdk/src/rp2_common/hardware_clocks/clocks.c.o
 .bss.current_analysis
                0x0000000020001bd4       0x18 CMakeFiles/sdanalyst.dir/src/sd_analyzer.c.o
 .bss.desc_str.0
                0x0000000020001bec       0x28 CMakeFiles/sdanalyst.dir/home/miguel/pico/pico-sdk/src/rp2_common/pico_stdio_usb/stdio_usb_descriptors.c.o
 .bss.drivers   0x0000000020001c14        0x4 CMakeFiles/sdanalyst.dir/home/miguel/pico/pico-sdk/src/rp2_common/pico_stdio/stdio.c.o
 .bss.e15_last_sof
                0x0000000020001c18        0x4 CMakeFiles/sdanalyst.dir/home/miguel/pico/pico-sdk/lib/tinyusb/src/portable/raspberrypi/rp2040/rp2040_usb.c.o
                0x0000000020001c18                e15_last_sof
 .bss.filter    0x0000000020001c1c        0x4 CMakeFiles/sdanalyst.dir/home/miguel/pico/pico-sdk/src/rp2_common/pico_stdio/stdio.c.o
 .bss.hw_endpoints
                0x0000000020001c20      0x400 CMakeFiles/sdanalyst.dir/home/miguel/pico/pico-sdk/lib/tinyusb/src/portable/raspberrypi/rp2040/dcd_rp2040.c.o
 .bss.lazy_vsnprintf
                0x0000000020002020        0x4 CMakeFiles/sdanalyst.dir/home/miguel/pico/pico-sdk/src/rp2_common/pico_printf/printf.c.o
 .bss.load_value
                0x0000000020002024        0x4 CMakeFiles/sdanalyst.dir/home/miguel/pico/pico-sdk/src/rp2_common/hardware_watchdog/watchdog.c.o
 .bss.next_buffer_ptr
                0x0000000020002028        0x4 CMakeFiles/sdanalyst.dir/home/miguel/pico/pico-sdk/lib/tinyusb/src/portable/raspberrypi/rp2040/dcd_rp2040.c.o
 .bss.one_shot_timer_crit_sec
                0x000000002000202c        0x8 CMakeFiles/sdanalyst.dir/home/miguel/pico/pico-sdk/src/rp2_common/pico_stdio_usb/stdio_usb.c.o
 .bss.pools     0x0000000020002034       0x10 CMakeFiles/sdanalyst.dir/home/miguel/pico/pico-sdk/src/common/pico_time/time.c.o
 .bss.retrieved_id
                0x0000000020002044        0x8 CMakeFiles/sdanalyst.dir/home/miguel/pico/pico-sdk/src/rp2_common/pico_unique_id/unique_id.c.o
 .bss.sd_cs_pin
                0x000000002000204c        0x4 CMakeFiles/sdanalyst.dir/src/sd_card.c.o
 .bss.sd_info   0x0000000020002050        0xc CMakeFiles/sdanalyst.dir/src/sd_card.c.o
 .bss.sd_spi    0x000000002000205c        0x4 CMakeFiles/sdanalyst.dir/src/sd_card.c.o
 .bss.sf_clz_func
                0x0000000020002060        0x4 CMakeFiles/sdanalyst.dir/home/miguel/pico/pico-sdk/src/rp2_common/pico_double/double_init_rom_rp2040.c.o
                0x0000000020002060                sf_clz_func
 .bss.sleep_notifier
                0x0000000020002064        0x4 CMakeFiles/sdanalyst.dir/home/miguel/pico/pico-sdk/src/common/pico_time/time.c.o
 .bss.stdio_usb_mutex
                0x0000000020002068        0x8 CMakeFiles/sdanalyst.dir/home/miguel/pico/pico-sdk/src/rp2_common/pico_stdio_usb/stdio_usb.c.o
 .bss.usbd_serial_str
                0x0000000020002070       0x11 CMakeFiles/sdanalyst.dir/home/miguel/pico/pico-sdk/src/rp2_common/pico_stdio_usb/stdio_usb_descriptors.c.o
 .bss._app_driver_count
                0x0000000020002081        0x1 CMakeFiles/sdanalyst.dir/home/miguel/pico/pico-sdk/lib/tinyusb/src/device/usbd.c.o
 .bss._sof_enable
                0x0000000020002082        0x1 CMakeFiles/sdanalyst.dir/home/miguel/pico/pico-sdk/lib/tinyusb/src/portable/raspberrypi/rp2040/dcd_rp2040.c.o
 .bss._usbd_queued_setup