Archive member included to satisfy reference by file (symbol)

/usr/lib/gcc/arm-none-eabi/10.3.1/thumb/v6-m/nofp/libgcc.a(_dvmd_tls.o)
                              CMakeFiles/sdanalyst.dir/home/miguel/pico/pico-sdk/src/rp2_common/pico_divider/divider_hardware.S.o (__aeabi_idiv0)
/usr/lib/gcc/arm-none-eabi/10.3.1/../../../arm-none-eabi/lib/thumb/v6-m/nofp/libg.a(lib_a-atexit.o)
                              /usr/lib/gcc/arm-none-eabi/10.3.1/../../../arm-none-eabi/lib/thumb/v6-m/nofp/crt0.o (atexit)
/usr/lib/gcc/arm-none-eabi/10.3.1/../../../arm-none-eabi/lib/thumb/v6-m/nofp/libg.a(lib_a-calloc.o)
                              CMakeFiles/sdanalyst.dir/home/miguel/pico/pico-sdk/src/rp2_common/pico_malloc/malloc.c.o (calloc)
/usr/lib/gcc/arm-none-eabi/10.3.1/../../../arm-none-eabi/lib/thumb/v6-m/nofp/libg.a(lib_a-callocr.o)
                              /usr/lib/gcc/arm-none-eabi/10.3.1/../../../arm-none-eabi/lib/thumb/v6-m/nofp/libg.a(lib_a-calloc.o) (_calloc_r)
/usr/lib/gcc/arm-none-eabi/10.3.1/../../../arm-none-eabi/lib/thumb/v6-m/nofp/libg.a(lib_a-fini.o)
                              /usr/lib/gcc/arm-none-eabi/10.3.1/../../../arm-none-eabi/lib/thumb/v6-m/nofp/crt0.o (__libc_fini_array)
/usr/lib/gcc/arm-none-eabi/10.3.1/../../../arm-none-eabi/lib/thumb/v6-m/nofp/libg.a(lib_a-impure.o)
                              /usr/lib/gcc/arm-none-eabi/10.3.1/../../../arm-none-eabi/lib/thumb/v6-m/nofp/libg.a(lib_a-calloc.o) (_impure_ptr)
/usr/lib/gcc/arm-none-eabi/10.3.1/../../../arm-none-eabi/lib/thumb/v6-m/nofp/libg.a(lib_a-init.o)
                              /usr/lib/gcc/arm-none-eabi/10.3.1/../../../arm-none-eabi/lib/thumb/v6-m/nofp/crt0.o (__libc_init_array)
/usr/lib/gcc/arm-none-eabi/10.3.1/../../../arm-none-eabi/lib/thumb/v6-m/nofp/libg.a(lib_a-lcltime_r.o)
                              CMakeFiles/sdanalyst.dir/home/miguel/pico/pico-sdk/src/common/pico_util/datetime.c.o (localtime_r)
/usr/lib/gcc/arm-none-eabi/10.3.1/../../../arm-none-eabi/lib/thumb/v6-m/nofp/libg.a(lib_a-malloc.o)
                              CMakeFiles/sdanalyst.dir/home/miguel/pico/pico-sdk/src/rp2_common/pico_malloc/malloc.c.o (malloc)
/usr/lib/gcc/arm-none-eabi/10.3.1/../../../arm-none-eabi/lib/thumb/v6-m/nofp/libg.a(lib_a-mallocr.o)
                              /usr/lib/gcc/arm-none-eabi/10.3.1/../../../arm-none-eabi/lib/thumb/v6-m/nofp/libg.a(lib_a-callocr.o) (_malloc_r)
/usr/lib/gcc/arm-none-eabi/10.3.1/../../../arm-none-eabi/lib/thumb/v6-m/nofp/libg.a(lib_a-memcmp.o)
                              CMakeFiles/sdanalyst.dir/src/sd_analyzer.c.o (memcmp)
/usr/lib/gcc/arm-none-eabi/10.3.1/../../../arm-none-eabi/lib/thumb/v6-m/nofp/libg.a(lib_a-mktime.o)
                              CMakeFiles/sdanalyst.dir/home/miguel/pico/pico-sdk/src/common/pico_util/datetime.c.o (mktime)
/usr/lib/gcc/arm-none-eabi/10.3.1/../../../arm-none-eabi/lib/thumb/v6-m/nofp/libg.a(lib_a-mlock.o)
                              /usr/lib/gcc/arm-none-eabi/10.3.1/../../../arm-none-eabi/lib/thumb/v6-m/nofp/libg.a(lib_a-mallocr.o) (__malloc_lock)
/usr/lib/gcc/arm-none-eabi/10.3.1/../../../arm-none-eabi/lib/thumb/v6-m/nofp/libg.a(lib_a-month_lengths.o)
                              /usr/lib/gcc/arm-none-eabi/10.3.1/../../../arm-none-eabi/lib/thumb/v6-m/nofp/libg.a(lib_a-lcltime_r.o) (__month_lengths)
/usr/lib/gcc/arm-none-eabi/10.3.1/../../../arm-none-eabi/lib/thumb/v6-m/nofp/libg.a(lib_a-realloc.o)
                              CMakeFiles/sdanalyst.dir/home/miguel/pico/pico-sdk/src/rp2_common/pico_malloc/malloc.c.o (realloc)
/usr/lib/gcc/arm-none-eabi/10.3.1/../../../arm-none-eabi/lib/thumb/v6-m/nofp/libg.a(lib_a-reallocr.o)
                              /usr/lib/gcc/arm-none-eabi/10.3.1/../../../arm-none-eabi/lib/thumb/v6-m/nofp/libg.a(lib_a-realloc.o) (_realloc_r)
/usr/lib/gcc/arm-none-eabi/10.3.1/../../../arm-none-eabi/lib/thumb/v6-m/nofp/libg.a(lib_a-sbrkr.o)
                              /usr/lib/gcc/arm-none-eabi/10.3.1/../../../arm-none-eabi/lib/thumb/v6-m/nofp/libg.a(lib_a-mallocr.o) (_sbrk_r)
/usr/lib/gcc/arm-none-eabi/10.3.1/../../../arm-none-eabi/lib/thumb/v6-m/nofp/libg.a(lib_a-strcmp.o)
                              CMakeFiles/sdanalyst.dir/src/sd_analyzer.c.o (strcmp)
/usr/lib/gcc/arm-none-eabi/10.3.1/../../../arm-none-eabi/lib/thumb/v6-m/nofp/libg.a(lib_a-strlen-stub.o)
                              CMakeFiles/sdanalyst.dir/src/sd_analyzer.c.o (strlen)
/usr/lib/gcc/arm-none-eabi/10.3.1/../../../arm-none-eabi/lib/thumb/v6-m/nofp/libg.a(lib_a-strncat.o)
                              CMakeFiles/sdanalyst.dir/src/sd_analyzer.c.o (strncat)
/usr/lib/gcc/arm-none-eabi/10.3.1/../../../arm-none-eabi/lib/thumb/v6-m/nofp/libg.a(lib_a-strncpy.o)
                              CMakeFiles/sdanalyst.dir/src/sd_analyzer.c.o (strncpy)
/usr/lib/gcc/arm-none-eabi/10.3.1/../../../arm-none-eabi/lib/thumb/v6-m/nofp/libg.a(lib_a-tzcalc_limits.o)
[...]
Memory Configuration

Name             Origin             Length             Attributes
FLASH            0x0000000010000000 0x0000000000200000 xr
RAM              0x0000000020000000 0x0000000000040000 xrw
SCRATCH_X        0x0000000020040000 0x0000000000001000 xrw
SCRATCH_Y        0x0000000020041000 0x0000000000001000 xrw
*default*        0x0000000000000000 0xffffffffffffffff

Linker script and memory map

LOAD /usr/lib/gcc/arm-none-eabi/10.3.1/thumb/v6-m/nofp/crti.o
LOAD /usr/lib/gcc/arm-none-eabi/10.3.1/thumb/v6-m/nofp/crtbegin.o
LOAD /usr/lib/gcc/arm-none-eabi/10.3.1/../../../arm-none-eabi/lib/thumb/v6-m/nofp/crt0.o

.flash_begin    0x0000000010000000        0x0
                0x0000000010000000                __flash_binary_start = .

.boot2          0x0000000010000000      0x100
                0x0000000010000000                __boot2_start__ = .
 *(.boot2)
 .boot2         0x0000000010000000      0x100 pico-sdk/src/rp2040/boot_stage2/CMakeFiles/bs2_default_library.dir/bs2_default_padded_checksummed.S.o
                0x0000000010000100                __boot2_end__ = .
                0x0000000000000001                ASSERT (((__boot2_end__ - __boot2_start__) == 0x100), ERROR: Pico second stage bootloader must be 256 bytes in size)

.text           0x0000000010000100     0x85b4
                0x0000000010000100                __logical_binary_start = .
 *(.vectors)
 .vectors       0x0000000010000100       0xd4 CMakeFiles/sdanalyst.dir/home/miguel/pico/pico-sdk/src/rp2_common/pico_crt0/crt0.S.o
                0x0000000010000100                __vectors
                0x0000000010000100                __VECTOR_TABLE
                0x00000000100001c0                isr_irq30
                0x00000000100001c0                __unhandled_user_irq
                0x00000000100001c0                isr_irq13
                0x00000000100001c0                isr_irq27
                0x00000000100001c0                isr_irq31
                0x00000000100001c0                isr_irq5
                0x00000000100001c0                isr_irq11
                0x00000000100001c0                isr_irq23
                0x00000000100001c0                isr_irq18
                0x00000000100001c0                isr_irq28
                0x00000000100001c0                isr_irq19
                0x00000000100001c0                isr_irq0
                0x00000000100001c0                isr_irq6
                0x00000000100001c0                isr_irq22
                0x00000000100001c0                isr_irq17
                0x00000000100001c0                isr_irq14
                0x00000000100001c0                __vectors_end
                0x00000000100001c0                __default_isrs_start
                0x00000000100001c0                isr_irq2
                0x00000000100001c0                isr_irq10
                0x00000000100001c0                isr_irq8
                0x00000000100001c0                isr_irq24
                0x00000000100001c0                isr_irq1
                0x00000000100001c0                isr_irq7
                0x00000000100001c0                isr_irq21
                0x00000000100001c0                isr_irq20
                0x00000000100001c0                isr_irq15
                0x00000000100001c0                isr_irq25
                0x00000000100001c0                isr_irq4
                0x00000000100001c0                isr_irq16
                0x00000000100001c0                isr_irq29
                0x00000000100001c0                isr_irq26
                0x00000000100001c0                isr_irq3
                0x00000000100001c0                isr_irq12
                0x00000000100001c0                isr_irq9
                0x00000000100001c6                unhandled_user_irq_num_in_r0
                0x00000000100001c8                isr_invalid
                0x00000000100001ca                isr_nmi
                0x00000000100001cc                isr_hardfault
                0x00000000100001ce                isr_svcall
                0x00000000100001d0                isr_pendsv
                0x00000000100001d2                isr_systick
                0x00000000100001d4                __default_isrs_end
 *(.binary_info_header)
 .binary_info_header
                0x00000000100001d4       0x14 CMakeFiles/sdanalyst.dir/home/miguel/pico/pico-sdk/src/rp2_common/pico_crt0/crt0.S.o
                0x00000000100001e8                __binary_info_header_end = .
 *(.embedded_block)
                0x00000000100001e8                __embedded_block_end = .
 *(.reset)
 .reset         0x00000000100001e8       0x9c CMakeFiles/sdanalyst.dir/home/miguel/pico/pico-sdk/src/rp2_common/pico_crt0/crt0.S.o
                0x00000000100001e8                _entry_point
 *(.init)
 .init          0x0000000010000284        0x4 /usr/lib/gcc/arm-none-eabi/10.3.1/thumb/v6-m/nofp/crti.o
                0x0000000010000284                _init
 *(EXCLUDE_FILE(*libm.a: *libc.a:*lib_a-mem*.o *libgcc.a:) .text*)
 .text          0x0000000010000288       0x98 /usr/lib/gcc/arm-none-eabi/10.3.1/thumb/v6-m/nofp/crtbegin.o
 .text.startup.main
                0x0000000010000320      0x11c CMakeFiles/sdanalyst.dir/src/main_optimized.c.o
                0x0000000010000320                main
 .text.sd_send_command
                0x000000001000043c       0xf4 CMakeFiles/sdanalyst.dir/src/sd_card.c.o
 .text.sd_send_command.constprop.1
                0x0000000010000530       0xb0 CMakeFiles/sdanalyst.dir/src/sd_card.c.o
 .text.sd_send_command.constprop.0
                0x00000000100005e0       0xc0 CMakeFiles/sdanalyst.dir/src/sd_card.c.o
 .text.sd_init  0x00000000100006a0      0x424 CMakeFiles/sdanalyst.dir/src/sd_card.c.o
                0x00000000100006a0                sd_init
 .text.sd_get_info
                0x0000000010000ac4       0x10 CMakeFiles/sdanalyst.dir/src/sd_card.c.o
                0x0000000010000ac4                sd_get_info
 .text.sd_read_block
                0x0000000010000ad4      0x13c CMakeFiles/sdanalyst.dir/src/sd_card.c.o
                0x0000000010000ad4                sd_read_block
 .text.sd_analyzer_init
                0x0000000010000c10       0xa4 CMakeFiles/sdanalyst.dir/src/sd_analyzer.c.o
                0x0000000010000c10                sd_analyzer_init
 .text.sd_analyzer_get_info
                0x0000000010000cb4       0xa4 CMakeFiles/sdanalyst.dir/src/sd_analyzer.c.o
                0x0000000010000cb4                sd_analyzer_get_info
 .text.sd_analyzer_print_card_info
                0x0000000010000d58       0x84 CMakeFiles/sdanalyst.dir/src/sd_analyzer.c.o
                0x0000000010000d58                sd_analyzer_print_card_info
 .text.sd_analyzer_print_banner
                0x0000000010000ddc       0x4c CMakeFiles/sdanalyst.dir/src/sd_analyzer.c.o
                0x0000000010000ddc                sd_analyzer_print_banner
 .text.sd_analyzer_detect_filesystem
                0x0000000010000e28      0x204 CMakeFiles/sdanalyst.dir/src/sd_analyzer.c.o
                0x0000000010000e28                sd_analyzer_detect_filesystem
 .text.sd_analyzer_parse_mbr
                0x000000001000102c      0x228 CMakeFiles/sdanalyst.dir/src/sd_analyzer.c.o
                0x000000001000102c                sd_analyzer_parse_mbr
 .text.sd_analyzer_parse_gpt
                0x0000000010001254      0x2cc CMakeFiles/sdanalyst.dir/src/sd_analyzer.c.o
                0x0000000010001254                sd_analyzer_parse_gpt
 .text.sd_analyzer_read_and_display_sector
                0x0000000010001520      0x12c CMakeFiles/sdanalyst.dir/src/sd_analyzer.c.o
                0x0000000010001520                sd_analyzer_read_and_display_sector
 .text.sd_analyzer_list_fat_directory
                0x000000001000164c      0x5f4 CMakeFiles/sdanalyst.dir/src/sd_analyzer.c.o
                0x000000001000164c                sd_analyzer_list_fat_directory
 .text.sd_analyzer_analyze_fat
                0x0000000010001c40       0xd8 CMakeFiles/sdanalyst.dir/src/sd_analyzer.c.o
                0x0000000010001c40                sd_analyzer_analyze_fat
 .text.gpio_set_function
                0x0000000010001d18       0x34 CMakeFiles/sdanalyst.dir/home/miguel/pico/pico-sdk/src/rp2_common/hardware_gpio/gpio.c.o
                0x0000000010001d18                gpio_set_function
 .text.gpio_init
                0x0000000010001d4c       0x40 CMakeFiles/sdanalyst.dir/home/miguel/pico/pico-sdk/src/rp2_common/hardware_gpio/gpio.c.o
                0x0000000010001d4c                gpio_init
 .text.rp2040_chip_version
                0x0000000010001d8c        0xc CMakeFiles/sdanalyst.dir/home/miguel/pico/pico-sdk/src/rp2040/pico_platform/platform.c.o
                0x0000000010001d8c                rp2040_chip_version
 .text.panic    0x0000000010001d98       0x30 CMakeFiles/sdanalyst.dir/home/miguel/pico/pico-sdk/src/rp2_common/pico_platform_panic/panic.c.o
                0x0000000010001d98                panic
 .text.hw_claim_or_assert
                0x0000000010001dc8       0x44 CMakeFiles/sdanalyst.dir/home/miguel/pico/pico-sdk/src/common/hardware_claim/claim.c.o
                0x0000000010001dc8                hw_claim_or_assert
 .text.hw_claim_unused_from_range
                0x0000000010001e0c       0x9c CMakeFiles/sdanalyst.dir/home/miguel/pico/pico-sdk/src/common/hardware_claim/claim.c.o
                0x0000000010001e0c                hw_claim_unused_from_range
 .text.next_striped_spin_lock_num
                0x0000000010001ea8       0x18 CMakeFiles/sdanalyst.dir/home/miguel/pico/pico-sdk/src/rp2_common/hardware_sync/sync.c.o
                0x0000000010001ea8                next_striped_spin_lock_num
 .text.spin_lock_claim_unused
                0x0000000010001ec0       0x20 CMakeFiles/sdanalyst.dir/home/miguel/pico/pico-sdk/src/rp2_common/hardware_sync/sync.c.o
                0x0000000010001ec0                spin_lock_claim_unused
 .text.spin_locks_reset
                0x0000000010001ee0       0x1c CMakeFiles/sdanalyst.dir/home/miguel/pico/pico-sdk/src/rp2_common/hardware_sync_spin_lock/sync_spin_lock.c.o
                0x0000000010001ee0                spin_locks_reset
 .text.runtime_init_per_core_irq_priorities
                0x0000000010001efc       0x24 CMakeFiles/sdanalyst.dir/home/miguel/pico/pico-sdk/src/rp2_common/hardware_irq/irq.c.o
                0x0000000010001efc                runtime_init_per_core_irq_priorities
 .text.irq_set_enabled
                0x0000000010001f20       0x24 CMakeFiles/sdanalyst.dir/home/miguel/pico/pico-sdk/src/rp2_common/hardware_irq/irq.c.o
                0x0000000010001f20                irq_set_enabled
 .text.irq_is_enabled
                0x0000000010001f44       0x18 CMakeFiles/sdanalyst.dir/home/miguel/pico/pico-sdk/src/rp2_common/hardware_irq/irq.c.o
                0x0000000010001f44                irq_is_enabled
 .text.irq_set_pending
                0x0000000010001f5c       0x10 CMakeFiles/sdanalyst.dir/home/miguel/pico/pico-sdk/src/rp2_common/hardware_irq/irq.c.o
                0x0000000010001f5c                irq_set_pending
 .text.irq_has_shared_handler
                0x0000000010001f6c       0x24 CMakeFiles/sdanalyst.dir/home/miguel/pico/pico-sdk/src/rp2_common/hardware_irq/irq.c.o
                0x0000000010001f6c                irq_has_shared_handler
 .text.irq_set_exclusive_handler
                0x0000000010001f90       0x54 CMakeFiles/sdanalyst.dir/home/miguel/pico/pico-sdk/src/rp2_common/hardware_irq/irq.c.o
                0x0000000010001f90                irq_set_exclusive_handler
 .text.irq_add_shared_handler
                0x0000000010001fe4      0x1e8 CMakeFiles/sdanalyst.dir/home/miguel/pico/pico-sdk/src/rp2_common/hardware_irq/irq.c.o
                0x0000000010001fe4                irq_add_shared_handler
 .text.irq_add_tail_to_free_list
                0x00000000100021cc       0xb4 CMakeFiles/sdanalyst.dir/home/miguel/pico/pico-sdk/src/rp2_common/hardware_irq/irq.c.o
                0x00000000100021cc                irq_add_tail_to_free_list
 .text.user_irq_claim_unused
                0x0000000010002280       0x28 CMakeFiles/sdanalyst.dir/home/miguel/pico/pico-sdk/src/rp2_common/hardware_irq/irq.c.o
                0x0000000010002280                user_irq_claim_unused
 .text.lock_init
                0x00000000100022a8       0x10 CMakeFiles/sdanalyst.dir/home/miguel/pico/pico-sdk/src/common/pico_sync/lock_core.c.o
                0x00000000100022a8                lock_init
 .text.runtime_init_mutex
                0x00000000100022b8       0x58 CMakeFiles/sdanalyst.dir/home/miguel/pico/pico-sdk/src/common/pico_sync/mutex.c.o
                0x00000000100022b8                runtime_init_mutex
 .text.mutex_init
                0x0000000010002310       0x1c CMakeFiles/sdanalyst.dir/home/miguel/pico/pico-sdk/src/common/pico_sync/mutex.c.o
                0x0000000010002310                mutex_init
 .text.critical_section_init
                0x000000001000232c       0x20 CMakeFiles/sdanalyst.dir/home/miguel/pico/pico-sdk/src/common/pico_sync/critical_section.c.o
                0x000000001000232c                critical_section_init
 .text.critical_section_init_with_lock_num
                0x000000001000234c       0x14 CMakeFiles/sdanalyst.dir/home/miguel/pico/pico-sdk/src/common/pico_sync/critical_section.c.o
                0x000000001000234c                critical_section_init_with_lock_num
 .text.sleep_until_callback
                0x0000000010002360       0x30 CMakeFiles/sdanalyst.dir/home/miguel/pico/pico-sdk/src/common/pico_time/time.c.o
 .text.alarm_pool_irq_handler
                0x0000000010002390      0x308 CMakeFiles/sdanalyst.dir/home/miguel/pico/pico-sdk/src/common/pico_time/time.c.o
 .text.runtime_init_default_alarm_pool
                0x0000000010002698       0xdc CMakeFiles/sdanalyst.dir/home/miguel/pico/pico-sdk/src/common/pico_time/time.c.o
                0x0000000010002698                runtime_init_default_alarm_pool
 .text.alarm_pool_get_default
                0x0000000010002774        0x8 CMakeFiles/sdanalyst.dir/home/miguel/pico/pico-sdk/src/common/pico_time/time.c.o
                0x0000000010002774                alarm_pool_get_default
 .text.alarm_pool_add_alarm_at
                0x000000001000277c       0xc8 CMakeFiles/sdanalyst.dir/home/miguel/pico/pico-sdk/src/common/pico_time/time.c.o
                0x000000001000277c                alarm_pool_add_alarm_at
 .text.alarm_pool_add_alarm_at_force_in_context
                0x0000000010002844       0xb0 CMakeFiles/sdanalyst.dir/home/miguel/pico/pico-sdk/src/common/pico_time/time.c.o
                0x0000000010002844                alarm_pool_add_alarm_at_force_in_context
 .text.alarm_pool_cancel_alarm
                0x00000000100028f4       0x7c CMakeFiles/sdanalyst.dir/home/miguel/pico/pico-sdk/src/common/pico_time/time.c.o
                0x00000000100028f4                alarm_pool_cancel_alarm
 .text.alarm_pool_core_num
                0x0000000010002970        0x4 CMakeFiles/sdanalyst.dir/home/miguel/pico/pico-sdk/src/common/pico_time/time.c.o
                0x0000000010002970                alarm_pool_core_num
 .text.sleep_until
                0x0000000010002974       0xd0 CMakeFiles/sdanalyst.dir/home/miguel/pico/pico-sdk/src/common/pico_time/time.c.o
                0x0000000010002974                sleep_until
 .text.sleep_ms
                0x0000000010002a44       0x34 CMakeFiles/sdanalyst.dir/home/miguel/pico/pico-sdk/src/common/pico_time/time.c.o
                0x0000000010002a44                sleep_ms
 .text.best_effort_wfe_or_timeout
                0x0000000010002a78       0xfc CMakeFiles/sdanalyst.dir/home/miguel/pico/pico-sdk/src/common/pico_time/time.c.o
                0x0000000010002a78                best_effort_wfe_or_timeout
 .text.timer_hardware_alarm_claim
                0x0000000010002b74       0x14 CMakeFiles/sdanalyst.dir/home/miguel/pico/pico-sdk/src/rp2_common/hardware_timer/timer.c.o
                0x0000000010002b74                timer_hardware_alarm_claim
 .text.timer_time_us_64
                0x0000000010002b88       0x10 CMakeFiles/sdanalyst.dir/home/miguel/pico/pico-sdk/src/rp2_common/hardware_timer/timer.c.o
                0x0000000010002b88                timer_time_us_64
 .text.time_us_64
                0x0000000010002b98       0x14 CMakeFiles/sdanalyst.dir/home/miguel/pico/pico-sdk/src/rp2_common/hardware_timer/timer.c.o
                0x0000000010002b98                time_us_64
 .text.busy_wait_until
                0x0000000010002bac       0x20 CMakeFiles/sdanalyst.dir/home/miguel/pico/pico-sdk/src/rp2_common/hardware_timer/timer.c.o
                0x0000000010002bac                busy_wait_until
 .text.clock_configure_int_divider
                0x0000000010002bcc       0xf4 CMakeFiles/sdanalyst.dir/home/miguel/pico/pico-sdk/src/rp2_common/hardware_clocks/clocks.c.o
                0x0000000010002bcc                clock_configure_int_divider
 .text.clock_configure_undivided
                0x0000000010002cc0       0xe8 CMakeFiles/sdanalyst.dir/home/miguel/pico/pico-sdk/src/rp2_common/hardware_clocks/clocks.c.o
                0x0000000010002cc0                clock_configure_undivided
 .text.clock_get_hz
                0x0000000010002da8        0xc CMakeFiles/sdanalyst.dir/home/miguel/pico/pico-sdk/src/rp2_common/hardware_clocks/clocks.c.o
                0x0000000010002da8                clock_get_hz
 .text.pll_init
                0x0000000010002db4       0xa0 CMakeFiles/sdanalyst.dir/home/miguel/pico/pico-sdk/src/rp2_common/hardware_pll/pll.c.o
                0x0000000010002db4                pll_init
 .text.watchdog_reboot
                0x0000000010002e54       0x98 CMakeFiles/sdanalyst.dir/home/miguel/pico/pico-sdk/src/rp2_common/hardware_watchdog/watchdog.c.o
                0x0000000010002e54                watchdog_reboot
 .text.tick_start
                0x0000000010002eec       0x10 CMakeFiles/sdanalyst.dir/home/miguel/pico/pico-sdk/src/rp2_common/hardware_ticks/ticks.c.o
                0x0000000010002eec                tick_start
 .text.rom_func_lookup
                0x0000000010002efc       0x10 CMakeFiles/sdanalyst.dir/home/miguel/pico/pico-sdk/src/rp2_common/pico_bootrom/bootrom.c.o
                0x0000000010002efc                rom_func_lookup
 .text.rom_data_lookup
                0x0000000010002f0c       0x10 CMakeFiles/sdanalyst.dir/home/miguel/pico/pico-sdk/src/rp2_common/pico_bootrom/bootrom.c.o
                0x0000000010002f0c                rom_data_lookup
 .text.rom_funcs_lookup
                0x0000000010002f1c       0x44 CMakeFiles/sdanalyst.dir/home/miguel/pico/pico-sdk/src/rp2_common/pico_bootrom/bootrom.c.o
                0x0000000010002f1c                rom_funcs_lookup
 .text.rom_reset_usb_boot_extra
                0x0000000010002f60       0x28 CMakeFiles/sdanalyst.dir/home/miguel/pico/pico-sdk/src/rp2_common/pico_bootrom/bootrom.c.o
                0x0000000010002f60                rom_reset_usb_boot_extra
 .text.xosc_init
                0x0000000010002f88       0x28 CMakeFiles/sdanalyst.dir/home/miguel/pico/pico-sdk/src/rp2_common/hardware_xosc/xosc.c.o
                0x0000000010002f88                xosc_init
 .text.first_per_core_initializer
                0x0000000010002fb0        0x4 CMakeFiles/sdanalyst.dir/home/miguel/pico/pico-sdk/src/rp2_common/pico_runtime/runtime.c.o
 .text.hard_assertion_failure
                0x0000000010002fb4        0xc CMakeFiles/sdanalyst.dir/home/miguel/pico/pico-sdk/src/rp2_common/pico_runtime/runtime.c.o
                0x0000000010002fb4                hard_assertion_failure
 .text.runtime_run_initializers
                0x0000000010002fc0       0x28 CMakeFiles/sdanalyst.dir/home/miguel/pico/pico-sdk/src/rp2_common/pico_runtime/runtime.c.o
                0x0000000010002fc0                runtime_run_initializers
 .text.runtime_init_early_resets
                0x0000000010002fe8       0x2c CMakeFiles/sdanalyst.dir/home/miguel/pico/pico-sdk/src/rp2_common/pico_runtime_init/runtime_init.c.o
                0x0000000010002fe8                runtime_init_early_resets
 .text.runtime_init_usb_power_down
                0x0000000010003014       0x1c CMakeFiles/sdanalyst.dir/home/miguel/pico/pico-sdk/src/rp2_common/pico_runtime_init/runtime_init.c.o
                0x0000000010003014                runtime_init_usb_power_down
 .text.runtime_init_post_clock_resets
                0x0000000010003030       0x20 CMakeFiles/sdanalyst.dir/home/miguel/pico/pico-sdk/src/rp2_common/pico_runtime_init/runtime_init.c.o
                0x0000000010003030                runtime_init_post_clock_resets
 .text.runtime_init_rp2040_gpio_ie_disable
                0x0000000010003050       0x14 CMakeFiles/sdanalyst.dir/home/miguel/pico/pico-sdk/src/rp2_common/pico_runtime_init/runtime_init.c.o
                0x0000000010003050                runtime_init_rp2040_gpio_ie_disable
 .text.runtime_init_spin_locks_reset
                0x0000000010003064        0x8 CMakeFiles/sdanalyst.dir/home/miguel/pico/pico-sdk/src/rp2_common/pico_runtime_init/runtime_init.c.o
                0x0000000010003064                runtime_init_spin_locks_reset
 .text.runtime_init_install_ram_vector_table
                0x000000001000306c       0xcc CMakeFiles/sdanalyst.dir/home/miguel/pico/pico-sdk/src/rp2_common/pico_runtime_init/runtime_init.c.o
                0x000000001000306c                runtime_init_install_ram_vector_table
 .text.runtime_init_clocks
                0x0000000010003138       0xd8 CMakeFiles/sdanalyst.dir/home/miguel/pico/pico-sdk/src/rp2_common/pico_runtime_init/runtime_init_clocks.c.o
                0x0000000010003138                runtime_init_clocks
 .text          0x0000000010003210       0x10 CMakeFiles/sdanalyst.dir/home/miguel/pico/pico-sdk/src/rp2_common/pico_bit_ops/bit_ops_aeabi.S.o
 .text.__wrap___aeabi_idiv
                0x0000000010003220       0x50 CMakeFiles/sdanalyst.dir/home/miguel/pico/pico-sdk/src/rp2_common/pico_divider/divider_hardware.S.o
                0x0000000010003220                __wrap___aeabi_idivmod
                0x0000000010003220                divmod_s32s32
                0x0000000010003220                div_s32s32
                0x0000000010003220                __wrap___aeabi_idiv
                0x0000000010003228                divmod_s32s32_unsafe
                0x0000000010003254                divmod_s32s32_savestate
 .text.__wrap___aeabi_uidiv
                0x0000000010003270       0x4c CMakeFiles/sdanalyst.dir/home/miguel/pico/pico-sdk/src/rp2_common/pico_divider/divider_hardware.S.o
                0x0000000010003270                __wrap___aeabi_uidiv
                0x0000000010003270                __wrap___aeabi_uidivmod
                0x0000000010003270                div_u32u32
                0x0000000010003270                divmod_u32u32
                0x0000000010003278                divmod_u32u32_unsafe
                0x00000000100032a0                divmod_u32u32_savestate
 .text.__wrap___aeabi_ldiv
                0x00000000100032bc      0x424 CMakeFiles/sdanalyst.dir/home/miguel/pico/pico-sdk/src/rp2_common/pico_divider/divider_hardware.S.o
                0x00000000100032bc                div_s64s64
                0x00000000100032bc                divmod_s64s64
                0x00000000100032bc                __wrap___aeabi_ldivmod
                0x00000000100032ec                div_u64u64
                0x00000000100032ec                divmod_u64u64
                0x00000000100032ec                __wrap___aeabi_uldivmod
                0x00000000100032fc                divmod_u64u64_savestate
                0x000000001000331c                divmod_s64s64_unsafe
                0x00000000100033a4                divmod_u64u64_unsafe
 .text.__wrap___aeabi_darithmetic
                0x00000000100036e0       0x80 CMakeFiles/sdanalyst.dir/home/miguel/pico/pico-sdk/src/rp2_common/pico_double/double_aeabi_rp2040.S.o
                0x00000000100036e0                __wrap___aeabi_drsub
                0x00000000100036e6                __wrap___aeabi_dsub
                0x00000000100036f8                __wrap___aeabi_dadd
                0x000000001000370a                __wrap___aeabi_ddiv
                0x0000000010003746                __wrap___aeabi_dmul
 .text.__wrap___aeabi_cdcmple
                0x0000000010003760       0x6c CMakeFiles/sdanalyst.dir/home/miguel/pico/pico-sdk/src/rp2_common/pico_double/double_aeabi_rp2040.S.o
                0x0000000010003760                __wrap___aeabi_cdrcmple
                0x0000000010003770                __wrap___aeabi_cdcmple
                0x0000000010003770                __wrap___aeabi_cdcmpeq
 .text.__wrap___aeabi_dcmplt
                0x00000000100037cc        0xc CMakeFiles/sdanalyst.dir/home/miguel/pico/pico-sdk/src/rp2_common/pico_double/double_aeabi_rp2040.S.o
                0x00000000100037cc                __wrap___aeabi_dcmplt
 .text.__wrap___aeabi_dcmple
                0x00000000100037d8       0x10 CMakeFiles/sdanalyst.dir/home/miguel/pico/pico-sdk/src/rp2_common/pico_double/double_aeabi_rp2040.S.o
                0x00000000100037d8                __wrap___aeabi_dcmple
 .text.__wrap___aeabi_dcmpge
                0x00000000100037e8       0x10 CMakeFiles/sdanalyst.dir/home/miguel/pico/pico-sdk/src/rp2_common/pico_double/double_aeabi_rp2040.S.o
                0x00000000100037e8                __wrap___aeabi_dcmpge
 .text.__wrap___aeabi_dcmpgt
                0x00000000100037f8        0xa CMakeFiles/sdanalyst.dir/home/miguel/pico/pico-sdk/src/rp2_common/pico_double/double_aeabi_rp2040.S.o
                0x00000000100037f8                __wrap___aeabi_dcmpgt
 .text.__wrap___aeabi_dcmpun
                0x0000000010003802       0x18 CMakeFiles/sdanalyst.dir/home/miguel/pico/pico-sdk/src/rp2_common/pico_double/double_aeabi_rp2040.S.o
                0x0000000010003802                __wrap___aeabi_dcmpun
 *fill*         0x000000001000381a        0x2 
 .text.__wrap___aeabi_i2d
                0x000000001000381c       0x38 CMakeFiles/sdanalyst.dir/home/miguel/pico/pico-sdk/src/rp2_common/pico_double/double_aeabi_rp2040.S.o
                0x000000001000381c                __wrap___aeabi_ui2d
                0x000000001000381c                uint2double
                0x0000000010003824                __wrap___aeabi_i2d
                0x0000000010003824                int2double
 .text.__wrap___aeabi_d2iz
                0x0000000010003854       0x48 CMakeFiles/sdanalyst.dir/home/miguel/pico/pico-sdk/src/rp2_common/pico_double/double_aeabi_rp2040.S.o
                0x0000000010003854                __wrap___aeabi_d2iz
                0x0000000010003854                double2int_z
 .text.__wrap___aeabi_d2uiz
                0x000000001000389c       0x18 CMakeFiles/sdanalyst.dir/home/miguel/pico/pico-sdk/src/rp2_common/pico_double/double_aeabi_rp2040.S.o
                0x000000001000389c                double2uint_z
                0x000000001000389c                double2uint
                0x000000001000389c                __wrap___aeabi_d2uiz
 .text.__wrap___aeabi_ul2d
                0x00000000100038b4       0x18 CMakeFiles/sdanalyst.dir/home/miguel/pico/pico-sdk/src/rp2_common/pico_double/double_aeabi_rp2040.S.o
                0x00000000100038b4                uint642double
                0x00000000100038b4                __wrap___aeabi_ul2d
 .text.__aeabi_double_init
                0x00000000100038cc       0xa0 CMakeFiles/sdanalyst.dir/home/miguel/pico/pico-sdk/src/rp2_common/pico_double/double_init_rom_rp2040.c.o
                0x00000000100038cc                __aeabi_double_init
 .text.double_table_shim_on_use_helper
                0x000000001000396c       0x2c CMakeFiles/sdanalyst.dir/home/miguel/pico/pico-sdk/src/rp2_common/pico_double/double_v1_rom_shim_rp2040.S.o
                0x000000001000396c                double_table_shim_on_use_helper
 .text.__wrap___aeabi_dsub
                0x0000000010003998       0x10 CMakeFiles/sdanalyst.dir/home/miguel/pico/pico-sdk/src/rp2_common/pico_double/double_v1_rom_shim_rp2040.S.o
                0x0000000010003998                drsub_shim
                0x000000001000399e                dsub_shim
 .text.dadd_shim
                0x00000000100039a8      0x15c CMakeFiles/sdanalyst.dir/home/miguel/pico/pico-sdk/src/rp2_common/pico_double/double_v1_rom_shim_rp2040.S.o
                0x00000000100039a8                dadd_shim
 .text.dmul_shim
                0x0000000010003b04      0x15c CMakeFiles/sdanalyst.dir/home/miguel/pico/pico-sdk/src/rp2_common/pico_double/double_v1_rom_shim_rp2040.S.o
                0x0000000010003b04                dmul_shim
 .text.ddiv_shim
                0x0000000010003c60      0x1b0 CMakeFiles/sdanalyst.dir/home/miguel/pico/pico-sdk/src/rp2_common/pico_double/double_v1_rom_shim_rp2040.S.o
                0x0000000010003c60                ddiv_shim
 .text.double2uint_shim
                0x0000000010003e10        0xe CMakeFiles/sdanalyst.dir/home/miguel/pico/pico-sdk/src/rp2_common/pico_double/double_v1_rom_shim_rp2040.S.o
                0x0000000010003e10                double2uint_shim
                0x0000000010003e12                double2ufix_shim
 *fill*         0x0000000010003e1e        0x2 
 .text.double2uint64_shim
                0x0000000010003e20       0x70 CMakeFiles/sdanalyst.dir/home/miguel/pico/pico-sdk/src/rp2_common/pico_double/double_v1_rom_shim_rp2040.S.o
                0x0000000010003e20                double2uint64_shim
                0x0000000010003e22                double2ufix64_shim
                0x0000000010003e42                d2fix_a
 .text.x2double_shims
                0x0000000010003e90       0x90 CMakeFiles/sdanalyst.dir/home/miguel/pico/pico-sdk/src/rp2_common/pico_double/double_v1_rom_shim_rp2040.S.o
                0x0000000010003e90                uint2double_shim
                0x0000000010003e92                ufix2double_shim
                0x0000000010003e98                int2double_shim
                0x0000000010003e9a                fix2double_shim
                0x0000000010003ea0                uint642double_shim
                0x0000000010003ea2                ufix642double_shim
                0x0000000010003ea8                int642double_shim
                0x0000000010003eaa                fix642double_shim
 .text.dunpacks
                0x0000000010003f20       0x3c CMakeFiles/sdanalyst.dir/home/miguel/pico/pico-sdk/src/rp2_common/pico_double/double_v1_rom_shim_rp2040.S.o
                0x0000000010003f20                dunpacks
 .text.__aeabi_lmul
                0x0000000010003f5c       0x32 CMakeFiles/sdanalyst.dir/home/miguel/pico/pico-sdk/src/rp2_common/pico_int64_ops/pico_int64_ops_aeabi.S.o
                0x0000000010003f5c                __wrap___aeabi_lmul
 *fill*         0x0000000010003f8e        0x2 
 .text.__aeabi_float_init
                0x0000000010003f90       0x64 CMakeFiles/sdanalyst.dir/home/miguel/pico/pico-sdk/src/rp2_common/pico_float/float_init_rom_rp2040.c.o
                0x0000000010003f90                __aeabi_float_init
 .text.float_table_shim_on_use_helper
                0x0000000010003ff4       0x2c CMakeFiles/sdanalyst.dir/home/miguel/pico/pico-sdk/src/rp2_common/pico_float/float_v1_rom_shim_rp2040.S.o
                0x0000000010003ff4                float_table_shim_on_use_helper
 .text          0x0000000010004020       0x10 CMakeFiles/sdanalyst.dir/home/miguel/pico/pico-sdk/src/rp2_common/pico_mem_ops/mem_ops_aeabi.S.o
                0x0000000010004020                __aeabi_mem_init
 .text.memset   0x0000000010004030        0xc CMakeFiles/sdanalyst.dir/home/miguel/pico/pico-sdk/src/rp2_common/pico_mem_ops/mem_ops_aeabi.S.o
                0x0000000010004030                __wrap_memset
 .text.memcpy   0x000000001000403c        0xc CMakeFiles/sdanalyst.dir/home/miguel/pico/pico-sdk/src/rp2_common/pico_mem_ops/mem_ops_aeabi.S.o
                0x000000001000403c                __wrap___aeabi_memcpy
                0x000000001000403c                __wrap_memcpy
 .text._out_buffer
                0x0000000010004048        0x8 CMakeFiles/sdanalyst.dir/home/miguel/pico/pico-sdk/src/rp2_common/pico_printf/printf.c.o
 .text._out_null
                0x0000000010004050        0x4 CMakeFiles/sdanalyst.dir/home/miguel/pico/pico-sdk/src/rp2_common/pico_printf/printf.c.o
 .text._out_rev
                0x0000000010004054       0x9c CMakeFiles/sdanalyst.dir/home/miguel/pico/pico-sdk/src/rp2_common/pico_printf/printf.c.o
 .text._ntoa_format
                0x00000000100040f0      0x1cc CMakeFiles/sdanalyst.dir/home/miguel/pico/pico-sdk/src/rp2_common/pico_printf/printf.c.o
 .text._out_char
                0x00000000100042bc       0x10 CMakeFiles/sdanalyst.dir/home/miguel/pico/pico-sdk/src/rp2_common/pico_printf/printf.c.o
 .text._out_fct
                0x00000000100042cc       0x10 CMakeFiles/sdanalyst.dir/home/miguel/pico/pico-sdk/src/rp2_common/pico_printf/printf.c.o
 .text._etoa    0x00000000100042dc      0x44c CMakeFiles/sdanalyst.dir/home/miguel/pico/pico-sdk/src/rp2_common/pico_printf/printf.c.o
 .text._ftoa    0x0000000010004728      0x398 CMakeFiles/sdanalyst.dir/home/miguel/pico/pico-sdk/src/rp2_common/pico_printf/printf.c.o
 .text._vsnprintf
                0x0000000010004ac0      0xb04 CMakeFiles/sdanalyst.dir/home/miguel/pico/pico-sdk/src/rp2_common/pico_printf/printf.c.o
 .text.__wrap_snprintf
                0x00000000100055c4       0x28 CMakeFiles/sdanalyst.dir/home/miguel/pico/pico-sdk/src/rp2_common/pico_printf/printf.c.o
                0x00000000100055c4                __wrap_snprintf
 .text.vfctprintf
                0x00000000100055ec       0x20 CMakeFiles/sdanalyst.dir/home/miguel/pico/pico-sdk/src/rp2_common/pico_printf/printf.c.o
                0x00000000100055ec                vfctprintf
 .text.weak_raw_vprintf
                0x000000001000560c       0x30 CMakeFiles/sdanalyst.dir/home/miguel/pico/pico-sdk/src/rp2_common/pico_printf/printf.c.o
                0x000000001000560c                weak_raw_vprintf
 .text._exit    0x000000001000563c        0x4 CMakeFiles/sdanalyst.dir/home/miguel/pico/pico-sdk/src/rp2_common/pico_clib_interface/newlib_interface.c.o
                0x000000001000563c                _exit
 .text.exit     0x0000000010005640        0x8 CMakeFiles/sdanalyst.dir/home/miguel/pico/pico-sdk/src/rp2_common/pico_clib_interface/newlib_interface.c.o
                0x0000000010005640                exit
 .text.runtime_init
                0x0000000010005648       0x2c CMakeFiles/sdanalyst.dir/home/miguel/pico/pico-sdk/src/rp2_common/pico_clib_interface/newlib_interface.c.o
                0x0000000010005648                runtime_init
 .text.stdio_out_chars_no_crlf
                0x0000000010005674       0x10 CMakeFiles/sdanalyst.dir/home/miguel/pico/pico-sdk/src/rp2_common/pico_stdio/stdio.c.o
 .text.stdio_out_chars_crlf
                0x0000000010005684       0xb4 CMakeFiles/sdanalyst.dir/home/miguel/pico/pico-sdk/src/rp2_common/pico_stdio/stdio.c.o
 .text.stdio_buffered_printer
                0x0000000010005738       0x64 CMakeFiles/sdanalyst.dir/home/miguel/pico/pico-sdk/src/rp2_common/pico_stdio/stdio.c.o
 .text.stdio_put_string
                0x000000001000579c      0x100 CMakeFiles/sdanalyst.dir/home/miguel/pico/pico-sdk/src/rp2_common/pico_stdio/stdio.c.o
                0x000000001000579c                stdio_put_string
 .text.stdio_set_driver_enabled
                0x000000001000589c       0x30 CMakeFiles/sdanalyst.dir/home/miguel/pico/pico-sdk/src/rp2_common/pico_stdio/stdio.c.o
                0x000000001000589c                stdio_set_driver_enabled
 .text.stdio_init_all
                0x00000000100058cc        0x8 CMakeFiles/sdanalyst.dir/home/miguel/pico/pico-sdk/src/rp2_common/pico_stdio/stdio.c.o
                0x00000000100058cc                stdio_init_all
 .text.__wrap_putchar
                0x00000000100058d4       0x98 CMakeFiles/sdanalyst.dir/home/miguel/pico/pico-sdk/src/rp2_common/pico_stdio/stdio.c.o
                0x00000000100058d4                stdio_putchar
                0x00000000100058d4                __wrap_putchar
 .text.__wrap_puts
                0x000000001000596c       0x3c CMakeFiles/sdanalyst.dir/home/miguel/pico/pico-sdk/src/rp2_common/pico_stdio/stdio.c.o
                0x000000001000596c                __wrap_puts
                0x000000001000596c                stdio_puts
 .text.__wrap_vprintf
                0x00000000100059a8       0xd8 CMakeFiles/sdanalyst.dir/home/miguel/pico/pico-sdk/src/rp2_common/pico_stdio/stdio.c.o
                0x00000000100059a8                __wrap_vprintf
                0x00000000100059a8                stdio_vprintf
 .text.__wrap_printf
                0x0000000010005a80       0x18 CMakeFiles/sdanalyst.dir/home/miguel/pico/pico-sdk/src/rp2_common/pico_stdio/stdio.c.o
                0x0000000010005a80                stdio_printf
                0x0000000010005a80                __wrap_printf
 .text.resetd_init
                0x0000000010005a98        0x4 CMakeFiles/sdanalyst.dir/home/miguel/pico/pico-sdk/src/rp2_common/pico_stdio_usb/reset_interface.c.o
 .text.resetd_reset
                0x0000000010005a9c        0xc CMakeFiles/sdanalyst.dir/home/miguel/pico/pico-sdk/src/rp2_common/pico_stdio_usb/reset_interface.c.o
 .text.resetd_open
                0x0000000010005aa8       0x28 CMakeFiles/sdanalyst.dir/home/miguel/pico/pico-sdk/src/rp2_common/pico_stdio_usb/reset_interface.c.o
 .text.resetd_xfer_cb
                0x0000000010005ad0        0x4 CMakeFiles/sdanalyst.dir/home/miguel/pico/pico-sdk/src/rp2_common/pico_stdio_usb/reset_interface.c.o
 .text.resetd_control_xfer_cb
                0x0000000010005ad4       0x60 CMakeFiles/sdanalyst.dir/home/miguel/pico/pico-sdk/src/rp2_common/pico_stdio_usb/reset_interface.c.o
 .text.tud_descriptor_bos_cb
                0x0000000010005b34        0x8 CMakeFiles/sdanalyst.dir/home/miguel/pico/pico-sdk/src/rp2_common/pico_stdio_usb/reset_interface.c.o
                0x0000000010005b34                tud_descriptor_bos_cb
 .text.tud_vendor_control_xfer_cb
                0x0000000010005b3c       0x34 CMakeFiles/sdanalyst.dir/home/miguel/pico/pico-sdk/src/rp2_common/pico_stdio_usb/reset_interface.c.o
                0x0000000010005b3c                tud_vendor_control_xfer_cb
 .text.usbd_app_driver_get_cb
                0x0000000010005b70        0xc CMakeFiles/sdanalyst.dir/home/miguel/pico/pico-sdk/src/rp2_common/pico_stdio_usb/reset_interface.c.o
                0x0000000010005b70                usbd_app_driver_get_cb
 .text.tud_cdc_line_coding_cb
                0x0000000010005b7c       0x2c CMakeFiles/sdanalyst.dir/home/miguel/pico/pico-sdk/src/rp2_common/pico_stdio_usb/reset_interface.c.o
                0x0000000010005b7c                tud_cdc_line_coding_cb
 .text.stdio_usb_set_chars_available_callback
                0x0000000010005ba8       0x14 CMakeFiles/sdanalyst.dir/home/miguel/pico/pico-sdk/src/rp2_common/pico_stdio_usb/stdio_usb.c.o
                0x0000000010005ba8                stdio_usb_set_chars_available_callback
 .text.usb_irq  0x0000000010005bbc       0x10 CMakeFiles/sdanalyst.dir/home/miguel/pico/pico-sdk/src/rp2_common/pico_stdio_usb/stdio_usb.c.o
 .text.timer_task
                0x0000000010005bcc       0x64 CMakeFiles/sdanalyst.dir/home/miguel/pico/pico-sdk/src/rp2_common/pico_stdio_usb/stdio_usb.c.o
 .text.stdio_usb_in_chars
                0x0000000010005c30       0x90 CMakeFiles/sdanalyst.dir/home/miguel/pico/pico-sdk/src/rp2_common/pico_stdio_usb/stdio_usb.c.o
                0x0000000010005c30                stdio_usb_in_chars
 .text.stdio_usb_out_flush
                0x0000000010005cc0       0x50 CMakeFiles/sdanalyst.dir/home/miguel/pico/pico-sdk/src/rp2_common/pico_stdio_usb/stdio_usb.c.o
 .text.stdio_usb_out_chars
                0x0000000010005d10      0x100 CMakeFiles/sdanalyst.dir/home/miguel/pico/pico-sdk/src/rp2_common/pico_stdio_usb/stdio_usb.c.o
 .text.low_priority_worker_irq
                0x0000000010005e10       0xc8 CMakeFiles/sdanalyst.dir/home/miguel/pico/pico-sdk/src/rp2_common/pico_stdio_usb/stdio_usb.c.o
 .text.stdio_usb_init
                0x0000000010005ed8       0xe8 CMakeFiles/sdanalyst.dir/home/miguel/pico/pico-sdk/src/rp2_common/pico_stdio_usb/stdio_usb.c.o
                0x0000000010005ed8                stdio_usb_init
 .text.tud_descriptor_device_cb
                0x0000000010005fc0        0x8 CMakeFiles/sdanalyst.dir/home/miguel/pico/pico-sdk/src/rp2_common/pico_stdio_usb/stdio_usb_descriptors.c.o
                0x0000000010005fc0                tud_descriptor_device_cb
 .text.tud_descriptor_configuration_cb
                0x0000000010005fc8        0x8 CMakeFiles/sdanalyst.dir/home/miguel/pico/pico-sdk/src/rp2_common/pico_stdio_usb/stdio_usb_descriptors.c.o
                0x0000000010005fc8                tud_descriptor_configuration_cb
 .text.tud_descriptor_string_cb
                0x0000000010005fd0       0x74 CMakeFiles/sdanalyst.dir/home/miguel/pico/pico-sdk/src/rp2_common/pico_stdio_usb/stdio_usb_descriptors.c.o
                0x0000000010005fd0                tud_descriptor_string_cb
 .text.startup._retrieve_unique_id_on_boot
                0x0000000010006044       0x10 CMakeFiles/sdanalyst.dir/home/miguel/pico/pico-sdk/src/rp2_common/pico_unique_id/unique_id.c.o
 .text.pico_get_unique_board_id_string
                0x0000000010006054      0x1a8 CMakeFiles/sdanalyst.dir/home/miguel/pico/pico-sdk/src/rp2_common/pico_unique_id/unique_id.c.o
                0x0000000010006054                pico_get_unique_board_id_string
 .text.flash_get_unique_id
                0x00000000100061fc       0x40 CMakeFiles/sdanalyst.dir/home/miguel/pico/pico-sdk/src/rp2_common/hardware_flash/flash.c.o
                0x00000000100061fc                flash_get_unique_id
 .text.dcd_init
                0x000000001000623c       0x90 CMakeFiles/sdanalyst.dir/home/miguel/pico/pico-sdk/lib/tinyusb/src/portable/raspberrypi/rp2040/dcd_rp2040.c.o
                0x000000001000623c                dcd_init
 .text.dcd_int_enable
                0x00000000100062cc        0xc CMakeFiles/sdanalyst.dir/home/miguel/pico/pico-sdk/lib/tinyusb/src/portable/raspberrypi/rp2040/dcd_rp2040.c.o
                0x00000000100062cc                dcd_int_enable
 .text.dcd_set_address
                0x00000000100062d8       0x14 CMakeFiles/sdanalyst.dir/home/miguel/pico/pico-sdk/lib/tinyusb/src/portable/raspberrypi/rp2040/dcd_rp2040.c.o
                0x00000000100062d8                dcd_set_address
 .text.dcd_sof_enable
                0x00000000100062ec       0x1c CMakeFiles/sdanalyst.dir/home/miguel/pico/pico-sdk/lib/tinyusb/src/portable/raspberrypi/rp2040/dcd_rp2040.c.o
                0x00000000100062ec                dcd_sof_enable
 .text.dcd_edpt0_status_complete
                0x0000000010006308       0x1c CMakeFiles/sdanalyst.dir/home/miguel/pico/pico-sdk/lib/tinyusb/src/portable/raspberrypi/rp2040/dcd_rp2040.c.o
                0x0000000010006308                dcd_edpt0_status_complete
 .text.dcd_edpt_open
                0x0000000010006324      0x114 CMakeFiles/sdanalyst.dir/home/miguel/pico/pico-sdk/lib/tinyusb/src/portable/raspberrypi/rp2040/dcd_rp2040.c.o
                0x0000000010006324                dcd_edpt_open
 .text.dcd_edpt_close_all
                0x0000000010006438        0x8 CMakeFiles/sdanalyst.dir/home/miguel/pico/pico-sdk/lib/tinyusb/src/portable/raspberrypi/rp2040/dcd_rp2040.c.o
                0x0000000010006438                dcd_edpt_close_all
 .text.dcd_edpt_xfer
                0x0000000010006440       0x24 CMakeFiles/sdanalyst.dir/home/miguel/pico/pico-sdk/lib/tinyusb/src/portable/raspberrypi/rp2040/dcd_rp2040.c.o
                0x0000000010006440                dcd_edpt_xfer
 .text.dcd_edpt_stall
                0x0000000010006464       0x38 CMakeFiles/sdanalyst.dir/home/miguel/pico/pico-sdk/lib/tinyusb/src/portable/raspberrypi/rp2040/dcd_rp2040.c.o
                0x0000000010006464                dcd_edpt_stall
 .text.dcd_edpt_clear_stall
                0x000000001000649c       0x30 CMakeFiles/sdanalyst.dir/home/miguel/pico/pico-sdk/lib/tinyusb/src/portable/raspberrypi/rp2040/dcd_rp2040.c.o
                0x000000001000649c                dcd_edpt_clear_stall
 .text.rp2040_usb_init
                0x00000000100064cc       0x40 CMakeFiles/sdanalyst.dir/home/miguel/pico/pico-sdk/lib/tinyusb/src/portable/raspberrypi/rp2040/rp2040_usb.c.o
                0x00000000100064cc                rp2040_usb_init
 .text.hw_endpoint_xfer_start
                0x000000001000650c       0x50 CMakeFiles/sdanalyst.dir/home/miguel/pico/pico-sdk/lib/tinyusb/src/portable/raspberrypi/rp2040/rp2040_usb.c.o
                0x000000001000650c                hw_endpoint_xfer_start
 .text.tud_event_hook_cb
                0x000000001000655c        0x4 CMakeFiles/sdanalyst.dir/home/miguel/pico/pico-sdk/lib/tinyusb/src/device/usbd.c.o
                0x000000001000655c                tud_event_hook_cb
 .text.tud_sof_cb
                0x0000000010006560        0x4 CMakeFiles/sdanalyst.dir/home/miguel/pico/pico-sdk/lib/tinyusb/src/device/usbd.c.o
                0x0000000010006560                tud_sof_cb
 .text.tud_descriptor_device_qualifier_cb
                0x0000000010006564        0x4 CMakeFiles/sdanalyst.dir/home/miguel/pico/pico-sdk/lib/tinyusb/src/device/usbd.c.o
                0x0000000010006564                tud_descriptor_device_qualifier_cb
 .text.tud_descriptor_other_speed_configuration_cb
                0x0000000010006568        0x4 CMakeFiles/sdanalyst.dir/home/miguel/pico/pico-sdk/lib/tinyusb/src/device/usbd.c.o
                0x0000000010006568                tud_descriptor_other_speed_configuration_cb
 .text.tud_mount_cb
                0x000000001000656c        0x4 CMakeFiles/sdanalyst.dir/home/miguel/pico/pico-sdk/lib/tinyusb/src/device/usbd.c.o
                0x000000001000656c                tud_mount_cb
 .text.tud_umount_cb
                0x0000000010006570        0x4 CMakeFiles/sdanalyst.dir/home/miguel/pico/pico-sdk/lib/tinyusb/src/device/usbd.c.o
                0x0000000010006570                tud_umount_cb
 .text.tud_suspend_cb
                0x0000000010006574        0x4 CMakeFiles/sdanalyst.dir/home/miguel/pico/pico-sdk/lib/tinyusb/src/device/usbd.c.o
                0x0000000010006574                tud_suspend_cb
 .text.tud_resume_cb
                0x0000000010006578        0x4 CMakeFiles/sdanalyst.dir/home/miguel/pico/pico-sdk/lib/tinyusb/src/device/usbd.c.o
                0x0000000010006578                tud_resume_cb
 .text.tud_mounted
                0x000000001000657c       0x10 CMakeFiles/sdanalyst.dir/home/miguel/pico/pico-sdk/lib/tinyusb/src/device/usbd.c.o
                0x000000001000657c                tud_mounted
 .text.tud_suspended
                0x000000001000658c       0x10 CMakeFiles/sdanalyst.dir/home/miguel/pico/pico-sdk/lib/tinyusb/src/device/usbd.c.o
                0x000000001000658c                tud_suspended
 .text.tud_rhport_init
                0x000000001000659c       0xf4 CMakeFiles/sdanalyst.dir/home/miguel/pico/pico-sdk/lib/tinyusb/src/device/usbd.c.o
                0x000000001000659c                tud_rhport_init
 .text.tud_task_ext
                0x0000000010006690      0x800 CMakeFiles/sdanalyst.dir/home/miguel/pico/pico-sdk/lib/tinyusb/src/device/usbd.c.o
                0x0000000010006690                tud_task_ext
 .text.usbd_open_edpt_pair
                0x0000000010006e90       0x9c CMakeFiles/sdanalyst.dir/home/miguel/pico/pico-sdk/lib/tinyusb/src/device/usbd.c.o
                0x0000000010006e90                usbd_open_edpt_pair
 .text.usbd_edpt_open
                0x0000000010006f2c       0x34 CMakeFiles/sdanalyst.dir/home/miguel/pico/pico-sdk/lib/tinyusb/src/device/usbd.c.o
                0x0000000010006f2c                usbd_edpt_open
 .text.usbd_edpt_claim
                0x0000000010006f60       0x28 CMakeFiles/sdanalyst.dir/home/miguel/pico/pico-sdk/lib/tinyusb/src/device/usbd.c.o
                0x0000000010006f60                usbd_edpt_claim
 .text.usbd_edpt_release
                0x0000000010006f88       0x28 CMakeFiles/sdanalyst.dir/home/miguel/pico/pico-sdk/lib/tinyusb/src/device/usbd.c.o
                0x0000000010006f88                usbd_edpt_release
 .text.usbd_edpt_xfer
                0x0000000010006fb0       0x4c CMakeFiles/sdanalyst.dir/home/miguel/pico/pico-sdk/lib/tinyusb/src/device/usbd.c.o
                0x0000000010006fb0                usbd_edpt_xfer
 .text.tud_control_status
                0x0000000010006ffc       0x30 CMakeFiles/sdanalyst.dir/home/miguel/pico/pico-sdk/lib/tinyusb/src/device/usbd_control.c.o
                0x0000000010006ffc                tud_control_status
 .text.tud_control_xfer
                0x000000001000702c       0xbc CMakeFiles/sdanalyst.dir/home/miguel/pico/pico-sdk/lib/tinyusb/src/device/usbd_control.c.o
                0x000000001000702c                tud_control_xfer
 .text.usbd_control_reset
                0x00000000100070e8       0x14 CMakeFiles/sdanalyst.dir/home/miguel/pico/pico-sdk/lib/tinyusb/src/device/usbd_control.c.o
                0x00000000100070e8                usbd_control_reset
 .text.usbd_control_set_complete_callback
                0x00000000100070fc        0xc CMakeFiles/sdanalyst.dir/home/miguel/pico/pico-sdk/lib/tinyusb/src/device/usbd_control.c.o
                0x00000000100070fc                usbd_control_set_complete_callback
 .text.usbd_control_set_request
                0x0000000010007108       0x1c CMakeFiles/sdanalyst.dir/home/miguel/pico/pico-sdk/lib/tinyusb/src/device/usbd_control.c.o
                0x0000000010007108                usbd_control_set_request
 .text.usbd_control_xfer_cb
                0x0000000010007124       0xf0 CMakeFiles/sdanalyst.dir/home/miguel/pico/pico-sdk/lib/tinyusb/src/device/usbd_control.c.o
                0x0000000010007124                usbd_control_xfer_cb
 .text._prep_out_transaction.isra.0
                0x0000000010007214       0x6c CMakeFiles/sdanalyst.dir/home/miguel/pico/pico-sdk/lib/tinyusb/src/class/cdc/cdc_device.c.o
 .text.tud_cdc_n_connected
                0x0000000010007280       0x2c CMakeFiles/sdanalyst.dir/home/miguel/pico/pico-sdk/lib/tinyusb/src/class/cdc/cdc_device.c.o
                0x0000000010007280                tud_cdc_n_connected
 .text.tud_cdc_n_available
                0x00000000100072ac       0x18 CMakeFiles/sdanalyst.dir/home/miguel/pico/pico-sdk/lib/tinyusb/src/class/cdc/cdc_device.c.o
                0x00000000100072ac                tud_cdc_n_available
 .text.tud_cdc_n_read
                0x00000000100072c4       0x94 CMakeFiles/sdanalyst.dir/home/miguel/pico/pico-sdk/lib/tinyusb/src/class/cdc/cdc_device.c.o
                0x00000000100072c4                tud_cdc_n_read
 .text.tud_cdc_n_write_flush
                0x0000000010007358       0x78 CMakeFiles/sdanalyst.dir/home/miguel/pico/pico-sdk/lib/tinyusb/src/class/cdc/cdc_device.c.o
                0x0000000010007358                tud_cdc_n_write_flush
 .text.tud_cdc_n_write
                0x00000000100073d0       0x44 CMakeFiles/sdanalyst.dir/home/miguel/pico/pico-sdk/lib/tinyusb/src/class/cdc/cdc_device.c.o
                0x00000000100073d0                tud_cdc_n_write
 .text.tud_cdc_n_write_available
                0x0000000010007414       0x18 CMakeFiles/sdanalyst.dir/home/miguel/pico/pico-sdk/lib/tinyusb/src/class/cdc/cdc_device.c.o
                0x0000000010007414                tud_cdc_n_write_available
 .text.cdcd_init
                0x000000001000742c       0x70 CMakeFiles/sdanalyst.dir/home/miguel/pico/pico-sdk/lib/tinyusb/src/class/cdc/cdc_device.c.o
                0x000000001000742c                cdcd_init
 .text.cdcd_deinit
                0x000000001000749c       0x24 CMakeFiles/sdanalyst.dir/home/miguel/pico/pico-sdk/lib/tinyusb/src/class/cdc/cdc_device.c.o
                0x000000001000749c                cdcd_deinit
 .text.cdcd_reset
                0x00000000100074c0       0x4c CMakeFiles/sdanalyst.dir/home/miguel/pico/pico-sdk/lib/tinyusb/src/class/cdc/cdc_device.c.o
                0x00000000100074c0                cdcd_reset
 .text.cdcd_open
                0x000000001000750c       0xa8 CMakeFiles/sdanalyst.dir/home/miguel/pico/pico-sdk/lib/tinyusb/src/class/cdc/cdc_device.c.o
                0x000000001000750c                cdcd_open
 .text.cdcd_control_xfer_cb
                0x00000000100075b4       0xe8 CMakeFiles/sdanalyst.dir/home/miguel/pico/pico-sdk/lib/tinyusb/src/class/cdc/cdc_device.c.o
                0x00000000100075b4                cdcd_control_xfer_cb
 .text.cdcd_xfer_cb
                0x000000001000769c       0xfc CMakeFiles/sdanalyst.dir/home/miguel/pico/pico-sdk/lib/tinyusb/src/class/cdc/cdc_device.c.o
                0x000000001000769c                cdcd_xfer_cb
 .text.vendord_init
                0x0000000010007798       0x5c CMakeFiles/sdanalyst.dir/home/miguel/pico/pico-sdk/lib/tinyusb/src/class/vendor/vendor_device.c.o
                0x0000000010007798                vendord_init
 .text.vendord_deinit
                0x00000000100077f4       0x1c CMakeFiles/sdanalyst.dir/home/miguel/pico/pico-sdk/lib/tinyusb/src/class/vendor/vendor_device.c.o
                0x00000000100077f4                vendord_deinit
 .text.vendord_reset
                0x0000000010007810       0x28 CMakeFiles/sdanalyst.dir/home/miguel/pico/pico-sdk/lib/tinyusb/src/class/vendor/vendor_device.c.o
                0x0000000010007810                vendord_reset
 .text.vendord_open
                0x0000000010007838      0x128 CMakeFiles/sdanalyst.dir/home/miguel/pico/pico-sdk/lib/tinyusb/src/class/vendor/vendor_device.c.o
                0x0000000010007838                vendord_open
 .text.vendord_xfer_cb
                0x0000000010007960       0x9c CMakeFiles/sdanalyst.dir/home/miguel/pico/pico-sdk/lib/tinyusb/src/class/vendor/vendor_device.c.o
                0x0000000010007960                vendord_xfer_cb
 .text.tusb_rhport_init
                0x00000000100079fc       0x48 CMakeFiles/sdanalyst.dir/home/miguel/pico/pico-sdk/lib/tinyusb/src/tusb.c.o
                0x00000000100079fc                tusb_rhport_init
 .text.tu_edpt_claim
                0x0000000010007a44       0x50 CMakeFiles/sdanalyst.dir/home/miguel/pico/pico-sdk/lib/tinyusb/src/tusb.c.o
                0x0000000010007a44                tu_edpt_claim
 .text.tu_edpt_release
                0x0000000010007a94       0x38 CMakeFiles/sdanalyst.dir/home/miguel/pico/pico-sdk/lib/tinyusb/src/tusb.c.o
                0x0000000010007a94                tu_edpt_release
 .text.tu_edpt_validate
                0x0000000010007acc       0x78 CMakeFiles/sdanalyst.dir/home/miguel/pico/pico-sdk/lib/tinyusb/src/tusb.c.o
                0x0000000010007acc                tu_edpt_validate
 .text.tu_edpt_bind_driver
                0x0000000010007b44       0x34 CMakeFiles/sdanalyst.dir/home/miguel/pico/pico-sdk/lib/tinyusb/src/tusb.c.o
                0x0000000010007b44                tu_edpt_bind_driver
 .text.tu_edpt_stream_init
                0x0000000010007b78       0x6c CMakeFiles/sdanalyst.dir/home/miguel/pico/pico-sdk/lib/tinyusb/src/tusb.c.o
                0x0000000010007b78                tu_edpt_stream_init
 .text.tu_edpt_stream_deinit
                0x0000000010007be4        0x4 CMakeFiles/sdanalyst.dir/home/miguel/pico/pico-sdk/lib/tinyusb/src/tusb.c.o
                0x0000000010007be4                tu_edpt_stream_deinit
 .text.tu_edpt_stream_write_zlp_if_needed
                0x0000000010007be8       0x58 CMakeFiles/sdanalyst.dir/home/miguel/pico/pico-sdk/lib/tinyusb/src/tusb.c.o
                0x0000000010007be8                tu_edpt_stream_write_zlp_if_needed
 .text.tu_edpt_stream_write_xfer
                0x0000000010007c40       0x64 CMakeFiles/sdanalyst.dir/home/miguel/pico/pico-sdk/lib/tinyusb/src/tusb.c.o
                0x0000000010007c40                tu_edpt_stream_write_xfer
 .text.tu_edpt_stream_read_xfer
                0x0000000010007ca4       0xdc CMakeFiles/sdanalyst.dir/home/miguel/pico/pico-sdk/lib/tinyusb/src/tusb.c.o
                0x0000000010007ca4                tu_edpt_stream_read_xfer
 .text.tu_fifo_config
                0x0000000010007d80       0x70 CMakeFiles/sdanalyst.dir/home/miguel/pico/pico-sdk/lib/tinyusb/src/common/tusb_fifo.c.o
                0x0000000010007d80                tu_fifo_config
 .text.tu_fifo_count
                0x0000000010007df0       0x2c CMakeFiles/sdanalyst.dir/home/miguel/pico/pico-sdk/lib/tinyusb/src/common/tusb_fifo.c.o
                0x0000000010007df0                tu_fifo_count
 .text.tu_fifo_empty
                0x0000000010007e1c       0x10 CMakeFiles/sdanalyst.dir/home/miguel/pico/pico-sdk/lib/tinyusb/src/common/tusb_fifo.c.o
                0x0000000010007e1c                tu_fifo_empty
 .text.tu_fifo_remaining
                0x0000000010007e2c       0x2c CMakeFiles/sdanalyst.dir/home/miguel/pico/pico-sdk/lib/tinyusb/src/common/tusb_fifo.c.o
                0x0000000010007e2c                tu_fifo_remaining
 .text.tu_fifo_read
                0x0000000010007e58       0xa0 CMakeFiles/sdanalyst.dir/home/miguel/pico/pico-sdk/lib/tinyusb/src/common/tusb_fifo.c.o
                0x0000000010007e58                tu_fifo_read
 .text.tu_fifo_read_n
                0x0000000010007ef8       0xec CMakeFiles/sdanalyst.dir/home/miguel/pico/pico-sdk/lib/tinyusb/src/common/tusb_fifo.c.o
                0x0000000010007ef8                tu_fifo_read_n
 .text.tu_fifo_write
                0x0000000010007fe4       0x88 CMakeFiles/sdanalyst.dir/home/miguel/pico/pico-sdk/lib/tinyusb/src/common/tusb_fifo.c.o
                0x0000000010007fe4                tu_fifo_write
 .text.tu_fifo_write_n
                0x000000001000806c      0x168 CMakeFiles/sdanalyst.dir/home/miguel/pico/pico-sdk/lib/tinyusb/src/common/tusb_fifo.c.o
                0x000000001000806c                tu_fifo_write_n
 .text.tu_fifo_clear
                0x00000000100081d4       0x40 CMakeFiles/sdanalyst.dir/home/miguel/pico/pico-sdk/lib/tinyusb/src/common/tusb_fifo.c.o
                0x00000000100081d4                tu_fifo_clear
 .text.tu_fifo_set_overwritable
                0x0000000010008214       0x48 CMakeFiles/sdanalyst.dir/home/miguel/pico/pico-sdk/lib/tinyusb/src/common/tusb_fifo.c.o
                0x0000000010008214                tu_fifo_set_overwritable
 .text.spi_init
                0x000000001000825c      0x134 CMakeFiles/sdanalyst.dir/home/miguel/pico/pico-sdk/src/rp2_common/hardware_spi/spi.c.o
                0x000000001000825c                spi_init
 .text          0x0000000010008390       0x48 /usr/lib/gcc/arm-none-eabi/10.3.1/../../../arm-none-eabi/lib/thumb/v6-m/nofp/libg.a(lib_a-memcmp.o)
                0x0000000010008390                memcmp
 .text          0x00000000100083d8       0x88 /usr/lib/gcc/arm-none-eabi/10.3.1/../../../arm-none-eabi/lib/thumb/v6-m/nofp/libg.a(lib_a-strcmp.o)
                0x00000000100083d8                strcmp
 .text          0x0000000010008460       0x5c /usr/lib/gcc/arm-none-eabi/10.3.1/../../../arm-none-eabi/lib/thumb/v6-m/nofp/libg.a(lib_a-strlen-stub.o)
                0x0000000010008460                strlen
 .text          0x00000000100084bc       0x64 /usr/lib/gcc/arm-none-eabi/10.3.1/../../../arm-none-eabi/lib/thumb/v6-m/nofp/libg.a(lib_a-strncat.o)
                0x00000000100084bc                strncat
 .text          0x0000000010008520       0x6c /usr/lib/gcc/arm-none-eabi/10.3.1/../../../arm-none-eabi/lib/thumb/v6-m/nofp/libg.a(lib_a-strncpy.o)
                0x0000000010008520                strncpy
 *(.fini)
 .fini          0x000000001000858c        0x4 /usr/lib/gcc/arm-none-eabi/10.3.1/thumb/v6-m/nofp/crti.o
                0x000000001000858c                _fini
 .fini.__stub   0x0000000010008590       0xe0 linker stubs
 *crtbegin.o(.ctors)
 *crtbegin?.o(.ctors)
 *(EXCLUDE_FILE(*crtend.o *crtend?.o) .ctors)
 *(SORT_BY_NAME(.ctors.*))
 *(.ctors)
 *crtbegin.o(.dtors)
 *crtbegin?.o(.dtors)
 *(EXCLUDE_FILE(*crtend.o *crtend?.o) .dtors)
 *(SORT_BY_NAME(.dtors.*))
 *(.dtors)
                0x0000000010008670                . = ALIGN (0x4)
                0x0000000010008670                PROVIDE (__preinit_array_start = .)
 *(SORT_BY_NAME(.preinit_array.*))
 .preinit_array.00100
                0x0000000010008670        0x4 CMakeFiles/sdanalyst.dir/home/miguel/pico/pico-sdk/src/rp2_common/pico_runtime_init/runtime_init.c.o
                0x0000000010008670                __pre_init_runtime_init_early_resets
 .preinit_array.00101
                0x0000000010008674        0x4 CMakeFiles/sdanalyst.dir/home/miguel/pico/pico-sdk/src/rp2_common/pico_runtime_init/runtime_init.c.o
                0x0000000010008674                __pre_init_runtime_init_usb_power_down
 .preinit_array.00275
                0x0000000010008678        0x4 CMakeFiles/sdanalyst.dir/home/miguel/pico/pico-sdk/src/rp2_common/pico_bit_ops/bit_ops_aeabi.S.o
 .preinit_array.00300
                0x000000001000867c        0x4 CMakeFiles/sdanalyst.dir/home/miguel/pico/pico-sdk/src/rp2_common/pico_mem_ops/mem_ops_aeabi.S.o
 .preinit_array.00350
                0x0000000010008680        0x4 CMakeFiles/sdanalyst.dir/home/miguel/pico/pico-sdk/src/rp2_common/pico_double/double_aeabi_rp2040.S.o
 .preinit_array.00350
                0x0000000010008684        0x4 CMakeFiles/sdanalyst.dir/home/miguel/pico/pico-sdk/src/rp2_common/pico_float/float_aeabi_rp2040.S.o
 .preinit_array.00500
                0x0000000010008688        0x4 CMakeFiles/sdanalyst.dir/home/miguel/pico/pico-sdk/src/rp2_common/pico_runtime_init/runtime_init.c.o
                0x0000000010008688                __pre_init_runtime_init_clocks
 .preinit_array.00600
                0x000000001000868c        0x4 CMakeFiles/sdanalyst.dir/home/miguel/pico/pico-sdk/src/rp2_common/pico_runtime_init/runtime_init.c.o
                0x000000001000868c                __pre_init_runtime_init_post_clock_resets
 .preinit_array.00700
                0x0000000010008690        0x4 CMakeFiles/sdanalyst.dir/home/miguel/pico/pico-sdk/src/rp2_common/pico_runtime_init/runtime_init.c.o
                0x0000000010008690                __pre_init_runtime_init_rp2040_gpio_ie_disable
 .preinit_array.01000
                0x0000000010008694        0x4 CMakeFiles/sdanalyst.dir/home/miguel/pico/pico-sdk/src/rp2_common/pico_runtime_init/runtime_init.c.o
                0x0000000010008694                __pre_init_runtime_init_spin_locks_reset
 .preinit_array.01100
                0x0000000010008698        0x4 CMakeFiles/sdanalyst.dir/home/miguel/pico/pico-sdk/src/common/pico_sync/mutex.c.o
                0x0000000010008698                __pre_init_runtime_init_mutex
 .preinit_array.10080
                0x000000001000869c        0x4 CMakeFiles/sdanalyst.dir/home/miguel/pico/pico-sdk/src/rp2_common/pico_runtime_init/runtime_init.c.o
                0x000000001000869c                __pre_init_runtime_init_install_ram_vector_table
 .preinit_array.11000
                0x00000000100086a0        0x4 CMakeFiles/sdanalyst.dir/home/miguel/pico/pico-sdk/src/common/pico_time/time.c.o
                0x00000000100086a0                __pre_init_runtime_init_default_alarm_pool
 .preinit_array.YYYYY
                0x00000000100086a4        0x4 CMakeFiles/sdanalyst.dir/home/miguel/pico/pico-sdk/src/rp2_common/pico_runtime/runtime.c.o
                0x00000000100086a4                __pre_init_first_per_core_initializer
 .preinit_array.ZZZZZ.01200
                0x00000000100086a8        0x4 CMakeFiles/sdanalyst.dir/home/miguel/pico/pico-sdk/src/rp2_common/hardware_irq/irq.c.o
                0x00000000100086a8                __pre_init_runtime_init_per_core_irq_priorities
 *(.preinit_array)
                0x00000000100086ac                PROVIDE (__preinit_array_end = .)
                0x00000000100086ac                . = ALIGN (0x4)
                0x00000000100086ac                PROVIDE (__init_array_start = .)
 *(SORT_BY_NAME(.init_array.*))
 .init_array.01000
                0x00000000100086ac        0x4 CMakeFiles/sdanalyst.dir/home/miguel/pico/pico-sdk/src/rp2_common/pico_unique_id/unique_id.c.o
 *(.init_array)
 .init_array    0x00000000100086b0        0x4 /usr/lib/gcc/arm-none-eabi/10.3.1/thumb/v6-m/nofp/crtbegin.o
                0x00000000100086b4                PROVIDE (__init_array_end = .)
                0x00000000100086b4                . = ALIGN (0x4)
                0x00000000100086b4                PROVIDE (__fini_array_start = .)
 *(SORT_BY_NAME(.fini_array.*))
 *(.fini_array)
                0x00000000100086b4                PROVIDE (__fini_array_end = .)
 *(.eh_frame*)
 .eh_frame      0x00000000100086b4        0x0 /usr/lib/gcc/arm-none-eabi/10.3.1/thumb/v6-m/nofp/crtbegin.o
                0x00000000100086b4                . = ALIGN (0x4)

.glue_7         0x00000000100086b4        0x0
 .glue_7        0x00000000100086b4        0x0 linker stubs

.glue_7t        0x00000000100086b4        0x0
 .glue_7t       0x00000000100086b4        0x0 linker stubs

.vfp11_veneer   0x00000000100086b4        0x0
 .vfp11_veneer  0x00000000100086b4        0x0 linker stubs

.v4_bx          0x00000000100086b4        0x0
 .v4_bx         0x00000000100086b4        0x0 linker stubs

.iplt           0x00000000100086b4        0x0
 .iplt          0x00000000100086b4        0x0 /usr/lib/gcc/arm-none-eabi/10.3.1/thumb/v6-m/nofp/crtbegin.o

.rodata         0x00000000100086b8     0x13c8
 *(EXCLUDE_FILE(*libm.a: *libc.a:*lib_a-mem*.o *libgcc.a:) .rodata*)
 .rodata.main.str1.4
                0x00000000100086b8      0x12b CMakeFiles/sdanalyst.dir/src/main_optimized.c.o
 *fill*         0x00000000100087e3        0x1 
 .rodata.sd_init.str1.4
                0x00000000100087e4      0x36d CMakeFiles/sdanalyst.dir/src/sd_card.c.o
                                        0x385 (size before relaxing)
 *fill*         0x0000000010008b51        0x3 
 .rodata.sd_read_block.str1.4
                0x0000000010008b54       0x7c CMakeFiles/sdanalyst.dir/src/sd_card.c.o
 .rodata.str1.4
                0x0000000010008bd0       0x34 CMakeFiles/sdanalyst.dir/src/sd_analyzer.c.o
 .rodata.sd_analyzer_init.str1.4
                0x0000000010008c04      0x184 CMakeFiles/sdanalyst.dir/src/sd_analyzer.c.o
 .rodata.sd_analyzer_print_card_info.str1.4
                0x0000000010008d88       0x6f CMakeFiles/sdanalyst.dir/src/sd_analyzer.c.o
                                         0x77 (size before relaxing)
 *fill*         0x0000000010008df7        0x1 
 .rodata.sd_analyzer_print_banner.str1.4
                0x0000000010008df8       0xf7 CMakeFiles/sdanalyst.dir/src/sd_analyzer.c.o
 *fill*         0x0000000010008eef        0x1 
 .rodata.sd_analyzer_detect_filesystem.str1.4
                0x0000000010008ef0       0x65 CMakeFiles/sdanalyst.dir/src/sd_analyzer.c.o
 *fill*         0x0000000010008f55        0x3 
 .rodata.sd_analyzer_parse_mbr.str1.4
                0x0000000010008f58      0x14f CMakeFiles/sdanalyst.dir/src/sd_analyzer.c.o
                                        0x153 (size before relaxing)
 *fill*         0x00000000100090a7        0x1 
 .rodata.sd_analyzer_parse_mbr
                0x00000000100090a8       0x3c CMakeFiles/sdanalyst.dir/src/sd_analyzer.c.o
 .rodata.sd_analyzer_parse_gpt.str1.4
                0x00000000100090e4       0xe9 CMakeFiles/sdanalyst.dir/src/sd_analyzer.c.o
 *fill*         0x00000000100091cd        0x3 
 .rodata.sd_analyzer_print_hex_dump.str1.4
                0x00000000100091d0       0x1c CMakeFiles/sdanalyst.dir/src/sd_analyzer.c.o
 .rodata.sd_analyzer_read_and_display_sector.str1.4
                0x00000000100091ec       0x3a CMakeFiles/sdanalyst.dir/src/sd_analyzer.c.o
 *fill*         0x0000000010009226        0x2 
 .rodata.sd_analyzer_format_fat_datetime.str1.4
                0x0000000010009228       0x21 CMakeFiles/sdanalyst.dir/src/sd_analyzer.c.o
 *fill*         0x0000000010009249        0x3 
 .rodata.sd_analyzer_list_fat_directory.str1.4
                0x000000001000924c       0xb5 CMakeFiles/sdanalyst.dir/src/sd_analyzer.c.o
                                         0xb9 (size before relaxing)
 *fill*         0x0000000010009301        0x3 
 .rodata.sd_analyzer_analyze_fat.str1.4
                0x0000000010009304       0xfe CMakeFiles/sdanalyst.dir/src/sd_analyzer.c.o
 *fill*         0x0000000010009402        0x2 
 .rodata        0x0000000010009404       0x34 CMakeFiles/sdanalyst.dir/src/sd_analyzer.c.o
 .rodata.panic.str1.4
                0x0000000010009438       0x10 CMakeFiles/sdanalyst.dir/home/miguel/pico/pico-sdk/src/rp2_common/pico_platform_panic/panic.c.o
                                         0x12 (size before relaxing)
 .rodata.spin_lock_claim_unused.str1.4
                0x0000000010009448       0x1b CMakeFiles/sdanalyst.dir/home/miguel/pico/pico-sdk/src/rp2_common/hardware_sync/sync.c.o
 *fill*         0x0000000010009463        0x1 
 .rodata.user_irq_claim_unused.str1.4
                0x0000000010009464       0x1b CMakeFiles/sdanalyst.dir/home/miguel/pico/pico-sdk/src/rp2_common/hardware_irq/irq.c.o
 *fill*         0x000000001000947f        0x1 
 .rodata.timer_hardware_alarm_claim.str1.4
                0x0000000010009480       0x22 CMakeFiles/sdanalyst.dir/home/miguel/pico/pico-sdk/src/rp2_common/hardware_timer/timer.c.o
 *fill*         0x00000000100094a2        0x2 
 .rodata.hard_assertion_failure.str1.4
                0x00000000100094a4        0xc CMakeFiles/sdanalyst.dir/home/miguel/pico/pico-sdk/src/rp2_common/pico_runtime/runtime.c.o
 .rodata.str1.4
                0x00000000100094b0       0x32 CMakeFiles/sdanalyst.dir/home/miguel/pico/pico-sdk/src/rp2_common/pico_standard_binary_info/standard_binary_info.c.o
                                         0x40 (size before relaxing)
 *fill*         0x00000000100094e2        0x2 
 .rodata.__bi_26
                0x00000000100094e4        0xc CMakeFiles/sdanalyst.dir/home/miguel/pico/pico-sdk/src/rp2_common/pico_standard_binary_info/standard_binary_info.c.o
 .rodata.__bi_34
                0x00000000100094f0        0xc CMakeFiles/sdanalyst.dir/home/miguel/pico/pico-sdk/src/rp2_common/pico_standard_binary_info/standard_binary_info.c.o
 .rodata.__bi_42
                0x00000000100094fc        0xc CMakeFiles/sdanalyst.dir/home/miguel/pico/pico-sdk/src/rp2_common/pico_standard_binary_info/standard_binary_info.c.o
 .rodata.__bi_48
                0x0000000010009508        0xc CMakeFiles/sdanalyst.dir/home/miguel/pico/pico-sdk/src/rp2_common/pico_standard_binary_info/standard_binary_info.c.o
 .rodata.__bi_54
                0x0000000010009514        0xc CMakeFiles/sdanalyst.dir/home/miguel/pico/pico-sdk/src/rp2_common/pico_standard_binary_info/standard_binary_info.c.o
 .rodata.__bi_78
                0x0000000010009520        0xc CMakeFiles/sdanalyst.dir/home/miguel/pico/pico-sdk/src/rp2_common/pico_standard_binary_info/standard_binary_info.c.o
 .rodata.__bi_84
                0x000000001000952c        0xc CMakeFiles/sdanalyst.dir/home/miguel/pico/pico-sdk/src/rp2_common/pico_standard_binary_info/standard_binary_info.c.o
 .rodata._ftoa.str1.4
                0x0000000010009538       0x15 CMakeFiles/sdanalyst.dir/home/miguel/pico/pico-sdk/src/rp2_common/pico_printf/printf.c.o
 *fill*         0x000000001000954d        0x3 
 .rodata._vsnprintf
                0x0000000010009550      0x1e0 CMakeFiles/sdanalyst.dir/home/miguel/pico/pico-sdk/src/rp2_common/pico_printf/printf.c.o
 .rodata.pow10.0
                0x0000000010009730       0x50 CMakeFiles/sdanalyst.dir/home/miguel/pico/pico-sdk/src/rp2_common/pico_printf/printf.c.o
 .rodata.crlf_str.0
                0x0000000010009780        0x2 CMakeFiles/sdanalyst.dir/home/miguel/pico/pico-sdk/src/rp2_common/pico_stdio/stdio.c.o
 *fill*         0x0000000010009782        0x2 
 .rodata._resetd_driver
                0x0000000010009784       0x20 CMakeFiles/sdanalyst.dir/home/miguel/pico/pico-sdk/src/rp2_common/pico_stdio_usb/reset_interface.c.o
 .rodata.desc_bos
                0x00000000100097a4       0x21 CMakeFiles/sdanalyst.dir/home/miguel/pico/pico-sdk/src/rp2_common/pico_stdio_usb/reset_interface.c.o
                0x00000000100097a4                desc_bos
 *fill*         0x00000000100097c5        0x3 
 .rodata.desc_ms_os_20
                0x00000000100097c8       0xa6 CMakeFiles/sdanalyst.dir/home/miguel/pico/pico-sdk/src/rp2_common/pico_stdio_usb/reset_interface.c.o
 *fill*         0x000000001000986e        0x2 
 .rodata.str1.4
                0x0000000010009870       0x13 CMakeFiles/sdanalyst.dir/home/miguel/pico/pico-sdk/src/rp2_common/pico_stdio_usb/stdio_usb.c.o
 *fill*         0x0000000010009883        0x1 
 .rodata.__bi_202.0
                0x0000000010009884        0xc CMakeFiles/sdanalyst.dir/home/miguel/pico/pico-sdk/src/rp2_common/pico_stdio_usb/stdio_usb.c.o
 .rodata.str1.4
                0x0000000010009890       0x2a CMakeFiles/sdanalyst.dir/home/miguel/pico/pico-sdk/src/rp2_common/pico_stdio_usb/stdio_usb_descriptors.c.o
 *fill*         0x00000000100098ba        0x2 
 .rodata.usbd_desc_cfg
                0x00000000100098bc       0x54 CMakeFiles/sdanalyst.dir/home/miguel/pico/pico-sdk/src/rp2_common/pico_stdio_usb/stdio_usb_descriptors.c.o
 .rodata.usbd_desc_device
                0x0000000010009910       0x12 CMakeFiles/sdanalyst.dir/home/miguel/pico/pico-sdk/src/rp2_common/pico_stdio_usb/stdio_usb_descriptors.c.o
 *fill*         0x0000000010009922        0x2 
 .rodata.usbd_desc_str
                0x0000000010009924       0x18 CMakeFiles/sdanalyst.dir/home/miguel/pico/pico-sdk/src/rp2_common/pico_stdio_usb/stdio_usb_descriptors.c.o
 .rodata.str1.4
                0x000000001000993c       0x14 CMakeFiles/sdanalyst.dir/home/miguel/pico/pico-sdk/lib/tinyusb/src/portable/raspberrypi/rp2040/dcd_rp2040.c.o
 .rodata.str1.4
                0x0000000010009950       0x48 CMakeFiles/sdanalyst.dir/home/miguel/pico/pico-sdk/lib/tinyusb/src/portable/raspberrypi/rp2040/rp2040_usb.c.o
 .rodata.tud_task_ext
                0x0000000010009998       0x8c CMakeFiles/sdanalyst.dir/home/miguel/pico/pico-sdk/lib/tinyusb/src/device/usbd.c.o
 .rodata        0x0000000010009a24       0x1c CMakeFiles/sdanalyst.dir/home/miguel/pico/pico-sdk/lib/tinyusb/src/device/usbd.c.o
 .rodata._usbd_driver
                0x0000000010009a40       0x40 CMakeFiles/sdanalyst.dir/home/miguel/pico/pico-sdk/lib/tinyusb/src/device/usbd.c.o
                0x0000000010009a80                . = ALIGN (0x4)
 *(SORT_BY_ALIGNMENT(SORT_BY_NAME(.flashdata*)))
                0x0000000010009a80                . = ALIGN (0x4)

.ARM.extab
 *(.ARM.extab* .gnu.linkonce.armextab.*)
                0x0000000010009a80                __exidx_start = .

.ARM.exidx
 *(.ARM.exidx* .gnu.linkonce.armexidx.*)
                0x0000000010009a80                __exidx_end = .
                0x0000000010009a80                . = ALIGN (0x4)
                0x0000000010009a80                __binary_info_start = .

.binary_info    0x0000000010009a80       0x20
 *(.binary_info.keep.*)
 .binary_info.keep.__bi_ptr26
                0x0000000010009a80        0x4 CMakeFiles/sdanalyst.dir/home/miguel/pico/pico-sdk/src/rp2_common/pico_standard_binary_info/standard_binary_info.c.o
 .binary_info.keep.__bi_ptr34
                0x0000000010009a84        0x4 CMakeFiles/sdanalyst.dir/home/miguel/pico/pico-sdk/src/rp2_common/pico_standard_binary_info/standard_binary_info.c.o
 .binary_info.keep.__bi_ptr42
                0x0000000010009a88        0x4 CMakeFiles/sdanalyst.dir/home/miguel/pico/pico-sdk/src/rp2_common/pico_standard_binary_info/standard_binary_info.c.o
 .binary_info.keep.__bi_ptr48
                0x0000000010009a8c        0x4 CMakeFiles/sdanalyst.dir/home/miguel/pico/pico-sdk/src/rp2_common/pico_standard_binary_info/standard_binary_info.c.o
 .binary_info.keep.__bi_ptr54
                0x0000000010009a90        0x4 CMakeFiles/sdanalyst.dir/home/miguel/pico/pico-sdk/src/rp2_common/pico_standard_binary_info/standard_binary_info.c.o
 .binary_info.keep.__bi_ptr78
                0x0000000010009a94        0x4 CMakeFiles/sdanalyst.dir/home/miguel/pico/pico-sdk/src/rp2_common/pico_standard_binary_info/standard_binary_info.c.o
 .binary_info.keep.__bi_ptr84
                0x0000000010009a98        0x4 CMakeFiles/sdanalyst.dir/home/miguel/pico/pico-sdk/src/rp2_common/pico_standard_binary_info/standard_binary_info.c.o
 *(.binary_info.*)
 .binary_info.__bi_ptr202
                0x0000000010009a9c        0x4 CMakeFiles/sdanalyst.dir/home/miguel/pico/pico-sdk/src/rp2_common/pico_stdio_usb/stdio_usb.c.o
                0x0000000010009aa0                __binary_info_end = .
                0x0000000010009aa0                . = ALIGN (0x4)

.ram_vector_table
                0x0000000020000000       0xc0
 *(.ram_vector_table)
 .ram_vector_table
                0x0000000020000000       0xc0 CMakeFiles/sdanalyst.dir/home/miguel/pico/pico-sdk/src/rp2_common/pico_runtime_init/runtime_init.c.o
                0x0000000020000000                ram_vector_table

.uninitialized_data
                0x00000000200000c0        0x0
                0x00000000200000c0                . = ALIGN (0x4)
 *(.uninitialized_data*)

.data           0x00000000200000c0     0x10a0 load address 0x0000000010009aa0
                0x00000000200000c0                __data_start__ = .
 *(vtable)
 *(.time_critical*)
 .time_critical.mutex_try_enter
                0x00000000200000c0       0x44 CMakeFiles/sdanalyst.dir/home/miguel/pico/pico-sdk/src/common/pico_sync/mutex.c.o
                0x00000000200000c0                mutex_try_enter
 .time_critical.mutex_try_enter_block_until
                0x0000000020000104       0x9c CMakeFiles/sdanalyst.dir/home/miguel/pico/pico-sdk/src/common/pico_sync/mutex.c.o
                0x0000000020000104                mutex_try_enter_block_until
 .time_critical.mutex_enter_timeout_ms
                0x00000000200001a0       0x90 CMakeFiles/sdanalyst.dir/home/miguel/pico/pico-sdk/src/common/pico_sync/mutex.c.o
                0x00000000200001a0                mutex_enter_timeout_ms
 .time_critical.mutex_exit
                0x0000000020000230       0x28 CMakeFiles/sdanalyst.dir/home/miguel/pico/pico-sdk/src/common/pico_sync/mutex.c.o
                0x0000000020000230                mutex_exit
 .time_critical.flash_init_boot2_copyout
                0x0000000020000258       0x30 CMakeFiles/sdanalyst.dir/home/miguel/pico/pico-sdk/src/rp2_common/hardware_flash/flash.c.o
 .time_critical.flash_enable_xip_via_boot2
                0x0000000020000288       0x10 CMakeFiles/sdanalyst.dir/home/miguel/pico/pico-sdk/src/rp2_common/hardware_flash/flash.c.o
 .time_critical.flash_save_hardware_state
                0x0000000020000298       0x28 CMakeFiles/sdanalyst.dir/home/miguel/pico/pico-sdk/src/rp2_common/hardware_flash/flash.c.o
 .time_critical.flash_restore_hardware_state
                0x00000000200002c0       0x28 CMakeFiles/sdanalyst.dir/home/miguel/pico/pico-sdk/src/rp2_common/hardware_flash/flash.c.o
 .time_critical.flash_cs_force
                0x00000000200002e8       0x38 CMakeFiles/sdanalyst.dir/home/miguel/pico/pico-sdk/src/rp2_common/hardware_flash/flash.c.o
 .time_critical.flash_do_cmd
                0x0000000020000320       0xd4 CMakeFiles/sdanalyst.dir/home/miguel/pico/pico-sdk/src/rp2_common/hardware_flash/flash.c.o
                0x0000000020000320                flash_do_cmd
 .time_critical.reset_non_control_endpoints
                0x00000000200003f4       0xbc CMakeFiles/sdanalyst.dir/home/miguel/pico/pico-sdk/lib/tinyusb/src/portable/raspberrypi/rp2040/dcd_rp2040.c.o
 .time_critical.hw_handle_buff_status
                0x00000000200004b0       0x98 CMakeFiles/sdanalyst.dir/home/miguel/pico/pico-sdk/lib/tinyusb/src/portable/raspberrypi/rp2040/dcd_rp2040.c.o
 .time_critical.dcd_rp2040_irq
                0x0000000020000548      0x530 CMakeFiles/sdanalyst.dir/home/miguel/pico/pico-sdk/lib/tinyusb/src/portable/raspberrypi/rp2040/dcd_rp2040.c.o
 .time_critical.prepare_ep_buffer
                0x0000000020000a78       0xf4 CMakeFiles/sdanalyst.dir/home/miguel/pico/pico-sdk/lib/tinyusb/src/portable/raspberrypi/rp2040/rp2040_usb.c.o
 .time_critical.sync_ep_buffer
                0x0000000020000b6c       0xb4 CMakeFiles/sdanalyst.dir/home/miguel/pico/pico-sdk/lib/tinyusb/src/portable/raspberrypi/rp2040/rp2040_usb.c.o
 .time_critical._hw_endpoint_xfer_sync
                0x0000000020000c20       0x28 CMakeFiles/sdanalyst.dir/home/miguel/pico/pico-sdk/lib/tinyusb/src/portable/raspberrypi/rp2040/rp2040_usb.c.o
 .time_critical.e15_is_bulkin_ep
                0x0000000020000c48       0x28 CMakeFiles/sdanalyst.dir/home/miguel/pico/pico-sdk/lib/tinyusb/src/portable/raspberrypi/rp2040/rp2040_usb.c.o
 .time_critical.e15_is_critical_frame_period
                0x0000000020000c70       0x34 CMakeFiles/sdanalyst.dir/home/miguel/pico/pico-sdk/lib/tinyusb/src/portable/raspberrypi/rp2040/rp2040_usb.c.o
 .time_critical.hw_endpoint_reset_transfer
                0x0000000020000ca4        0xc CMakeFiles/sdanalyst.dir/home/miguel/pico/pico-sdk/lib/tinyusb/src/portable/raspberrypi/rp2040/rp2040_usb.c.o
                0x0000000020000ca4                hw_endpoint_reset_transfer
 .time_critical._hw_endpoint_buffer_control_update32
                0x0000000020000cb0       0x50 CMakeFiles/sdanalyst.dir/home/miguel/pico/pico-sdk/lib/tinyusb/src/portable/raspberrypi/rp2040/rp2040_usb.c.o
                0x0000000020000cb0                _hw_endpoint_buffer_control_update32
 .time_critical.hw_endpoint_start_next_buffer
                0x0000000020000d00       0x6c CMakeFiles/sdanalyst.dir/home/miguel/pico/pico-sdk/lib/tinyusb/src/portable/raspberrypi/rp2040/rp2040_usb.c.o
                0x0000000020000d00                hw_endpoint_start_next_buffer
 .time_critical.hw_endpoint_xfer_continue
                0x0000000020000d6c       0x40 CMakeFiles/sdanalyst.dir/home/miguel/pico/pico-sdk/lib/tinyusb/src/portable/raspberrypi/rp2040/rp2040_usb.c.o
                0x0000000020000d6c                hw_endpoint_xfer_continue
 .time_critical.tinyusb
                0x0000000020000dac      0x1f0 CMakeFiles/sdanalyst.dir/home/miguel/pico/pico-sdk/lib/tinyusb/src/device/usbd.c.o
                0x0000000020000dac                dcd_event_handler
 .time_critical.spi_write_read_blocking
                0x0000000020000f9c       0x74 CMakeFiles/sdanalyst.dir/home/miguel/pico/pico-sdk/src/rp2_common/hardware_spi/spi.c.o
                0x0000000020000f9c                spi_write_read_blocking
 *(.text*)
 .text          0x0000000020001010        0x4 /usr/lib/gcc/arm-none-eabi/10.3.1/thumb/v6-m/nofp/libgcc.a(_dvmd_tls.o)
                0x0000000020001010                __aeabi_ldiv0
                0x0000000020001010                __aeabi_idiv0
 *fill*         0x0000000020001014        0x4 
 .text.__stub   0x0000000020001018       0x80 linker stubs
                0x0000000020001098                . = ALIGN (0x4)
 *(.rodata*)
                0x0000000020001098                . = ALIGN (0x4)
 *(.data*)
 .data.striped_spin_lock_num
                0x0000000020001098        0x1 CMakeFiles/sdanalyst.dir/home/miguel/pico/pico-sdk/src/rp2_common/hardware_sync/sync.c.o
 *fill*         0x0000000020001099        0x3 
 .data          0x000000002000109c       0x48 CMakeFiles/sdanalyst.dir/home/miguel/pico/pico-sdk/src/rp2_common/hardware_irq/irq_handler_chain.S.o
                0x000000002000109c                irq_handler_chain_slots
                0x00000000200010cc                irq_handler_chain_first_slot
                0x00000000200010d6                irq_handler_chain_remove_tail
 .data.default_alarm_pool
                0x00000000200010e4       0x18 CMakeFiles/sdanalyst.dir/home/miguel/pico/pico-sdk/src/common/pico_time/time.c.o
 *fill*         0x00000000200010fc        0x4 
 .data.aeabi_bits_funcs
                0x0000000020001100       0x10 CMakeFiles/sdanalyst.dir/home/miguel/pico/pico-sdk/src/rp2_common/pico_bit_ops/bit_ops_aeabi.S.o
                0x0000000020001100                aeabi_bits_funcs
                0x0000000020001110                aeabi_bits_funcs_end
 .data.aeabi_mem_funcs
                0x0000000020001110       0x10 CMakeFiles/sdanalyst.dir/home/miguel/pico/pico-sdk/src/rp2_common/pico_mem_ops/mem_ops_aeabi.S.o
                0x0000000020001110                aeabi_mem_funcs
                0x0000000020001120                aeabi_mem_funcs_end
 .data.stdio_usb
                0x0000000020001120       0x18 CMakeFiles/sdanalyst.dir/home/miguel/pico/pico-sdk/src/rp2_common/pico_stdio_usb/stdio_usb.c.o
                0x0000000020001120                stdio_usb
 .data._usbd_qdef
                0x0000000020001138       0x1c CMakeFiles/sdanalyst.dir/home/miguel/pico/pico-sdk/lib/tinyusb/src/device/usbd.c.o
                0x0000000020001138                _usbd_qdef
 .data._usbd_rhport
                0x0000000020001154        0x1 CMakeFiles/sdanalyst.dir/home/miguel/pico/pico-sdk/lib/tinyusb/src/device/usbd.c.o
                0x0000000020001158                . = ALIGN (0x4)
 *fill*         0x0000000020001155        0x3 
 *(.after_data.*)
                0x0000000020001158                . = ALIGN (0x4)
                0x0000000020001158                PROVIDE (__mutex_array_start = .)
 *(SORT_BY_NAME(.mutex_array.*))
 *(.mutex_array)
 .mutex_array   0x0000000020001158        0x8 CMakeFiles/sdanalyst.dir/home/miguel/pico/pico-sdk/src/rp2_common/pico_stdio/stdio.c.o
                0x0000000020001160                PROVIDE (__mutex_array_end = .)
                0x0000000020001160                . = ALIGN (0x4)
 *(.jcr)
                0x0000000020001160                . = ALIGN (0x4)

.tm_clone_table
                0x0000000020001160        0x0 load address 0x000000001000ab40
 .tm_clone_table
                0x0000000020001160        0x0 /usr/lib/gcc/arm-none-eabi/10.3.1/thumb/v6-m/nofp/crtbegin.o
 .tm_clone_table
                0x0000000020001160        0x0 /usr/lib/gcc/arm-none-eabi/10.3.1/thumb/v6-m/nofp/crtend.o

.igot.plt       0x0000000020001160        0x0 load address 0x000000001000ab40
 .igot.plt      0x0000000020001160        0x0 /usr/lib/gcc/arm-none-eabi/10.3.1/thumb/v6-m/nofp/crtbegin.o

.tdata          0x0000000020001160        0x0 load address 0x000000001000ab40
                0x0000000020001160                . = ALIGN (0x4)
 *(.tdata .tdata.* .gnu.linkonce.td.*)
                0x0000000020001160                __tdata_end = .
                0x0000000020001160                PROVIDE (__data_end__ = .)
                0x0000000010009aa0                __etext = LOADADDR (.data)

.tbss           0x0000000020001160        0x0 load address 0x000000001000ab40
                0x0000000020001160                . = ALIGN (0x4)
                0x0000000020001160                __bss_start__ = .
                0x0000000020001160                __tls_base = .
 *(.tbss .tbss.* .gnu.linkonce.tb.*)
 *(.tcommon)
                0x0000000020001160                __tls_end = .

.bss            0x0000000020001160      0xf2c load address 0x000000001000ab40
                0x0000000020001160                . = ALIGN (0x4)
                0x0000000020001160                __tbss_end = .
 *(SORT_BY_ALIGNMENT(SORT_BY_NAME(.bss*)))
 .bss.default_alarm_pool_entries
                0x0000000020001160      0x180 CMakeFiles/sdanalyst.dir/home/miguel/pico/pico-sdk/src/common/pico_time/time.c.o
 .bss.last_avail_time.1
                0x00000000200012e0        0x8 CMakeFiles/sdanalyst.dir/home/miguel/pico/pico-sdk/src/rp2_common/pico_stdio_usb/stdio_usb.c.o
 .bss.sd_table  0x00000000200012e8      0x100 CMakeFiles/sdanalyst.dir/home/miguel/pico/pico-sdk/src/rp2_common/pico_double/double_init_rom_rp2040.c.o
                0x00000000200012e8                sd_table
 .bss.sf_table  0x00000000200013e8      0x100 CMakeFiles/sdanalyst.dir/home/miguel/pico/pico-sdk/src/rp2_common/pico_float/float_init_rom_rp2040.c.o
                0x00000000200013e8                sf_table
 .bss           0x00000000200014e8       0x1c /usr/lib/gcc/arm-none-eabi/10.3.1/thumb/v6-m/nofp/crtbegin.o
 .bss._app_driver
                0x0000000020001504        0x4 CMakeFiles/sdanalyst.dir/home/miguel/pico/pico-sdk/lib/tinyusb/src/device/usbd.c.o
 .bss._cdcd_epbuf
                0x0000000020001508       0x80 CMakeFiles/sdanalyst.dir/home/miguel/pico/pico-sdk/lib/tinyusb/src/class/cdc/cdc_device.c.o
 .bss._cdcd_fifo_cfg
                0x0000000020001588        0x1 CMakeFiles/sdanalyst.dir/home/miguel/pico/pico-sdk/lib/tinyusb/src/class/cdc/cdc_device.c.o
 *fill*         0x0000000020001589        0x3 
 .bss._cdcd_itf
                0x000000002000158c       0xc8 CMakeFiles/sdanalyst.dir/home/miguel/pico/pico-sdk/lib/tinyusb/src/class/cdc/cdc_device.c.o
 .bss._ctrl_epbuf
                0x0000000020001654       0x40 CMakeFiles/sdanalyst.dir/home/miguel/pico/pico-sdk/lib/tinyusb/src/device/usbd_control.c.o
 .bss._ctrl_xfer
                0x0000000020001694       0x14 CMakeFiles/sdanalyst.dir/home/miguel/pico/pico-sdk/lib/tinyusb/src/device/usbd_control.c.o
 .bss._tusb_rhport_role
                0x00000000200016a8        0x2 CMakeFiles/sdanalyst.dir/home/miguel/pico/pico-sdk/lib/tinyusb/src/tusb.c.o
                0x00000000200016a8                _tusb_rhport_role
 *fill*         0x00000000200016aa        0x2 
 .bss._ubsd_mutexdef
                0x00000000200016ac        0x8 CMakeFiles/sdanalyst.dir/home/miguel/pico/pico-sdk/lib/tinyusb/src/device/usbd.c.o
 .bss._usbd_dev
                0x00000000200016b4       0x54 CMakeFiles/sdanalyst.dir/home/miguel/pico/pico-sdk/lib/tinyusb/src/device/usbd.c.o
 .bss._usbd_mutex
                0x0000000020001708        0x4 CMakeFiles/sdanalyst.dir/home/miguel/pico/pico-sdk/lib/tinyusb/src/device/usbd.c.o
 .bss._usbd_q   0x000000002000170c        0x4 CMakeFiles/sdanalyst.dir/home/miguel/pico/pico-sdk/lib/tinyusb/src/device/usbd.c.o
 .bss._usbd_qdef_buf
                0x0000000020001710       0xc0 CMakeFiles/sdanalyst.dir/home/miguel/pico/pico-sdk/lib/tinyusb/src/device/usbd.c.o
                0x0000000020001710                _usbd_qdef_buf
 .bss._vendord_epbuf
                0x00000000200017d0       0x80 CMakeFiles/sdanalyst.dir/home/miguel/pico/pico-sdk/lib/tinyusb/src/class/vendor/vendor_device.c.o
 .bss._vendord_itf
                0x0000000020001850      0x24c CMakeFiles/sdanalyst.dir/home/miguel/pico/pico-sdk/lib/tinyusb/src/class/vendor/vendor_device.c.o
 .bss.boot2_copyout
                0x0000000020001a9c      0x100 CMakeFiles/sdanalyst.dir/home/miguel/pico/pico-sdk/src/rp2_common/hardware_flash/flash.c.o
 .bss.chars_available_callback
                0x0000000020001b9c        0x4 CMakeFiles/sdanalyst.dir/home/miguel/pico/pico-sdk/src/rp2_common/pico_stdio_usb/stdio_usb.c.o
 .bss.chars_available_param
                0x0000000020001ba0        0x4 CMakeFiles/sdanalyst.dir/home/miguel/pico/pico-sdk/src/rp2_common/pico_stdio_usb/stdio_usb.c.o
 .bss.claimed   0x0000000020001ba4        0x4 CMakeFiles/sdanalyst.dir/home/miguel/pico/pico-sdk/src/rp2_common/hardware_sync/sync.c.o
 .bss.claimed   0x0000000020001ba8        0x1 CMakeFiles/sdanalyst.dir/home/miguel/pico/pico-sdk/src/rp2_common/hardware_timer/timer.c.o
 *fill*         0x0000000020001ba9        0x3 
 .bss.configured_freq
                0x0000000020001bac       0x28 CMakeFiles/sdanalyst.dir/home/miguel/pico/pico-sdk/src/rp2_common/hardware_clocks/clocks.c.o
 .bss.current_analysis
                0x0000000020001bd4       0x18 CMakeFiles/sdanalyst.dir/src/sd_analyzer.c.o
 .bss.desc_str.0
                0x0000000020001bec       0x28 CMakeFiles/sdanalyst.dir/home/miguel/pico/pico-sdk/src/rp2_common/pico_stdio_usb/stdio_usb_descriptors.c.o
 .bss.drivers   0x0000000020001c14        0x4 CMakeFiles/sdanalyst.dir/home/miguel/pico/pico-sdk/src/rp2_common/pico_stdio/stdio.c.o
 .bss.e15_last_sof
                0x0000000020001c18        0x4 CMakeFiles/sdanalyst.dir/home/miguel/pico/pico-sdk/lib/tinyusb/src/portable/raspberrypi/rp2040/rp2040_usb.c.o
                0x0000000020001c18                e15_last_sof
 .bss.filter    0x0000000020001c1c        0x4 CMakeFiles/sdanalyst.dir/home/miguel/pico/pico-sdk/src/rp2_common/pico_stdio/stdio.c.o
 .bss.hw_endpoints
                0x0000000020001c20      0x400 CMakeFiles/sdanalyst.dir/home/miguel/pico/pico-sdk/lib/tinyusb/src/portable/raspberrypi/rp2040/dcd_rp2040.c.o
 .bss.lazy_vsnprintf
                0x0000000020002020        0x4 CMakeFiles/sdanalyst.dir/home/miguel/pico/pico-sdk/src/rp2_common/pico_printf/printf.c.o
 .bss.load_value
                0x0000000020002024        0x4 CMakeFiles/sdanalyst.dir/home/miguel/pico/pico-sdk/src/rp2_common/hardware_watchdog/watchdog.c.o
 .bss.next_buffer_ptr
                0x0000000020002028        0x4 CMakeFiles/sdanalyst.dir/home/miguel/pico/pico-sdk/lib/tinyusb/src/portable/raspberrypi/rp2040/dcd_rp2040.c.o
 .bss.one_shot_timer_crit_sec
                0x000000002000202c        0x8 CMakeFiles/sdanalyst.dir/home/miguel/pico/pico-sdk/src/rp2_common/pico_stdio_usb/stdio_usb.c.o
 .bss.pools     0x0000000020002034       0x10 CMakeFiles/sdanalyst.dir/home/miguel/pico/pico-sdk/src/common/pico_time/time.c.o
 .bss.retrieved_id
                0x0000000020002044        0x8 CMakeFiles/sdanalyst.dir/home/miguel/pico/pico-sdk/src/rp2_common/pico_unique_id/unique_id.c.o
 .bss.sd_cs_pin
                0x000000002000204c        0x4 CMakeFiles/sdanalyst.dir/src/sd_card.c.o
 .bss.sd_info   0x0000000020002050        0xc CMakeFiles/sdanalyst.dir/src/sd_card.c.o
 .bss.sd_spi    0x000000002000205c        0x4 CMakeFiles/sdanalyst.dir/src/sd_card.c.o
 .bss.sf_clz_func
                0x0000000020002060        0x4 CMakeFiles/sdanalyst.dir/home/miguel/pico/pico-sdk/src/rp2_common/pico_double/double_init_rom_rp2040.c.o
                0x0000000020002060                sf_clz_func
 .bss.sleep_notifier
                0x0000000020002064        0x4 CMakeFiles/sdanalyst.dir/home/miguel/pico/pico-sdk/src/common/pico_time/time.c.o
 .bss.stdio_usb_mutex
                0x0000000020002068        0x8 CMakeFiles/sdanalyst.dir/home/miguel/pico/pico-sdk/src/rp2_common/pico_stdio_usb/stdio_usb.c.o
 .bss.usbd_serial_str
                0x0000000020002070       0x11 CMakeFiles/sdanalyst.dir/home/miguel/pico/pico-sdk/src/rp2_common/pico_stdio_usb/stdio_usb_descriptors.c.o
 .bss._app_driver_count
                0x0000000020002081        0x1 CMakeFiles/sdanalyst.dir/home/miguel/pico/pico-sdk/lib/tinyusb/src/device/usbd.c.o
 .bss._sof_enable